<html>
<body>
<pre>
<h1>µVision Build Log</h1>
<h2>Tool Versions:</h2>
IDE-Version: µVision V5.35.0.0
Copyright (C) 2021 ARM Ltd and ARM Germany GmbH. All rights reserved.
License Information: Tufts EECS, Tufts University, LIC=----
 
Tool Versions:
Toolchain:       MDK-Lite  Version: 5.35.0.2
Toolchain Path:  c:\Keil_v5\ARM\ARMCLANG\Bin
C Compiler:      ArmClang.exe V6.16
Assembler:       Armasm.exe V6.16
Linker/Locator:  ArmLink.exe V6.16
Library Manager: ArmAr.exe V6.16
Hex Converter:   FromElf.exe V6.16
CPU DLL:         SARMCM3.DLL V5.35.0.2
Dialog DLL:      DCM.DLL V1.17.3.0
Target DLL:      STLink\ST-LINKIII-KEIL_SWO.dll V3.0.9.0
Dialog DLL:      TCM.DLL V1.53.0.0
 
<h2>Project:</h2>
Z:\ee14\Remy_gyro\ee14finalproject\gyrotest.uvprojx
Project File Date:  04/24/2024

<h2>Output:</h2>
*** Using Compiler 'V6.16', folder: 'c:\Keil_v5\ARM\ARMCLANG\Bin'
Build target 'Target 1'
main.c(4): warning: In file included from...
./gyro.h(23): warning: no newline at end of file [-Wnewline-eof]
#endif /* __STM32L476G_DISCOVERY_GYRO_L3GD20_H */
                                                 ^
1 warning generated.
compiling main.c...
SysTick.c(3): warning: In file included from...
./Interface.h(8): warning: In file included from...
./gyro.h(23): warning: no newline at end of file [-Wnewline-eof]
#endif /* __STM32L476G_DISCOVERY_GYRO_L3GD20_H */
                                                 ^
SysTick.c(7): warning: no previous extern declaration for non-static variable 'minCount' [-Wmissing-variable-declarations]
volatile int minCount = 5999;
             ^
SysTick.c(7): note: declare 'static' if the variable is not intended to be used outside of this translation unit
volatile int minCount = 5999;
         ^
2 warnings generated.
compiling SysTick.c...
Interface.c(1): warning: In file included from...
./Interface.h(8): warning: In file included from...
./gyro.h(23): warning: no newline at end of file [-Wnewline-eof]
#endif /* __STM32L476G_DISCOVERY_GYRO_L3GD20_H */
                                                 ^
Interface.c(4): warning: no previous extern declaration for non-static variable 'screen_select' [-Wmissing-variable-declarations]
volatile uint8_t screen_select = 0;
                 ^
Interface.c(4): note: declare 'static' if the variable is not intended to be used outside of this translation unit
volatile uint8_t screen_select = 0;
         ^
Interface.c(11): warning: implicit conversion changes signedness: 'int' to 'unsigned int' [-Wsign-conversion]
        GPIOA->MODER &= ~0xFF;                          // ports 0-3
                     ~~ ^~~~~
Interface.c(12): warning: implicit conversion changes signedness: 'int' to 'unsigned int' [-Wsign-conversion]
        GPIOA->MODER &= ~(3 << 10);             // ports 5
                     ~~ ^~~~~~~~~~
Interface.c(15): warning: implicit conversion changes signedness: 'int' to 'unsigned int' [-Wsign-conversion]
        GPIOA->PUPDR &= ~0xCFC;
                     ~~ ^~~~~~
5 warnings generated.
compiling Interface.c...
gyro.c(1): warning: In file included from...
./gyro.h(23): warning: no newline at end of file [-Wnewline-eof]
#endif /* __STM32L476G_DISCOVERY_GYRO_L3GD20_H */
                                                 ^
gyro.c(100): warning: implicit conversion loses integer precision: 'int' to 'uint8_t' (aka 'unsigned char') [-Wimplicit-int-conversion]
        uint8_t word = (RW << 7) | (MS << 6);   // 0x80
                ~~~~   ~~~~~~~~~~^~~~~~~~~~~
gyro.c(146): warning: implicit conversion loses integer precision: 'int' to 'uint8_t' (aka 'unsigned char') [-Wimplicit-int-conversion]
        uint8_t word = (RW << 7) | (MS << 6);
                ~~~~   ~~~~~~~~~~^~~~~~~~~~~
gyro.c(147): warning: unused variable 'value' [-Wunused-variable]
        uint8_t value = 0;
                ^
gyro.c(346): warning: implicit conversion loses floating-point precision: 'double' to 'float' [-Wimplicit-float-conversion]
        return axis_data * sens_table[level] * 0.001;
        ~~~~~~ ~~~~~~~~~~~~~~~~~~~~~~~~~~~~~~^~~~~~~
gyro.c(346): warning: implicit conversion increases floating-point precision: 'float' to 'double' [-Wdouble-promotion]
        return axis_data * sens_table[level] * 0.001;
               ~~~~~~~~~~^~~~~~~~~~~~~~~~~~~ ~
gyro.c(353): warning: implicit conversion turns floating-point number into integer: 'float' to 'int16_t' (aka 'short') [-Wfloat-conversion]
        return scaler(x, 0);
               ~~~~~~ ^
gyro.c(360): warning: implicit conversion turns floating-point number into integer: 'float' to 'int16_t' (aka 'short') [-Wfloat-conversion]
        return scaler(y, 0);
               ~~~~~~ ^
gyro.c(367): warning: implicit conversion turns floating-point number into integer: 'float' to 'int16_t' (aka 'short') [-Wfloat-conversion]
        return scaler(z, 0);
               ~~~~~~ ^
gyro.c(390): warning: no newline at end of file [-Wnewline-eof]
}
 ^
10 warnings generated.
compiling gyro.c...
LCD.c(5): warning: no previous extern declaration for non-static variable 'mornAft' [-Wmissing-variable-declarations]
char mornAft = 'A';
     ^
LCD.c(5): note: declare 'static' if the variable is not intended to be used outside of this translation unit
char mornAft = 'A';
^
LCD.c(6): warning: no previous extern declaration for non-static variable 'AmPm_flag' [-Wmissing-variable-declarations]
uint8_t AmPm_flag = 0;
        ^
LCD.c(6): note: declare 'static' if the variable is not intended to be used outside of this translation unit
uint8_t AmPm_flag = 0;
^
LCD.c(54): warning: no previous extern declaration for non-static variable 'CapLetterMap' [-Wmissing-variable-declarations]
const uint16_t CapLetterMap[26] = {
               ^
LCD.c(54): note: declare 'static' if the variable is not intended to be used outside of this translation unit
const uint16_t CapLetterMap[26] = {
      ^
LCD.c(64): warning: no previous extern declaration for non-static variable 'NumberMap' [-Wmissing-variable-declarations]
const uint16_t NumberMap[10] = {
               ^
LCD.c(64): note: declare 'static' if the variable is not intended to be used outside of this translation unit
const uint16_t NumberMap[10] = {
      ^
LCD.c(72): warning: no previous extern declaration for non-static variable 'BAR' [-Wmissing-variable-declarations]
uint8_t BAR = 0;
        ^
LCD.c(72): note: declare 'static' if the variable is not intended to be used outside of this translation unit
uint8_t BAR = 0;
^
LCD.c(164): warning: implicit conversion changes signedness: 'int' to 'unsigned int' [-Wsign-conversion]
        GPIOB->AFR[0] &= ~(0x00FF00FF);
                      ~~ ^~~~~~~~~~~~~
LCD.c(170): warning: implicit conversion changes signedness: 'int' to 'unsigned int' [-Wsign-conversion]
        GPIOC->MODER &= ~(0x0003FFC0);
                     ~~ ^~~~~~~~~~~~~
LCD.c(176): warning: implicit conversion changes signedness: 'int' to 'unsigned int' [-Wsign-conversion]
        GPIOC->AFR[1] &= ~(0x0000000F);
                      ~~ ^~~~~~~~~~~~~
LCD.c(184): warning: implicit conversion changes signedness: 'int' to 'unsigned int' [-Wsign-conversion]
        GPIOD->AFR[0] &= ~(0x00000000);
                      ~~ ^~~~~~~~~~~~~
LCD.c(223): warning: declaration shadows a variable in the global scope [-Wshadow]
        int pos = 0;
            ^
./SysTick.h(10): note: previous declaration is here
extern volatile int pos;
                    ^
LCD.c(226): warning: implicit conversion loses integer precision: 'int' to 'uint8_t' (aka 'unsigned char') [-Wimplicit-int-conversion]
                LCD_WriteChar(ptr, 0, 0, pos);
                ~~~~~~~~~~~~~            ^~~
LCD.c(233): warning: declaration shadows a variable in the global scope [-Wshadow]
void LCD_Display_Timer(int ms){
                           ^
./SysTick.h(7): note: previous declaration is here
extern volatile int ms;
                    ^
LCD.c(237): warning: implicit conversion changes signedness: 'int' to 'uint8_t' (aka 'unsigned char') [-Wsign-conversion]
        uint8_t s5 = 48 + s % 10;                                                       // 10ms place
                ~~   ~~~^~~~~~~~
LCD.c(238): warning: implicit conversion changes signedness: 'int' to 'uint8_t' (aka 'unsigned char') [-Wsign-conversion]
        uint8_t s4 = 48 + ((s % 100) / 10);             // 100ms place
                ~~   ~~~^~~~~~~~~~~~~~~~~~
LCD.c(239): warning: implicit conversion changes signedness: 'int' to 'uint8_t' (aka 'unsigned char') [-Wsign-conversion]
        uint8_t s3 = 48 + ((s % 1000) / 100);   // 1s place
                ~~   ~~~^~~~~~~~~~~~~~~~~~~~
LCD.c(240): warning: implicit conversion changes signedness: 'int' to 'uint8_t' (aka 'unsigned char') [-Wsign-conversion]
        uint8_t s2 = 48 + ((s % 10000) / 1000); // 10s place
                ~~   ~~~^~~~~~~~~~~~~~~~~~~~~~
LCD.c(241): warning: implicit conversion changes signedness: 'int' to 'uint8_t' (aka 'unsigned char') [-Wsign-conversion]
        uint8_t m1 = 48 + m % 10;                                                       // 1min place
                ~~   ~~~^~~~~~~~
LCD.c(242): warning: implicit conversion changes signedness: 'int' to 'uint8_t' (aka 'unsigned char') [-Wsign-conversion]
        uint8_t m0 = 48 + ((m % 100) / 10);             // 10min place
                ~~   ~~~^~~~~~~~~~~~~~~~~~
LCD.c(256): warning: implicit conversion changes signedness: 'int' to 'uint8_t' (aka 'unsigned char') [-Wsign-conversion]
        uint8_t digit0 = 48 + steps % 10;                                                       // 1s place
                ~~~~~~   ~~~^~~~~~~~~~~~
LCD.c(257): warning: implicit conversion changes signedness: 'int' to 'uint8_t' (aka 'unsigned char') [-Wsign-conversion]
        uint8_t digit1 = 48 + steps % 100 / 10;                                 // 10s place
                ~~~~~~   ~~~^~~~~~~~~~~~~~~~~~
LCD.c(258): warning: implicit conversion changes signedness: 'int' to 'uint8_t' (aka 'unsigned char') [-Wsign-conversion]
        uint8_t digit2 = 48 + steps % 1000 / 100;                       // 100s place
                ~~~~~~   ~~~^~~~~~~~~~~~~~~~~~~~
LCD.c(259): warning: implicit conversion changes signedness: 'int' to 'uint8_t' (aka 'unsigned char') [-Wsign-conversion]
        uint8_t digit3 = 48 + steps % 10000 / 1000;             // 1,000s place
                ~~~~~~   ~~~^~~~~~~~~~~~~~~~~~~~~~
LCD.c(260): warning: implicit conversion changes signedness: 'int' to 'uint8_t' (aka 'unsigned char') [-Wsign-conversion]
        uint8_t digit4 = 48 + steps % 100000 / 10000;   // 10,000s place
                ~~~~~~   ~~~^~~~~~~~~~~~~~~~~~~~~~~~
LCD.c(261): warning: implicit conversion changes signedness: 'int' to 'uint8_t' (aka 'unsigned char') [-Wsign-conversion]
        uint8_t digit5 = 48 + steps % 1000000 / 100000; // 100,000s place
                ~~~~~~   ~~~^~~~~~~~~~~~~~~~~~~~~~~~~~
LCD.c(280): warning: implicit conversion changes signedness: 'int' to 'uint8_t' (aka 'unsigned char') [-Wsign-conversion]
        uint8_t min0 = 48 + minutes % 10; // 1 min place
                ~~~~   ~~~^~~~~~~~~~~~~~
LCD.c(281): warning: implicit conversion loses integer precision: 'int' to 'uint8_t' (aka 'unsigned char') [-Wimplicit-int-conversion]
        uint8_t min1 = 48 + minutes / 10; // 10 min place
                ~~~~   ~~~^~~~~~~~~~~~~~
LCD.c(282): warning: implicit conversion changes signedness: 'int' to 'uint8_t' (aka 'unsigned char') [-Wsign-conversion]
        uint8_t hr0 = 48 + hours % 10;          // 1 hr place
                ~~~   ~~~^~~~~~~~~~~~
LCD.c(283): warning: implicit conversion loses integer precision: 'int' to 'uint8_t' (aka 'unsigned char') [-Wimplicit-int-conversion]
        uint8_t hr1 = 48 + hours / 10;          // 10 hr place
                ~~~   ~~~^~~~~~~~~~~~
LCD.c(300): warning: passing 'char *' to parameter of type 'uint8_t *' (aka 'unsigned char *') converts between pointers to integer types where one is of the unique plain 'char' type and the other is not [-Wpointer-sign]
        LCD_WriteChar(&m, 0, 0, 5);
                      ^~
./LCD.h(16): note: passing argument to parameter 'ch' here
void LCD_WriteChar(uint8_t* ch, bool point, bool colon, uint8_t position);
                            ^
LCD.c(301): warning: passing 'char *' to parameter of type 'uint8_t *' (aka 'unsigned char *') converts between pointers to integer types where one is of the unique plain 'char' type and the other is not [-Wpointer-sign]
        LCD_WriteChar(&mornAft, 0, 0, 4);
                      ^~~~~~~~
./LCD.h(16): note: passing argument to parameter 'ch' here
void LCD_WriteChar(uint8_t* ch, bool point, bool colon, uint8_t position);
                            ^
LCD.c(418): warning: while loop has empty body [-Wempty-body]
        while ((LCD->SR & LCD_SR_UDR) != 0); // Wait for Update Display Request Bit
                                           ^
LCD.c(418): note: put the semicolon on a separate line to silence this warning
LCD.c(491): warning: illegal character encoding in character literal [-Winvalid-source-encoding]
    case '<B5>' :
         ^
LCD.c(507): warning: illegal character encoding in character literal [-Winvalid-source-encoding]
    case '<B0>' :
         ^
LCD.c(594): warning: implicit conversion changes signedness: 'int' to 'unsigned int' [-Wsign-conversion]
      LCD->RAM[0] |= ((digit[0] & 0x1) << 4) | (((digit[0] & 0x2) >> 1) << 23) | (((digit[0] & 0x4) >> 2) << 22) | (((digit[0] & 0x8) >> 3) << 3);
                  ~~ ~~~~~~~~~~~~~~~~~~~~~~~~~~~~~~~~~~~~~~~~~~~~~~~~~~~~~~~~~~~~~~~~~~~~~~~~~~~~~~~~~~~~~~~~~~~~^~~~~~~~~~~~~~~~~~~~~~~~~~~~~~~~
LCD.c(596): warning: implicit conversion changes signedness: 'int' to 'unsigned int' [-Wsign-conversion]
      LCD->RAM[2] |= ((digit[1] & 0x1) << 4) | (((digit[1] & 0x2) >> 1) << 23) | (((digit[1] & 0x4) >> 2) << 22) | (((digit[1] & 0x8) >> 3) << 3);
                  ~~ ~~~~~~~~~~~~~~~~~~~~~~~~~~~~~~~~~~~~~~~~~~~~~~~~~~~~~~~~~~~~~~~~~~~~~~~~~~~~~~~~~~~~~~~~~~~~^~~~~~~~~~~~~~~~~~~~~~~~~~~~~~~~
LCD.c(598): warning: implicit conversion changes signedness: 'int' to 'unsigned int' [-Wsign-conversion]
      LCD->RAM[4] |= ((digit[2] & 0x1) << 4) | (((digit[2] & 0x2) >> 1) << 23) | (((digit[2] & 0x4) >> 2) << 22) | (((digit[2] & 0x8) >> 3) << 3);
                  ~~ ~~~~~~~~~~~~~~~~~~~~~~~~~~~~~~~~~~~~~~~~~~~~~~~~~~~~~~~~~~~~~~~~~~~~~~~~~~~~~~~~~~~~~~~~~~~~^~~~~~~~~~~~~~~~~~~~~~~~~~~~~~~~
LCD.c(600): warning: implicit conversion changes signedness: 'int' to 'unsigned int' [-Wsign-conversion]
      LCD->RAM[6] |= ((digit[3] & 0x1) << 4) | (((digit[3] & 0x2) >> 1) << 23) | (((digit[3] & 0x4) >> 2) << 22) | (((digit[3] & 0x8) >> 3) << 3);
                  ~~ ~~~~~~~~~~~~~~~~~~~~~~~~~~~~~~~~~~~~~~~~~~~~~~~~~~~~~~~~~~~~~~~~~~~~~~~~~~~~~~~~~~~~~~~~~~~~^~~~~~~~~~~~~~~~~~~~~~~~~~~~~~~~
LCD.c(612): warning: implicit conversion changes signedness: 'int' to 'unsigned int' [-Wsign-conversion]
      LCD->RAM[0] |= ((digit[0] & 0x1) << 6) | (((digit[0] & 0x2) >> 1) << 13) | (((digit[0] & 0x4) >> 2) << 12) | (((digit[0] & 0x8) >> 3) << 5);
                  ~~ ~~~~~~~~~~~~~~~~~~~~~~~~~~~~~~~~~~~~~~~~~~~~~~~~~~~~~~~~~~~~~~~~~~~~~~~~~~~~~~~~~~~~~~~~~~~~^~~~~~~~~~~~~~~~~~~~~~~~~~~~~~~~
LCD.c(614): warning: implicit conversion changes signedness: 'int' to 'unsigned int' [-Wsign-conversion]
      LCD->RAM[2] |= ((digit[1] & 0x1) << 6) | (((digit[1] & 0x2) >> 1) << 13) | (((digit[1] & 0x4) >> 2) << 12) | (((digit[1] & 0x8) >> 3) << 5);
                  ~~ ~~~~~~~~~~~~~~~~~~~~~~~~~~~~~~~~~~~~~~~~~~~~~~~~~~~~~~~~~~~~~~~~~~~~~~~~~~~~~~~~~~~~~~~~~~~~^~~~~~~~~~~~~~~~~~~~~~~~~~~~~~~~
LCD.c(616): warning: implicit conversion changes signedness: 'int' to 'unsigned int' [-Wsign-conversion]
      LCD->RAM[4] |= ((digit[2] & 0x1) << 6) | (((digit[2] & 0x2) >> 1) << 13) | (((digit[2] & 0x4) >> 2) << 12) | (((digit[2] & 0x8) >> 3) << 5);
                  ~~ ~~~~~~~~~~~~~~~~~~~~~~~~~~~~~~~~~~~~~~~~~~~~~~~~~~~~~~~~~~~~~~~~~~~~~~~~~~~~~~~~~~~~~~~~~~~~^~~~~~~~~~~~~~~~~~~~~~~~~~~~~~~~
LCD.c(618): warning: implicit conversion changes signedness: 'int' to 'unsigned int' [-Wsign-conversion]
      LCD->RAM[6] |= ((digit[3] & 0x1) << 6) | (((digit[3] & 0x2) >> 1) << 13) | (((digit[3] & 0x4) >> 2) << 12) | (((digit[3] & 0x8) >> 3) << 5);
                  ~~ ~~~~~~~~~~~~~~~~~~~~~~~~~~~~~~~~~~~~~~~~~~~~~~~~~~~~~~~~~~~~~~~~~~~~~~~~~~~~~~~~~~~~~~~~~~~~^~~~~~~~~~~~~~~~~~~~~~~~~~~~~~~~
LCD.c(630): warning: implicit conversion changes signedness: 'int' to 'unsigned int' [-Wsign-conversion]
      LCD->RAM[0] |= ((digit[0] & 0x1) << 15) | (((digit[0] & 0x2) >> 1) << 29) | (((digit[0] & 0x4) >> 2) << 28) | (((digit[0] & 0x8) >> 3) << 14);
                  ~~ ~~~~~~~~~~~~~~~~~~~~~~~~~~~~~~~~~~~~~~~~~~~~~~~~~~~~~~~~~~~~~~~~~~~~~~~~~~~~~~~~~~~~~~~~~~~~~^~~~~~~~~~~~~~~~~~~~~~~~~~~~~~~~~
LCD.c(632): warning: implicit conversion changes signedness: 'int' to 'unsigned int' [-Wsign-conversion]
      LCD->RAM[2] |= ((digit[1] & 0x1) << 15) | (((digit[1] & 0x2) >> 1) << 29) | (((digit[1] & 0x4) >> 2) << 28) | (((digit[1] & 0x8) >> 3) << 14);
                  ~~ ~~~~~~~~~~~~~~~~~~~~~~~~~~~~~~~~~~~~~~~~~~~~~~~~~~~~~~~~~~~~~~~~~~~~~~~~~~~~~~~~~~~~~~~~~~~~~^~~~~~~~~~~~~~~~~~~~~~~~~~~~~~~~~
LCD.c(634): warning: implicit conversion changes signedness: 'int' to 'unsigned int' [-Wsign-conversion]
      LCD->RAM[4] |= ((digit[2] & 0x1) << 15) | (((digit[2] & 0x2) >> 1) << 29) | (((digit[2] & 0x4) >> 2) << 28) | (((digit[2] & 0x8) >> 3) << 14);
                  ~~ ~~~~~~~~~~~~~~~~~~~~~~~~~~~~~~~~~~~~~~~~~~~~~~~~~~~~~~~~~~~~~~~~~~~~~~~~~~~~~~~~~~~~~~~~~~~~~^~~~~~~~~~~~~~~~~~~~~~~~~~~~~~~~~
LCD.c(636): warning: implicit conversion changes signedness: 'int' to 'unsigned int' [-Wsign-conversion]
      LCD->RAM[6] |= ((digit[3] & 0x1) << 15) | (((digit[3] & 0x2) >> 1) << 29) | (((digit[3] & 0x4) >> 2) << 28) | (((digit[3] & 0x8) >> 3) << 14);
                  ~~ ~~~~~~~~~~~~~~~~~~~~~~~~~~~~~~~~~~~~~~~~~~~~~~~~~~~~~~~~~~~~~~~~~~~~~~~~~~~~~~~~~~~~~~~~~~~~~^~~~~~~~~~~~~~~~~~~~~~~~~~~~~~~~~
LCD.c(652): warning: implicit conversion changes signedness: 'int' to 'unsigned int' [-Wsign-conversion]
      LCD->RAM[0] |= ((digit[0] & 0x1) << 31) | (((digit[0] & 0x8) >> 3) << 30);
                  ~~ ~~~~~~~~~~~~~~~~~~~~~~~~~^~~~~~~~~~~~~~~~~~~~~~~~~~~~~~~~~
LCD.c(653): warning: implicit conversion changes signedness: 'int' to 'unsigned int' [-Wsign-conversion]
                        LCD->RAM[1] |= (((digit[0] & 0x2) >> 1) << 1) | (((digit[0] & 0x4) >> 2) << 0);
                                    ~~ ~~~~~~~~~~~~~~~~~~~~~~~~~~~~~~~^~~~~~~~~~~~~~~~~~~~~~~~~~~~~~~~
LCD.c(655): warning: implicit conversion changes signedness: 'int' to 'unsigned int' [-Wsign-conversion]
      LCD->RAM[2] |= ((digit[1] & 0x1) << 31) | (((digit[1] & 0x8) >> 3) << 30);
                  ~~ ~~~~~~~~~~~~~~~~~~~~~~~~~^~~~~~~~~~~~~~~~~~~~~~~~~~~~~~~~~
LCD.c(656): warning: implicit conversion changes signedness: 'int' to 'unsigned int' [-Wsign-conversion]
                        LCD->RAM[3] |= (((digit[1] & 0x2) >> 1) << 1) | (((digit[1] & 0x4) >> 2) << 0);
                                    ~~ ~~~~~~~~~~~~~~~~~~~~~~~~~~~~~~~^~~~~~~~~~~~~~~~~~~~~~~~~~~~~~~~
LCD.c(658): warning: implicit conversion changes signedness: 'int' to 'unsigned int' [-Wsign-conversion]
      LCD->RAM[4] |= ((digit[2] & 0x1) << 31) | (((digit[2] & 0x8) >> 3) << 30);
                  ~~ ~~~~~~~~~~~~~~~~~~~~~~~~~^~~~~~~~~~~~~~~~~~~~~~~~~~~~~~~~~
LCD.c(659): warning: implicit conversion changes signedness: 'int' to 'unsigned int' [-Wsign-conversion]
                        LCD->RAM[5] |= (((digit[2] & 0x2) >> 1) << 1) | (((digit[2] & 0x4) >> 2) << 0);
                                    ~~ ~~~~~~~~~~~~~~~~~~~~~~~~~~~~~~~^~~~~~~~~~~~~~~~~~~~~~~~~~~~~~~~
LCD.c(661): warning: implicit conversion changes signedness: 'int' to 'unsigned int' [-Wsign-conversion]
      LCD->RAM[6] |= ((digit[3] & 0x1) << 31) | (((digit[3] & 0x8) >> 3) << 30);
                  ~~ ~~~~~~~~~~~~~~~~~~~~~~~~~^~~~~~~~~~~~~~~~~~~~~~~~~~~~~~~~~
LCD.c(662): warning: implicit conversion changes signedness: 'int' to 'unsigned int' [-Wsign-conversion]
                        LCD->RAM[7] |= (((digit[3] & 0x2) >> 1) << 1) | (((digit[3] & 0x4) >> 2) << 0);
                                    ~~ ~~~~~~~~~~~~~~~~~~~~~~~~~~~~~~~^~~~~~~~~~~~~~~~~~~~~~~~~~~~~~~~
LCD.c(678): warning: implicit conversion changes signedness: 'int' to 'unsigned int' [-Wsign-conversion]
      LCD->RAM[0] |= (((digit[0] & 0x2) >> 1) << 25) | (((digit[0] & 0x4) >> 2) << 24);
                  ~~ ~~~~~~~~~~~~~~~~~~~~~~~~~~~~~~~~^~~~~~~~~~~~~~~~~~~~~~~~~~~~~~~~~
LCD.c(679): warning: implicit conversion changes signedness: 'int' to 'unsigned int' [-Wsign-conversion]
                        LCD->RAM[1] |= ((digit[0] & 0x1) << 3) | (((digit[0] & 0x8) >> 3) << 2);
                                    ~~ ~~~~~~~~~~~~~~~~~~~~~~~~^~~~~~~~~~~~~~~~~~~~~~~~~~~~~~~~
LCD.c(681): warning: implicit conversion changes signedness: 'int' to 'unsigned int' [-Wsign-conversion]
      LCD->RAM[2] |= (((digit[1] & 0x2) >> 1) << 25) | (((digit[1] & 0x4) >> 2) << 24);
                  ~~ ~~~~~~~~~~~~~~~~~~~~~~~~~~~~~~~~^~~~~~~~~~~~~~~~~~~~~~~~~~~~~~~~~
LCD.c(682): warning: implicit conversion changes signedness: 'int' to 'unsigned int' [-Wsign-conversion]
                        LCD->RAM[3] |= ((digit[1] & 0x1) << 3) | (((digit[1] & 0x8) >> 3) << 2);
                                    ~~ ~~~~~~~~~~~~~~~~~~~~~~~~^~~~~~~~~~~~~~~~~~~~~~~~~~~~~~~~
LCD.c(684): warning: implicit conversion changes signedness: 'int' to 'unsigned int' [-Wsign-conversion]
      LCD->RAM[4] |= (((digit[2] & 0x2) >> 1) << 25) | (((digit[2] & 0x4) >> 2) << 24);
                  ~~ ~~~~~~~~~~~~~~~~~~~~~~~~~~~~~~~~^~~~~~~~~~~~~~~~~~~~~~~~~~~~~~~~~
LCD.c(685): warning: implicit conversion changes signedness: 'int' to 'unsigned int' [-Wsign-conversion]
                        LCD->RAM[5] |= ((digit[2] & 0x1) << 3) | (((digit[2] & 0x8) >> 3) << 2);
                                    ~~ ~~~~~~~~~~~~~~~~~~~~~~~~^~~~~~~~~~~~~~~~~~~~~~~~~~~~~~~~
LCD.c(687): warning: implicit conversion changes signedness: 'int' to 'unsigned int' [-Wsign-conversion]
      LCD->RAM[6] |= (((digit[3] & 0x2) >> 1) << 25) | (((digit[3] & 0x4) >> 2) << 24);
                  ~~ ~~~~~~~~~~~~~~~~~~~~~~~~~~~~~~~~^~~~~~~~~~~~~~~~~~~~~~~~~~~~~~~~~
LCD.c(688): warning: implicit conversion changes signedness: 'int' to 'unsigned int' [-Wsign-conversion]
                        LCD->RAM[7] |= ((digit[3] & 0x1) << 3) | (((digit[3] & 0x8) >> 3) << 2);
                                    ~~ ~~~~~~~~~~~~~~~~~~~~~~~~^~~~~~~~~~~~~~~~~~~~~~~~~~~~~~~~
LCD.c(700): warning: implicit conversion changes signedness: 'int' to 'unsigned int' [-Wsign-conversion]
      LCD->RAM[0] |= ((digit[0] & 0x1) << 17) | (((digit[0] & 0x2) >> 1) << 8) | (((digit[0] & 0x4) >> 2) << 9) | (((digit[0] & 0x8) >> 3) << 26);
                  ~~ ~~~~~~~~~~~~~~~~~~~~~~~~~~~~~~~~~~~~~~~~~~~~~~~~~~~~~~~~~~~~~~~~~~~~~~~~~~~~~~~~~~~~~~~~~~~^~~~~~~~~~~~~~~~~~~~~~~~~~~~~~~~~
LCD.c(702): warning: implicit conversion changes signedness: 'int' to 'unsigned int' [-Wsign-conversion]
      LCD->RAM[2] |= ((digit[1] & 0x1) << 17) | (((digit[1] & 0x2) >> 1) << 8) | (((digit[1] & 0x4) >> 2) << 9) | (((digit[1] & 0x8) >> 3) << 26);
                  ~~ ~~~~~~~~~~~~~~~~~~~~~~~~~~~~~~~~~~~~~~~~~~~~~~~~~~~~~~~~~~~~~~~~~~~~~~~~~~~~~~~~~~~~~~~~~~~^~~~~~~~~~~~~~~~~~~~~~~~~~~~~~~~~
LCD.c(704): warning: implicit conversion changes signedness: 'int' to 'unsigned int' [-Wsign-conversion]
      LCD->RAM[4] |= ((digit[2] & 0x1) << 17) | (((digit[2] & 0x2) >> 1) << 8) | (((digit[2] & 0x4) >> 2) << 9) | (((digit[2] & 0x8) >> 3) << 26);
                  ~~ ~~~~~~~~~~~~~~~~~~~~~~~~~~~~~~~~~~~~~~~~~~~~~~~~~~~~~~~~~~~~~~~~~~~~~~~~~~~~~~~~~~~~~~~~~~~^~~~~~~~~~~~~~~~~~~~~~~~~~~~~~~~~
LCD.c(706): warning: implicit conversion changes signedness: 'int' to 'unsigned int' [-Wsign-conversion]
      LCD->RAM[6] |= ((digit[3] & 0x1) << 17) | (((digit[3] & 0x2) >> 1) << 8) | (((digit[3] & 0x4) >> 2) << 9) | (((digit[3] & 0x8) >> 3) << 26);
                  ~~ ~~~~~~~~~~~~~~~~~~~~~~~~~~~~~~~~~~~~~~~~~~~~~~~~~~~~~~~~~~~~~~~~~~~~~~~~~~~~~~~~~~~~~~~~~~~^~~~~~~~~~~~~~~~~~~~~~~~~~~~~~~~~
65 warnings generated.
compiling LCD.c...
linking...
Program Size: Code=7186 RO-data=498 RW-data=12 ZI-data=1668  
FromELF: creating hex file...
".\Objects\gyrotest.axf" - 0 Error(s), 83 Warning(s).

<h2>Software Packages used:</h2>

Package Vendor: ARM
                https://www.keil.com/pack/ARM.CMSIS.6.0.0.pack
                ARM.CMSIS.6.0.0
                CMSIS (Common Microcontroller Software Interface Standard)
   * Component: CORE Version: 6.0.0

Package Vendor: Keil
                https://www.keil.com/pack/Keil.STM32L4xx_DFP.2.7.0.pack
                Keil.STM32L4xx_DFP.2.7.0
                STMicroelectronics STM32L4 Series Device Support, Drivers and Examples

<h2>Collection of Component include folders:</h2>
  .\RTE\_Target_1
  c:\Keil_v5\ARM\PACK\ARM\CMSIS\6.0.0\CMSIS\Core\Include
  c:\Keil_v5\ARM\PACK\Keil\STM32L4xx_DFP\2.7.0\Drivers\CMSIS\Device\ST\STM32L4xx\Include

<h2>Collection of Component Files used:</h2>

   * Component: ARM::CMSIS:CORE:6.0.0
Build Time Elapsed:  00:00:02
</pre>
</body>
</html>
