<html>
<body>
<pre>
<h1>µVision Build Log</h1>
<h2>Tool Versions:</h2>
IDE-Version: µVision V5.35.0.0
Copyright (C) 2021 ARM Ltd and ARM Germany GmbH. All rights reserved.
License Information: Tufts EECS, Tufts University, LIC=----
 
Tool Versions:
Toolchain:       MDK-Lite  Version: 5.35.0.2
Toolchain Path:  C:\Keil_v5\ARM\ARMCLANG\Bin
C Compiler:      ArmClang.exe V6.16
Assembler:       Armasm.exe V6.16
Linker/Locator:  ArmLink.exe V6.16
Library Manager: ArmAr.exe V6.16
Hex Converter:   FromElf.exe V6.16
CPU DLL:         SARMCM3.DLL V5.35.0.2
Dialog DLL:      DCM.DLL V1.17.3.0
Target DLL:      STLink\ST-LINKIII-KEIL_SWO.dll V3.0.9.0
Dialog DLL:      TCM.DLL V1.53.0.0
 
<h2>Project:</h2>
Z:\ee14\gyroaccel\gyrotest.uvprojx
Project File Date:  04/21/2024

<h2>Output:</h2>
*** Using Compiler 'V6.16', folder: 'C:\Keil_v5\ARM\ARMCLANG\Bin'
Build target 'Target 1'
main.c(2): warning: In file included from...
./SysTick.h(12): warning: no newline at end of file [-Wnewline-eof]
#endif /* __STM32L476G_DISCOVERY_SYSTICK_H */
                                             ^
main.c(5): warning: In file included from...
./gyro.h(23): warning: no newline at end of file [-Wnewline-eof]
#endif /* __STM32L476G_DISCOVERY_GYRO_L3GD20_H */
                                                 ^
main.c(29): warning: no previous prototype for function 'rightTurn' [-Wmissing-prototypes]
int rightTurn(void) {
    ^
main.c(29): note: declare 'static' if the function is not intended to be used outside of this translation unit
int rightTurn(void) {
^
static 
main.c(38): warning: no previous prototype for function 'leftTurn' [-Wmissing-prototypes]
int leftTurn(void) {
    ^
main.c(38): note: declare 'static' if the function is not intended to be used outside of this translation unit
int leftTurn(void) {
^
static 
main.c(69): warning: no newline at end of file [-Wnewline-eof]
}
 ^
main.c(52): warning: unused variable 'CENTER_SENS' [-Wunused-variable]
        const int CENTER_SENS = 2000;
                  ^
main.c(49): warning: unused variable 'UDTest' [-Wunused-variable]
        float UDTest = 0;
              ^
main.c(51): warning: unused variable 'Y' [-Wunused-variable]
        float Y = 0;
              ^
main.c(48): warning: unused variable 'LRTest' [-Wunused-variable]
        float LRTest = 0;
              ^
main.c(53): warning: unused variable 'PEDAL_SENS' [-Wunused-variable]
        const int PEDAL_SENS = 1500;
                  ^
main.c(50): warning: unused variable 'Z' [-Wunused-variable]
        float Z = 0;
              ^
main.c(26): warning: no previous extern declaration for non-static variable 'n' [-Wmissing-variable-declarations]
int n;
    ^
main.c(26): note: declare 'static' if the variable is not intended to be used outside of this translation unit
int n;
^
main.c(27): warning: no previous extern declaration for non-static variable 'buffer' [-Wmissing-variable-declarations]
uint8_t buffer[BufferSize];
        ^
main.c(27): note: declare 'static' if the variable is not intended to be used outside of this translation unit
uint8_t buffer[BufferSize];
^
13 warnings generated.
compiling main.c...
linking...
Program Size: Code=7866 RO-data=742 RW-data=0 ZI-data=1648  
FromELF: creating hex file...
".\Objects\gyrotest.axf" - 0 Error(s), 13 Warning(s).

<h2>Software Packages used:</h2>

Package Vendor: ARM
                http://www.keil.com/pack/ARM.CMSIS.5.8.0.pack
                ARM.CMSIS.5.8.0
                CMSIS (Common Microcontroller Software Interface Standard)
   * Component: CORE Version: 5.5.0

Package Vendor: Keil
                https://www.keil.com/pack/Keil.STM32L4xx_DFP.2.7.0.pack
                Keil.STM32L4xx_DFP.2.7.0
                STMicroelectronics STM32L4 Series Device Support, Drivers and Examples

<h2>Collection of Component include folders:</h2>
  .\RTE\_Target_1
  C:\Keil_v5\Packs\ARM\CMSIS\5.8.0\CMSIS\Core\Include
  C:\Keil_v5\Packs\Keil\STM32L4xx_DFP\2.7.0\Drivers\CMSIS\Device\ST\STM32L4xx\Include

<h2>Collection of Component Files used:</h2>

   * Component: ARM::CMSIS:CORE:5.5.0
Build Time Elapsed:  00:00:01
</pre>
</body>
</html>
