Component: ARM Compiler 6.16 Tool: armlink [5dfeaa00]

==============================================================================

Section Cross References

    main.o(.text.main) refers to systick.o(.text.clockInit) for clockInit
    main.o(.text.main) refers to systick.o(.text.SysTick_Initialize) for SysTick_Initialize
    main.o(.text.main) refers to interface.o(.text.joystick_Init) for joystick_Init
    main.o(.text.main) refers to lcd.o(.text.LCD_Initialization) for LCD_Initialization
    main.o(.text.main) refers to interface.o(.text.EXTI_Init) for EXTI_Init
    main.o(.text.main) refers to gyro.o(.text.initializeGyro) for initializeGyro
    main.o(.text.main) refers to interface.o(.text.drive_LCD) for drive_LCD
    main.o(.text.main) refers to gyro.o(.text.countSteps) for countSteps
    main.o(.ARM.exidx.text.main) refers to main.o(.text.main) for [Anonymous Symbol]
    gyro.o(.ARM.exidx.text.waitForNotBSY) refers to gyro.o(.text.waitForNotBSY) for [Anonymous Symbol]
    gyro.o(.ARM.exidx.text.waitForTXE) refers to gyro.o(.text.waitForTXE) for [Anonymous Symbol]
    gyro.o(.ARM.exidx.text.waitForRXEmpty) refers to gyro.o(.text.waitForRXEmpty) for [Anonymous Symbol]
    gyro.o(.text.readGyroRegister) refers to gyro.o(.text.waitForTXE) for waitForTXE
    gyro.o(.text.readGyroRegister) refers to gyro.o(.text.waitForNotBSY) for waitForNotBSY
    gyro.o(.text.readGyroRegister) refers to gyro.o(.text.waitForRXEmpty) for waitForRXEmpty
    gyro.o(.ARM.exidx.text.readGyroRegister) refers to gyro.o(.text.readGyroRegister) for [Anonymous Symbol]
    gyro.o(.text.writeGyroRegister) refers to gyro.o(.text.waitForTXE) for waitForTXE
    gyro.o(.text.writeGyroRegister) refers to gyro.o(.text.waitForNotBSY) for waitForNotBSY
    gyro.o(.text.writeGyroRegister) refers to gyro.o(.text.waitForRXEmpty) for waitForRXEmpty
    gyro.o(.text.writeGyroRegister) refers to uart.o(.text.USART_Delay) for USART_Delay
    gyro.o(.ARM.exidx.text.writeGyroRegister) refers to gyro.o(.text.writeGyroRegister) for [Anonymous Symbol]
    gyro.o(.ARM.exidx.text.initializeSPI2) refers to gyro.o(.text.initializeSPI2) for [Anonymous Symbol]
    gyro.o(.text.initializeGyro) refers to gyro.o(.text.initializeSPI2) for initializeSPI2
    gyro.o(.text.initializeGyro) refers to gyro.o(.text.readGyroRegister) for readGyroRegister
    gyro.o(.text.initializeGyro) refers to gyro.o(.text.writeGyroRegister) for writeGyroRegister
    gyro.o(.ARM.exidx.text.initializeGyro) refers to gyro.o(.text.initializeGyro) for [Anonymous Symbol]
    gyro.o(.text.readGyroLowHigh) refers to gyro.o(.text.readGyroRegister) for readGyroRegister
    gyro.o(.ARM.exidx.text.readGyroLowHigh) refers to gyro.o(.text.readGyroLowHigh) for [Anonymous Symbol]
    gyro.o(.text.scaler) refers to f2d.o(x$fpl$f2d) for __aeabi_f2d
    gyro.o(.text.scaler) refers to dmul.o(x$fpl$dmul) for __aeabi_dmul
    gyro.o(.text.scaler) refers to d2f.o(x$fpl$d2f) for __aeabi_d2f
    gyro.o(.ARM.exidx.text.scaler) refers to gyro.o(.text.scaler) for [Anonymous Symbol]
    gyro.o(.text.getX) refers to gyro.o(.text.readGyroLowHigh) for readGyroLowHigh
    gyro.o(.text.getX) refers to gyro.o(.text.scaler) for scaler
    gyro.o(.ARM.exidx.text.getX) refers to gyro.o(.text.getX) for [Anonymous Symbol]
    gyro.o(.text.getY) refers to gyro.o(.text.readGyroLowHigh) for readGyroLowHigh
    gyro.o(.text.getY) refers to gyro.o(.text.scaler) for scaler
    gyro.o(.ARM.exidx.text.getY) refers to gyro.o(.text.getY) for [Anonymous Symbol]
    gyro.o(.text.getZ) refers to gyro.o(.text.readGyroLowHigh) for readGyroLowHigh
    gyro.o(.text.getZ) refers to gyro.o(.text.scaler) for scaler
    gyro.o(.ARM.exidx.text.getZ) refers to gyro.o(.text.getZ) for [Anonymous Symbol]
    gyro.o(.text.countSteps) refers to gyro.o(.text.getZ) for getZ
    gyro.o(.text.countSteps) refers to gyro.o(.bss.lookingForNeg) for lookingForNeg
    gyro.o(.text.countSteps) refers to gyro.o(.bss.steps) for steps
    gyro.o(.ARM.exidx.text.countSteps) refers to gyro.o(.text.countSteps) for [Anonymous Symbol]
    systick.o(.text.SysTick_Initialize) refers to systick.o(.text.__NVIC_SetPriority) for __NVIC_SetPriority
    systick.o(.ARM.exidx.text.SysTick_Initialize) refers to systick.o(.text.SysTick_Initialize) for [Anonymous Symbol]
    systick.o(.ARM.exidx.text.__NVIC_SetPriority) refers to systick.o(.text.__NVIC_SetPriority) for [Anonymous Symbol]
    systick.o(.text.SysTick_Handler) refers to systick.o(.data.joy_pressed) for joy_pressed
    systick.o(.text.SysTick_Handler) refers to systick.o(.bss.ms) for ms
    systick.o(.text.SysTick_Handler) refers to systick.o(.bss.configuring) for configuring
    systick.o(.text.SysTick_Handler) refers to systick.o(.data.minCount) for minCount
    systick.o(.text.SysTick_Handler) refers to systick.o(.bss.min) for min
    systick.o(.ARM.exidx.text.SysTick_Handler) refers to systick.o(.text.SysTick_Handler) for [Anonymous Symbol]
[...]
    startup_stm32l476xx.o(RESET) refers (Special) to heapauxi.o(.text) for __use_two_region_memory
    startup_stm32l476xx.o(RESET) refers to startup_stm32l476xx.o(STACK) for __initial_sp
    startup_stm32l476xx.o(RESET) refers to startup_stm32l476xx.o(.text) for Reset_Handler
    startup_stm32l476xx.o(RESET) refers to systick.o(.text.SysTick_Handler) for SysTick_Handler
    startup_stm32l476xx.o(RESET) refers to interface.o(.text.EXTI0_IRQHandler) for EXTI0_IRQHandler
    startup_stm32l476xx.o(RESET) refers to interface.o(.text.EXTI1_IRQHandler) for EXTI1_IRQHandler
    startup_stm32l476xx.o(RESET) refers to interface.o(.text.EXTI2_IRQHandler) for EXTI2_IRQHandler
    startup_stm32l476xx.o(RESET) refers to interface.o(.text.EXTI3_IRQHandler) for EXTI3_IRQHandler
    startup_stm32l476xx.o(RESET) refers to interface.o(.text.EXTI9_5_IRQHandler) for EXTI9_5_IRQHandler
    startup_stm32l476xx.o(.text) refers (Special) to heapauxi.o(.text) for __use_two_region_memory
    startup_stm32l476xx.o(.text) refers to __main.o(!!!main) for __main
    startup_stm32l476xx.o(.text) refers to startup_stm32l476xx.o(HEAP) for Heap_Mem
    startup_stm32l476xx.o(.text) refers to startup_stm32l476xx.o(STACK) for Stack_Mem
    interface.o(.ARM.exidx.text.joystick_Init) refers to interface.o(.text.joystick_Init) for [Anonymous Symbol]
    interface.o(.text.EXTI_Init) refers to interface.o(.text.__NVIC_SetPriority) for __NVIC_SetPriority
    interface.o(.text.EXTI_Init) refers to interface.o(.text.__NVIC_EnableIRQ) for __NVIC_EnableIRQ
    interface.o(.ARM.exidx.text.EXTI_Init) refers to interface.o(.text.EXTI_Init) for [Anonymous Symbol]
    interface.o(.ARM.exidx.text.__NVIC_SetPriority) refers to interface.o(.text.__NVIC_SetPriority) for [Anonymous Symbol]
    interface.o(.ARM.exidx.text.__NVIC_EnableIRQ) refers to interface.o(.text.__NVIC_EnableIRQ) for [Anonymous Symbol]
    interface.o(.text.EXTI0_IRQHandler) refers to interface.o(.text.__NVIC_ClearPendingIRQ) for __NVIC_ClearPendingIRQ
    interface.o(.text.EXTI0_IRQHandler) refers to interface.o(.bss.screen_select) for screen_select
    interface.o(.text.EXTI0_IRQHandler) refers to systick.o(.data.joy_pressed) for joy_pressed
    interface.o(.text.EXTI0_IRQHandler) refers to systick.o(.bss.configuring) for configuring
    interface.o(.ARM.exidx.text.EXTI0_IRQHandler) refers to interface.o(.text.EXTI0_IRQHandler) for [Anonymous Symbol]
    interface.o(.ARM.exidx.text.__NVIC_ClearPendingIRQ) refers to interface.o(.text.__NVIC_ClearPendingIRQ) for [Anonymous Symbol]
    interface.o(.text.EXTI1_IRQHandler) refers to interface.o(.text.__NVIC_ClearPendingIRQ) for __NVIC_ClearPendingIRQ
    interface.o(.text.EXTI1_IRQHandler) refers to systick.o(.bss.configuring) for configuring
    interface.o(.text.EXTI1_IRQHandler) refers to systick.o(.bss.pos) for pos
    interface.o(.text.EXTI1_IRQHandler) refers to interface.o(.bss.screen_select) for screen_select
    interface.o(.ARM.exidx.text.EXTI1_IRQHandler) refers to interface.o(.text.EXTI1_IRQHandler) for [Anonymous Symbol]
    interface.o(.text.EXTI2_IRQHandler) refers to interface.o(.text.__NVIC_ClearPendingIRQ) for __NVIC_ClearPendingIRQ
    interface.o(.text.EXTI2_IRQHandler) refers to systick.o(.bss.configuring) for configuring
    interface.o(.text.EXTI2_IRQHandler) refers to systick.o(.bss.pos) for pos
    interface.o(.text.EXTI2_IRQHandler) refers to interface.o(.bss.screen_select) for screen_select
    interface.o(.ARM.exidx.text.EXTI2_IRQHandler) refers to interface.o(.text.EXTI2_IRQHandler) for [Anonymous Symbol]
    interface.o(.text.EXTI3_IRQHandler) refers to interface.o(.text.__NVIC_ClearPendingIRQ) for __NVIC_ClearPendingIRQ
    interface.o(.text.EXTI3_IRQHandler) refers to systick.o(.bss.configuring) for configuring
    interface.o(.text.EXTI3_IRQHandler) refers to lcd.o(.text.timeUp) for timeUp
    interface.o(.ARM.exidx.text.EXTI3_IRQHandler) refers to interface.o(.text.EXTI3_IRQHandler) for [Anonymous Symbol]
    interface.o(.text.EXTI9_5_IRQHandler) refers to interface.o(.text.__NVIC_ClearPendingIRQ) for __NVIC_ClearPendingIRQ
    interface.o(.text.EXTI9_5_IRQHandler) refers to interface.o(.bss.screen_select) for screen_select
    interface.o(.text.EXTI9_5_IRQHandler) refers to systick.o(.data.joy_pressed) for joy_pressed
    interface.o(.text.EXTI9_5_IRQHandler) refers to systick.o(.bss.ms) for ms
    interface.o(.text.EXTI9_5_IRQHandler) refers to gyro.o(.bss.steps) for steps
    interface.o(.text.EXTI9_5_IRQHandler) refers to systick.o(.bss.configuring) for configuring
    interface.o(.text.EXTI9_5_IRQHandler) refers to lcd.o(.text.timeDown) for timeDown
    interface.o(.ARM.exidx.text.EXTI9_5_IRQHandler) refers to interface.o(.text.EXTI9_5_IRQHandler) for [Anonymous Symbol]
    interface.o(.text.drive_LCD) refers to interface.o(.bss.screen_select) for screen_select
    interface.o(.text.drive_LCD) refers to gyro.o(.bss.steps) for steps
    interface.o(.text.drive_LCD) refers to lcd.o(.text.LCD_Display_Steps) for LCD_Display_Steps
    interface.o(.text.drive_LCD) refers to systick.o(.bss.min) for min
    interface.o(.text.drive_LCD) refers to lcd.o(.text.LCD_Display_TOD) for LCD_Display_TOD
    interface.o(.text.drive_LCD) refers to systick.o(.bss.ms) for ms
    interface.o(.text.drive_LCD) refers to lcd.o(.text.LCD_Display_Timer) for LCD_Display_Timer
    interface.o(.ARM.exidx.text.drive_LCD) refers to interface.o(.text.drive_LCD) for [Anonymous Symbol]
    lcd.o(.ARM.exidx.text.LCD_PIN_Init) refers to lcd.o(.text.LCD_PIN_Init) for [Anonymous Symbol]
    lcd.o(.ARM.exidx.text.LCD_Configure) refers to lcd.o(.text.LCD_Configure) for [Anonymous Symbol]
    lcd.o(.text.LCD_DisplayString) refers to lcd.o(.text.LCD_WriteChar) for LCD_WriteChar
    lcd.o(.ARM.exidx.text.LCD_DisplayString) refers to lcd.o(.text.LCD_DisplayString) for [Anonymous Symbol]
    lcd.o(.text.LCD_WriteChar) refers to lcd.o(.text.LCD_Conv_Char_Seg) for LCD_Conv_Char_Seg
    lcd.o(.text.LCD_WriteChar) refers to lcd.o(.text.LCD_bar) for LCD_bar
    lcd.o(.ARM.exidx.text.LCD_WriteChar) refers to lcd.o(.text.LCD_WriteChar) for [Anonymous Symbol]
    lcd.o(.text.LCD_Display_Timer) refers to lcd.o(.text.LCD_WriteChar) for LCD_WriteChar
    lcd.o(.ARM.exidx.text.LCD_Display_Timer) refers to lcd.o(.text.LCD_Display_Timer) for [Anonymous Symbol]
    lcd.o(.text.LCD_Display_Steps) refers to lcd.o(.text.LCD_WriteChar) for LCD_WriteChar
    lcd.o(.ARM.exidx.text.LCD_Display_Steps) refers to lcd.o(.text.LCD_Display_Steps) for [Anonymous Symbol]
    lcd.o(.text.LCD_Display_TOD) refers to systick.o(.bss.min) for min
    lcd.o(.text.LCD_Display_TOD) refers to lcd.o(.bss.AmPm_flag) for AmPm_flag
    lcd.o(.text.LCD_Display_TOD) refers to lcd.o(.data.mornAft) for mornAft
    lcd.o(.text.LCD_Display_TOD) refers to lcd.o(.text.LCD_WriteChar) for LCD_WriteChar
    lcd.o(.ARM.exidx.text.LCD_Display_TOD) refers to lcd.o(.text.LCD_Display_TOD) for [Anonymous Symbol]
    lcd.o(.text.timeUp) refers to systick.o(.bss.pos) for pos
    lcd.o(.text.timeUp) refers to systick.o(.bss.min) for min
    lcd.o(.text.timeUp) refers to lcd.o(.data.mornAft) for mornAft
    lcd.o(.ARM.exidx.text.timeUp) refers to lcd.o(.text.timeUp) for [Anonymous Symbol]
    lcd.o(.text.timeDown) refers to systick.o(.bss.pos) for pos
    lcd.o(.text.timeDown) refers to systick.o(.bss.min) for min
    lcd.o(.text.timeDown) refers to lcd.o(.data.mornAft) for mornAft
    lcd.o(.ARM.exidx.text.timeDown) refers to lcd.o(.text.timeDown) for [Anonymous Symbol]
    lcd.o(.text.LCD_Initialization) refers to lcd.o(.text.LCD_PIN_Init) for LCD_PIN_Init
    lcd.o(.text.LCD_Initialization) refers to lcd.o(.text.LCD_Clock_Init) for LCD_Clock_Init
    lcd.o(.text.LCD_Initialization) refers to lcd.o(.text.LCD_Configure) for LCD_Configure
    lcd.o(.text.LCD_Initialization) refers to lcd.o(.text.LCD_Clear) for LCD_Clear
    lcd.o(.ARM.exidx.text.LCD_Initialization) refers to lcd.o(.text.LCD_Initialization) for [Anonymous Symbol]
    lcd.o(.ARM.exidx.text.LCD_Clock_Init) refers to lcd.o(.text.LCD_Clock_Init) for [Anonymous Symbol]
    lcd.o(.ARM.exidx.text.LCD_Clear) refers to lcd.o(.text.LCD_Clear) for [Anonymous Symbol]
    lcd.o(.text.LCD_bar) refers to lcd.o(.bss.BAR) for BAR
    lcd.o(.ARM.exidx.text.LCD_bar) refers to lcd.o(.text.LCD_bar) for [Anonymous Symbol]
    lcd.o(.text.LCD_Conv_Char_Seg) refers to lcd.o(.rodata.NumberMap) for NumberMap
    lcd.o(.text.LCD_Conv_Char_Seg) refers to lcd.o(.rodata.CapLetterMap) for CapLetterMap
    lcd.o(.ARM.exidx.text.LCD_Conv_Char_Seg) refers to lcd.o(.text.LCD_Conv_Char_Seg) for [Anonymous Symbol]
    __main.o(!!!main) refers to __rtentry.o(.ARM.Collect$$rtentry$$00000000) for __rt_entry
    d2f.o(x$fpl$d2f) refers (Special) to usenofp.o(x$fpl$usenofp) for __I$use$fp
    d2f.o(x$fpl$d2f) refers to fretinf.o(x$fpl$fretinf) for __fpl_fretinf
    d2f.o(x$fpl$d2f) refers to dnaninf.o(x$fpl$dnaninf) for __fpl_dnaninf
    dmul.o(x$fpl$dmul) refers (Special) to usenofp.o(x$fpl$usenofp) for __I$use$fp
    dmul.o(x$fpl$dmul) refers to dretinf.o(x$fpl$dretinf) for __fpl_dretinf
    dmul.o(x$fpl$dmul) refers to dnaninf.o(x$fpl$dnaninf) for __fpl_dnaninf
    f2d.o(x$fpl$f2d) refers (Special) to usenofp.o(x$fpl$usenofp) for __I$use$fp
    f2d.o(x$fpl$f2d) refers to fnaninf.o(x$fpl$fnaninf) for __fpl_fnaninf
    f2d.o(x$fpl$f2d) refers to dretinf.o(x$fpl$dretinf) for __fpl_dretinf
    __rtentry.o(.ARM.Collect$$rtentry$$00000000) refers (Special) to __rtentry2.o(.ARM.Collect$$rtentry$$0000000A) for __rt_entry_li
    __rtentry.o(.ARM.Collect$$rtentry$$00000000) refers (Special) to __rtentry2.o(.ARM.Collect$$rtentry$$0000000D) for __rt_entry_main
    __rtentry.o(.ARM.Collect$$rtentry$$00000000) refers (Special) to __rtentry2.o(.ARM.Collect$$rtentry$$0000000C) for __rt_entry_postli_1
    __rtentry.o(.ARM.Collect$$rtentry$$00000000) refers (Special) to __rtentry2.o(.ARM.Collect$$rtentry$$00000009) for __rt_entry_postsh_1
    __rtentry.o(.ARM.Collect$$rtentry$$00000000) refers (Special) to __rtentry2.o(.ARM.Collect$$rtentry$$00000002) for __rt_entry_presh_1
    __rtentry.o(.ARM.Collect$$rtentry$$00000000) refers (Special) to __rtentry4.o(.ARM.Collect$$rtentry$$00000004) for __rt_entry_sh
    dnaninf.o(x$fpl$dnaninf) refers (Special) to usenofp.o(x$fpl$usenofp) for __I$use$fp
    dretinf.o(x$fpl$dretinf) refers (Special) to usenofp.o(x$fpl$usenofp) for __I$use$fp
    fnaninf.o(x$fpl$fnaninf) refers (Special) to usenofp.o(x$fpl$usenofp) for __I$use$fp
    fretinf.o(x$fpl$fretinf) refers (Special) to usenofp.o(x$fpl$usenofp) for __I$use$fp
    __rtentry2.o(.ARM.Collect$$rtentry$$00000008) refers to boardinit2.o(.text) for _platform_post_stackheap_init
    __rtentry2.o(.ARM.Collect$$rtentry$$0000000A) refers to libinit.o(.ARM.Collect$$libinit$$00000000) for __rt_lib_init
    __rtentry2.o(.ARM.Collect$$rtentry$$0000000B) refers to boardinit3.o(.text) for _platform_post_lib_init
    __rtentry2.o(.ARM.Collect$$rtentry$$0000000D) refers to main.o(.text.main) for main
    __rtentry2.o(.ARM.Collect$$rtentry$$0000000D) refers to exit.o(.text) for exit
    __rtentry2.o(.ARM.exidx) refers to __rtentry2.o(.ARM.Collect$$rtentry$$00000001) for .ARM.Collect$$rtentry$$00000001
    __rtentry2.o(.ARM.exidx) refers to __rtentry2.o(.ARM.Collect$$rtentry$$00000008) for .ARM.Collect$$rtentry$$00000008
    __rtentry2.o(.ARM.exidx) refers to __rtentry2.o(.ARM.Collect$$rtentry$$0000000A) for .ARM.Collect$$rtentry$$0000000A
    __rtentry2.o(.ARM.exidx) refers to __rtentry2.o(.ARM.Collect$$rtentry$$0000000B) for .ARM.Collect$$rtentry$$0000000B
    __rtentry2.o(.ARM.exidx) refers to __rtentry2.o(.ARM.Collect$$rtentry$$0000000D) for .ARM.Collect$$rtentry$$0000000D
    __rtentry4.o(.ARM.Collect$$rtentry$$00000004) refers to sys_stackheap_outer.o(.text) for __user_setup_stackheap
    __rtentry4.o(.ARM.exidx) refers to __rtentry4.o(.ARM.Collect$$rtentry$$00000004) for .ARM.Collect$$rtentry$$00000004
    sys_stackheap_outer.o(.text) refers to libspace.o(.text) for __user_perproc_libspace
    sys_stackheap_outer.o(.text) refers to startup_stm32l476xx.o(.text) for __user_initial_stackheap
    exit.o(.text) refers to rtexit.o(.ARM.Collect$$rtexit$$00000000) for __rt_exit
    libinit.o(.ARM.Collect$$libinit$$00000000) refers (Special) to libinit2.o(.ARM.Collect$$libinit$$0000002E) for __rt_lib_init_alloca_1
    libinit.o(.ARM.Collect$$libinit$$00000000) refers (Special) to libinit2.o(.ARM.Collect$$libinit$$0000002C) for __rt_lib_init_argv_1
    libinit.o(.ARM.Collect$$libinit$$00000000) refers (Special) to libinit2.o(.ARM.Collect$$libinit$$0000001B) for __rt_lib_init_atexit_1
    libinit.o(.ARM.Collect$$libinit$$00000000) refers (Special) to libinit2.o(.ARM.Collect$$libinit$$00000021) for __rt_lib_init_clock_1
    libinit.o(.ARM.Collect$$libinit$$00000000) refers (Special) to libinit2.o(.ARM.Collect$$libinit$$00000032) for __rt_lib_init_cpp_1
    libinit.o(.ARM.Collect$$libinit$$00000000) refers (Special) to libinit2.o(.ARM.Collect$$libinit$$00000030) for __rt_lib_init_exceptions_1
    libinit.o(.ARM.Collect$$libinit$$00000000) refers (Special) to libinit2.o(.ARM.Collect$$libinit$$00000001) for __rt_lib_init_fp_1
    libinit.o(.ARM.Collect$$libinit$$00000000) refers (Special) to libinit2.o(.ARM.Collect$$libinit$$0000001F) for __rt_lib_init_fp_trap_1
    libinit.o(.ARM.Collect$$libinit$$00000000) refers (Special) to libinit2.o(.ARM.Collect$$libinit$$00000023) for __rt_lib_init_getenv_1
    libinit.o(.ARM.Collect$$libinit$$00000000) refers (Special) to libinit2.o(.ARM.Collect$$libinit$$0000000A) for __rt_lib_init_heap_1
    libinit.o(.ARM.Collect$$libinit$$00000000) refers (Special) to libinit2.o(.ARM.Collect$$libinit$$00000011) for __rt_lib_init_lc_collate_1
    libinit.o(.ARM.Collect$$libinit$$00000000) refers (Special) to libinit2.o(.ARM.Collect$$libinit$$00000013) for __rt_lib_init_lc_ctype_1
    libinit.o(.ARM.Collect$$libinit$$00000000) refers (Special) to libinit2.o(.ARM.Collect$$libinit$$00000015) for __rt_lib_init_lc_monetary_1
    libinit.o(.ARM.Collect$$libinit$$00000000) refers (Special) to libinit2.o(.ARM.Collect$$libinit$$00000017) for __rt_lib_init_lc_numeric_1
    libinit.o(.ARM.Collect$$libinit$$00000000) refers (Special) to libinit2.o(.ARM.Collect$$libinit$$00000019) for __rt_lib_init_lc_time_1
    libinit.o(.ARM.Collect$$libinit$$00000000) refers (Special) to libinit2.o(.ARM.Collect$$libinit$$00000004) for __rt_lib_init_preinit_1
    libinit.o(.ARM.Collect$$libinit$$00000000) refers (Special) to libinit2.o(.ARM.Collect$$libinit$$0000000E) for __rt_lib_init_rand_1
    libinit.o(.ARM.Collect$$libinit$$00000000) refers (Special) to libinit2.o(.ARM.Collect$$libinit$$00000033) for __rt_lib_init_return
    libinit.o(.ARM.Collect$$libinit$$00000000) refers (Special) to libinit2.o(.ARM.Collect$$libinit$$0000001D) for __rt_lib_init_signal_1
    libinit.o(.ARM.Collect$$libinit$$00000000) refers (Special) to libinit2.o(.ARM.Collect$$libinit$$00000025) for __rt_lib_init_stdio_1
    libinit.o(.ARM.Collect$$libinit$$00000000) refers (Special) to libinit2.o(.ARM.Collect$$libinit$$0000000C) for __rt_lib_init_user_alloc_1
    libspace.o(.text) refers to libspace.o(.bss) for __libspace_start
    rtexit.o(.ARM.Collect$$rtexit$$00000000) refers (Special) to rtexit2.o(.ARM.Collect$$rtexit$$00000004) for __rt_exit_exit
    rtexit.o(.ARM.Collect$$rtexit$$00000000) refers (Special) to rtexit2.o(.ARM.Collect$$rtexit$$00000003) for __rt_exit_ls
    rtexit.o(.ARM.Collect$$rtexit$$00000000) refers (Special) to rtexit2.o(.ARM.Collect$$rtexit$$00000002) for __rt_exit_prels_1
    rtexit.o(.ARM.exidx) refers (Special) to rtexit2.o(.ARM.Collect$$rtexit$$00000004) for __rt_exit_exit
    rtexit.o(.ARM.exidx) refers (Special) to rtexit2.o(.ARM.Collect$$rtexit$$00000003) for __rt_exit_ls
    rtexit.o(.ARM.exidx) refers (Special) to rtexit2.o(.ARM.Collect$$rtexit$$00000002) for __rt_exit_prels_1
    rtexit.o(.ARM.exidx) refers to rtexit.o(.ARM.Collect$$rtexit$$00000000) for .ARM.Collect$$rtexit$$00000000
    libinit2.o(.ARM.Collect$$libinit$$00000001) refers to fpinit.o(x$fpl$fpinit) for _fp_init
    libinit2.o(.ARM.Collect$$libinit$$00000010) refers to libinit2.o(.ARM.Collect$$libinit$$0000000F) for .ARM.Collect$$libinit$$0000000F
    libinit2.o(.ARM.Collect$$libinit$$00000012) refers to libinit2.o(.ARM.Collect$$libinit$$0000000F) for .ARM.Collect$$libinit$$0000000F
    libinit2.o(.ARM.Collect$$libinit$$00000014) refers to libinit2.o(.ARM.Collect$$libinit$$0000000F) for .ARM.Collect$$libinit$$0000000F
    libinit2.o(.ARM.Collect$$libinit$$00000016) refers to libinit2.o(.ARM.Collect$$libinit$$0000000F) for .ARM.Collect$$libinit$$0000000F
    libinit2.o(.ARM.Collect$$libinit$$00000018) refers to libinit2.o(.ARM.Collect$$libinit$$0000000F) for .ARM.Collect$$libinit$$0000000F
    libinit2.o(.ARM.Collect$$libinit$$00000026) refers to argv_veneer.o(.emb_text) for __ARM_argv_veneer
    libinit2.o(.ARM.Collect$$libinit$$00000027) refers to argv_veneer.o(.emb_text) for __ARM_argv_veneer
    rtexit2.o(.ARM.Collect$$rtexit$$00000003) refers to libshutdown.o(.ARM.Collect$$libshutdown$$00000000) for __rt_lib_shutdown
    rtexit2.o(.ARM.Collect$$rtexit$$00000004) refers to sys_exit.o(.text) for _sys_exit
    rtexit2.o(.ARM.exidx) refers to rtexit2.o(.ARM.Collect$$rtexit$$00000001) for .ARM.Collect$$rtexit$$00000001
    rtexit2.o(.ARM.exidx) refers to rtexit2.o(.ARM.Collect$$rtexit$$00000003) for .ARM.Collect$$rtexit$$00000003
    rtexit2.o(.ARM.exidx) refers to rtexit2.o(.ARM.Collect$$rtexit$$00000004) for .ARM.Collect$$rtexit$$00000004
    argv_veneer.o(.emb_text) refers to no_argv.o(.text) for __ARM_get_argv
    sys_exit.o(.text) refers (Special) to use_no_semi.o(.text) for __I$use$semihosting
    sys_exit.o(.text) refers (Special) to indicate_semi.o(.text) for __semihosting_library_function
    sys_exit_hlt.o(.text) refers (Special) to use_no_semi.o(.text) for __I$use$semihosting
    sys_exit_hlt.o(.text) refers (Special) to indicate_semi.o(.text) for __semihosting_library_function
    _get_argv_nomalloc.o(.text) refers (Special) to hrguard.o(.text) for __heap_region$guard
    _get_argv_nomalloc.o(.text) refers to defsig_rtmem_outer.o(.text) for __rt_SIGRTMEM
    _get_argv_nomalloc.o(.text) refers to sys_command.o(.text) for _sys_command_string
    libshutdown.o(.ARM.Collect$$libshutdown$$00000000) refers (Special) to libshutdown2.o(.ARM.Collect$$libshutdown$$00000002) for __rt_lib_shutdown_cpp_1
    libshutdown.o(.ARM.Collect$$libshutdown$$00000000) refers (Special) to libshutdown2.o(.ARM.Collect$$libshutdown$$00000007) for __rt_lib_shutdown_fp_trap_1
    libshutdown.o(.ARM.Collect$$libshutdown$$00000000) refers (Special) to libshutdown2.o(.ARM.Collect$$libshutdown$$0000000F) for __rt_lib_shutdown_heap_1
    libshutdown.o(.ARM.Collect$$libshutdown$$00000000) refers (Special) to libshutdown2.o(.ARM.Collect$$libshutdown$$00000010) for __rt_lib_shutdown_return
    libshutdown.o(.ARM.Collect$$libshutdown$$00000000) refers (Special) to libshutdown2.o(.ARM.Collect$$libshutdown$$0000000A) for __rt_lib_shutdown_signal_1
    libshutdown.o(.ARM.Collect$$libshutdown$$00000000) refers (Special) to libshutdown2.o(.ARM.Collect$$libshutdown$$00000004) for __rt_lib_shutdown_stdio_1
    libshutdown.o(.ARM.Collect$$libshutdown$$00000000) refers (Special) to libshutdown2.o(.ARM.Collect$$libshutdown$$0000000C) for __rt_lib_shutdown_user_alloc_1
    sys_command.o(.text) refers (Special) to use_no_semi.o(.text) for __I$use$semihosting
    sys_command.o(.text) refers (Special) to indicate_semi.o(.text) for __semihosting_library_function
    sys_command_hlt.o(.text) refers (Special) to use_no_semi.o(.text) for __I$use$semihosting
    sys_command_hlt.o(.text) refers (Special) to indicate_semi.o(.text) for __semihosting_library_function
    defsig_rtmem_outer.o(.text) refers to defsig_rtmem_inner.o(.text) for __rt_SIGRTMEM_inner
    defsig_rtmem_outer.o(.text) refers to defsig_exit.o(.text) for __sig_exit
    defsig_rtmem_formal.o(.text) refers to rt_raise.o(.text) for __rt_raise
    rt_raise.o(.text) refers to __raise.o(.text) for __raise
    rt_raise.o(.text) refers to sys_exit.o(.text) for _sys_exit
    defsig_exit.o(.text) refers to sys_exit.o(.text) for _sys_exit
    defsig_rtmem_inner.o(.text) refers to defsig_general.o(.text) for __default_signal_display
    __raise.o(.text) refers to defsig.o(CL$$defsig) for __default_signal_handler
    defsig_general.o(.text) refers to sys_wrch.o(.text) for _ttywrch
    sys_wrch.o(.text) refers (Special) to use_no_semi.o(.text) for __I$use$semihosting
    sys_wrch.o(.text) refers (Special) to indicate_semi.o(.text) for __semihosting_library_function
    sys_wrch_hlt.o(.text) refers (Special) to use_no_semi.o(.text) for __I$use$semihosting
    sys_wrch_hlt.o(.text) refers (Special) to indicate_semi.o(.text) for __semihosting_library_function
    defsig.o(CL$$defsig) refers to defsig_rtmem_inner.o(.text) for __rt_SIGRTMEM_inner
    defsig_abrt_inner.o(.text) refers to defsig_general.o(.text) for __default_signal_display
    defsig_fpe_inner.o(.text) refers to defsig_general.o(.text) for __default_signal_display
    defsig_rtred_inner.o(.text) refers to defsig_general.o(.text) for __default_signal_display
    defsig_stak_inner.o(.text) refers to defsig_general.o(.text) for __default_signal_display
    defsig_pvfn_inner.o(.text) refers to defsig_general.o(.text) for __default_signal_display
    defsig_cppl_inner.o(.text) refers to defsig_general.o(.text) for __default_signal_display
    defsig_segv_inner.o(.text) refers to defsig_general.o(.text) for __default_signal_display
    defsig_other.o(.text) refers to defsig_general.o(.text) for __default_signal_display


==============================================================================

Removing Unused input sections from the image.

    Removing main.o(.text), (0 bytes).
    Removing main.o(.ARM.exidx.text.main), (8 bytes).
    Removing main.o(.ARM.use_no_argv), (4 bytes).
    Removing gyro.o(.text), (0 bytes).
    Removing gyro.o(.ARM.exidx.text.waitForNotBSY), (8 bytes).
    Removing gyro.o(.ARM.exidx.text.waitForTXE), (8 bytes).
    Removing gyro.o(.ARM.exidx.text.waitForRXEmpty), (8 bytes).
    Removing gyro.o(.ARM.exidx.text.readGyroRegister), (8 bytes).
    Removing gyro.o(.ARM.exidx.text.writeGyroRegister), (8 bytes).
    Removing gyro.o(.ARM.exidx.text.initializeSPI2), (8 bytes).
    Removing gyro.o(.ARM.exidx.text.initializeGyro), (8 bytes).
    Removing gyro.o(.ARM.exidx.text.readGyroLowHigh), (8 bytes).
    Removing gyro.o(.ARM.exidx.text.scaler), (8 bytes).
    Removing gyro.o(.text.getX), (18 bytes).
    Removing gyro.o(.ARM.exidx.text.getX), (8 bytes).
    Removing gyro.o(.text.getY), (18 bytes).
    Removing gyro.o(.ARM.exidx.text.getY), (8 bytes).
    Removing gyro.o(.ARM.exidx.text.getZ), (8 bytes).
    Removing gyro.o(.ARM.exidx.text.countSteps), (8 bytes).
    Removing systick.o(.text), (0 bytes).
    Removing systick.o(.ARM.exidx.text.SysTick_Initialize), (8 bytes).
    Removing systick.o(.ARM.exidx.text.__NVIC_SetPriority), (8 bytes).
    Removing systick.o(.ARM.exidx.text.SysTick_Handler), (8 bytes).
    Removing systick.o(.ARM.exidx.text.clockInit), (8 bytes).
    Removing uart.o(.text), (0 bytes).
    Removing uart.o(.text.UART2_Init), (56 bytes).
    Removing uart.o(.ARM.exidx.text.UART2_Init), (8 bytes).
    Removing uart.o(.text.UART2_GPIO_Init), (82 bytes).
    Removing uart.o(.ARM.exidx.text.UART2_GPIO_Init), (8 bytes).
    Removing uart.o(.text.USART_Init), (184 bytes).
    Removing uart.o(.ARM.exidx.text.USART_Init), (8 bytes).
    Removing uart.o(.text.USART_Read), (12 bytes).
    Removing uart.o(.ARM.exidx.text.USART_Read), (8 bytes).
    Removing uart.o(.text.USART_Write), (44 bytes).
    Removing uart.o(.ARM.exidx.text.USART_Write), (8 bytes).
    Removing uart.o(.ARM.exidx.text.USART_Delay), (8 bytes).
    Removing uart.o(.text.USART_IRQHandler), (74 bytes).
    Removing uart.o(.ARM.exidx.text.USART_IRQHandler), (8 bytes).
    Removing sysclock.o(.text), (0 bytes).
    Removing sysclock.o(.text.System_Clock_Init), (284 bytes).
    Removing sysclock.o(.ARM.exidx.text.System_Clock_Init), (8 bytes).
    Removing core_cm4_constants.o(__DEFINES_STM32F4_CORE4_xx_DUMMY), (0 bytes).
    Removing stm32l476xx_constants.o(__DEFINES_STM32L4_xx_DUMMY), (0 bytes).
    Removing interface.o(.text), (0 bytes).
    Removing interface.o(.ARM.exidx.text.joystick_Init), (8 bytes).
    Removing interface.o(.ARM.exidx.text.EXTI_Init), (8 bytes).
    Removing interface.o(.ARM.exidx.text.__NVIC_SetPriority), (8 bytes).
    Removing interface.o(.ARM.exidx.text.__NVIC_EnableIRQ), (8 bytes).
    Removing interface.o(.ARM.exidx.text.EXTI0_IRQHandler), (8 bytes).
    Removing interface.o(.ARM.exidx.text.__NVIC_ClearPendingIRQ), (8 bytes).
    Removing interface.o(.ARM.exidx.text.EXTI1_IRQHandler), (8 bytes).
    Removing interface.o(.ARM.exidx.text.EXTI2_IRQHandler), (8 bytes).
    Removing interface.o(.ARM.exidx.text.EXTI3_IRQHandler), (8 bytes).
    Removing interface.o(.ARM.exidx.text.EXTI9_5_IRQHandler), (8 bytes).
    Removing interface.o(.ARM.exidx.text.drive_LCD), (8 bytes).
    Removing lcd.o(.text), (0 bytes).
    Removing lcd.o(.ARM.exidx.text.LCD_PIN_Init), (8 bytes).
    Removing lcd.o(.ARM.exidx.text.LCD_Configure), (8 bytes).
    Removing lcd.o(.text.LCD_DisplayString), (42 bytes).
    Removing lcd.o(.ARM.exidx.text.LCD_DisplayString), (8 bytes).
    Removing lcd.o(.ARM.exidx.text.LCD_WriteChar), (8 bytes).
    Removing lcd.o(.ARM.exidx.text.LCD_Display_Timer), (8 bytes).
    Removing lcd.o(.ARM.exidx.text.LCD_Display_Steps), (8 bytes).
    Removing lcd.o(.ARM.exidx.text.LCD_Display_TOD), (8 bytes).
    Removing lcd.o(.ARM.exidx.text.timeUp), (8 bytes).
    Removing lcd.o(.ARM.exidx.text.timeDown), (8 bytes).
    Removing lcd.o(.ARM.exidx.text.LCD_Initialization), (8 bytes).
    Removing lcd.o(.ARM.exidx.text.LCD_Clock_Init), (8 bytes).
    Removing lcd.o(.ARM.exidx.text.LCD_Clear), (8 bytes).
    Removing lcd.o(.ARM.exidx.text.LCD_bar), (8 bytes).
    Removing lcd.o(.ARM.exidx.text.LCD_Conv_Char_Seg), (8 bytes).

71 unused section(s) (total 1226 bytes) removed from the image.

==============================================================================

Image Symbol Table

    Local Symbols

    Symbol Name                              Value     Ov Type        Size  Object(Section)

    ../Lab2 GPIO/core_cm4_constants.s        0x00000000   Number         0  core_cm4_constants.o ABSOLUTE
    ../Lab2 GPIO/startup_stm32l476xx.s       0x00000000   Number         0  startup_stm32l476xx.o ABSOLUTE
    ../Lab2 GPIO/stm32l476xx_constants.s     0x00000000   Number         0  stm32l476xx_constants.o ABSOLUTE
    ../clib/angel/boardlib.s                 0x00000000   Number         0  boardinit1.o ABSOLUTE
    ../clib/angel/boardlib.s                 0x00000000   Number         0  boardinit2.o ABSOLUTE
    ../clib/angel/boardlib.s                 0x00000000   Number         0  boardinit3.o ABSOLUTE
    ../clib/angel/boardlib.s                 0x00000000   Number         0  boardshut.o ABSOLUTE
    ../clib/angel/handlers.s                 0x00000000   Number         0  __scatter_copy.o ABSOLUTE
    ../clib/angel/handlers.s                 0x00000000   Number         0  __scatter_zi.o ABSOLUTE
    ../clib/angel/kernel.s                   0x00000000   Number         0  __rtentry.o ABSOLUTE
    ../clib/angel/kernel.s                   0x00000000   Number         0  __rtentry2.o ABSOLUTE
    ../clib/angel/kernel.s                   0x00000000   Number         0  __rtentry4.o ABSOLUTE
    ../clib/angel/kernel.s                   0x00000000   Number         0  rtexit.o ABSOLUTE
    ../clib/angel/kernel.s                   0x00000000   Number         0  rtexit2.o ABSOLUTE
    ../clib/angel/rt.s                       0x00000000   Number         0  rt_raise.o ABSOLUTE
    ../clib/angel/scatter.s                  0x00000000   Number         0  __scatter.o ABSOLUTE
    ../clib/angel/startup.s                  0x00000000   Number         0  __main.o ABSOLUTE
    ../clib/angel/sys.s                      0x00000000   Number         0  sys_stackheap_outer.o ABSOLUTE
    ../clib/angel/sys.s                      0x00000000   Number         0  libspace.o ABSOLUTE
    ../clib/angel/sys.s                      0x00000000   Number         0  use_no_semi.o ABSOLUTE
    ../clib/angel/sys.s                      0x00000000   Number         0  indicate_semi.o ABSOLUTE
    ../clib/angel/sysapp.c                   0x00000000   Number         0  sys_exit.o ABSOLUTE
    ../clib/angel/sysapp.c                   0x00000000   Number         0  sys_exit_hlt.o ABSOLUTE
    ../clib/angel/sysapp.c                   0x00000000   Number         0  sys_command.o ABSOLUTE
    ../clib/angel/sysapp.c                   0x00000000   Number         0  sys_command_hlt.o ABSOLUTE
    ../clib/angel/sysapp.c                   0x00000000   Number         0  sys_wrch.o ABSOLUTE
    ../clib/angel/sysapp.c                   0x00000000   Number         0  sys_wrch_hlt.o ABSOLUTE
    ../clib/armsys.c                         0x00000000   Number         0  argv_veneer.o ABSOLUTE
    ../clib/armsys.c                         0x00000000   Number         0  argv_veneer.o ABSOLUTE
    ../clib/armsys.c                         0x00000000   Number         0  _get_argv_nomalloc.o ABSOLUTE
    ../clib/armsys.c                         0x00000000   Number         0  no_argv.o ABSOLUTE
    ../clib/heapalloc.c                      0x00000000   Number         0  hrguard.o ABSOLUTE
    ../clib/heapaux.c                        0x00000000   Number         0  heapauxi.o ABSOLUTE
    ../clib/libinit.s                        0x00000000   Number         0  libinit.o ABSOLUTE
    ../clib/libinit.s                        0x00000000   Number         0  libinit2.o ABSOLUTE
    ../clib/libinit.s                        0x00000000   Number         0  libshutdown.o ABSOLUTE
    ../clib/libinit.s                        0x00000000   Number         0  libshutdown2.o ABSOLUTE
    ../clib/signal.c                         0x00000000   Number         0  defsig_rtmem_outer.o ABSOLUTE
    ../clib/signal.c                         0x00000000   Number         0  defsig_rtmem_formal.o ABSOLUTE
    ../clib/signal.c                         0x00000000   Number         0  defsig_exit.o ABSOLUTE
    ../clib/signal.c                         0x00000000   Number         0  defsig_rtmem_inner.o ABSOLUTE
    ../clib/signal.c                         0x00000000   Number         0  __raise.o ABSOLUTE
    ../clib/signal.c                         0x00000000   Number         0  defsig_general.o ABSOLUTE
    ../clib/signal.c                         0x00000000   Number         0  defsig_abrt_inner.o ABSOLUTE
    ../clib/signal.c                         0x00000000   Number         0  defsig_fpe_inner.o ABSOLUTE
    ../clib/signal.c                         0x00000000   Number         0  defsig_rtred_inner.o ABSOLUTE
    ../clib/signal.c                         0x00000000   Number         0  defsig_stak_inner.o ABSOLUTE
    ../clib/signal.c                         0x00000000   Number         0  defsig_pvfn_inner.o ABSOLUTE
    ../clib/signal.c                         0x00000000   Number         0  defsig_cppl_inner.o ABSOLUTE
    ../clib/signal.c                         0x00000000   Number         0  defsig_segv_inner.o ABSOLUTE
    ../clib/signal.c                         0x00000000   Number         0  defsig_other.o ABSOLUTE
    ../clib/signal.s                         0x00000000   Number         0  defsig.o ABSOLUTE
    ../clib/stdlib.c                         0x00000000   Number         0  exit.o ABSOLUTE
    ../fplib/d2f.s                           0x00000000   Number         0  d2f.o ABSOLUTE
    ../fplib/dmul.s                          0x00000000   Number         0  dmul.o ABSOLUTE
    ../fplib/dnaninf.s                       0x00000000   Number         0  dnaninf.o ABSOLUTE
    ../fplib/dretinf.s                       0x00000000   Number         0  dretinf.o ABSOLUTE
    ../fplib/f2d.s                           0x00000000   Number         0  f2d.o ABSOLUTE
    ../fplib/fnaninf.s                       0x00000000   Number         0  fnaninf.o ABSOLUTE
    ../fplib/fpinit.s                        0x00000000   Number         0  fpinit.o ABSOLUTE
    ../fplib/fretinf.s                       0x00000000   Number         0  fretinf.o ABSOLUTE
    ../fplib/usenofp.s                       0x00000000   Number         0  usenofp.o ABSOLUTE
    Interface.c                              0x00000000   Number         0  interface.o ABSOLUTE
    LCD.c                                    0x00000000   Number         0  lcd.o ABSOLUTE
    SysClock.c                               0x00000000   Number         0  sysclock.o ABSOLUTE
    SysTick.c                                0x00000000   Number         0  systick.o ABSOLUTE
    UART.c                                   0x00000000   Number         0  uart.o ABSOLUTE
    dc.s                                     0x00000000   Number         0  dc.o ABSOLUTE
    gyro.c                                   0x00000000   Number         0  gyro.o ABSOLUTE
    main.c                                   0x00000000   Number         0  main.o ABSOLUTE
    RESET                                    0x08000000   Section      392  startup_stm32l476xx.o(RESET)
    !!!main                                  0x08000188   Section        8  __main.o(!!!main)
    !!!scatter                               0x08000190   Section       52  __scatter.o(!!!scatter)
    !!handler_copy                           0x080001c4   Section       26  __scatter_copy.o(!!handler_copy)
    !!handler_zi                             0x080001e0   Section       28  __scatter_zi.o(!!handler_zi)
    .ARM.Collect$$libinit$$00000000          0x080001fc   Section        2  libinit.o(.ARM.Collect$$libinit$$00000000)
    .ARM.Collect$$libinit$$00000001          0x080001fe   Section        4  libinit2.o(.ARM.Collect$$libinit$$00000001)
    .ARM.Collect$$libinit$$00000004          0x08000202   Section        0  libinit2.o(.ARM.Collect$$libinit$$00000004)
    .ARM.Collect$$libinit$$0000000A          0x08000202   Section        0  libinit2.o(.ARM.Collect$$libinit$$0000000A)
    .ARM.Collect$$libinit$$0000000C          0x08000202   Section        0  libinit2.o(.ARM.Collect$$libinit$$0000000C)
    .ARM.Collect$$libinit$$0000000E          0x08000202   Section        0  libinit2.o(.ARM.Collect$$libinit$$0000000E)
    .ARM.Collect$$libinit$$00000011          0x08000202   Section        0  libinit2.o(.ARM.Collect$$libinit$$00000011)
    .ARM.Collect$$libinit$$00000013          0x08000202   Section        0  libinit2.o(.ARM.Collect$$libinit$$00000013)
    .ARM.Collect$$libinit$$00000015          0x08000202   Section        0  libinit2.o(.ARM.Collect$$libinit$$00000015)
    .ARM.Collect$$libinit$$00000017          0x08000202   Section        0  libinit2.o(.ARM.Collect$$libinit$$00000017)
    .ARM.Collect$$libinit$$00000019          0x08000202   Section        0  libinit2.o(.ARM.Collect$$libinit$$00000019)
    .ARM.Collect$$libinit$$0000001B          0x08000202   Section        0  libinit2.o(.ARM.Collect$$libinit$$0000001B)
    .ARM.Collect$$libinit$$0000001D          0x08000202   Section        0  libinit2.o(.ARM.Collect$$libinit$$0000001D)
    .ARM.Collect$$libinit$$0000001F          0x08000202   Section        0  libinit2.o(.ARM.Collect$$libinit$$0000001F)
    .ARM.Collect$$libinit$$00000021          0x08000202   Section        0  libinit2.o(.ARM.Collect$$libinit$$00000021)
    .ARM.Collect$$libinit$$00000023          0x08000202   Section        0  libinit2.o(.ARM.Collect$$libinit$$00000023)
    .ARM.Collect$$libinit$$00000025          0x08000202   Section        0  libinit2.o(.ARM.Collect$$libinit$$00000025)
    .ARM.Collect$$libinit$$0000002C          0x08000202   Section        0  libinit2.o(.ARM.Collect$$libinit$$0000002C)
    .ARM.Collect$$libinit$$0000002E          0x08000202   Section        0  libinit2.o(.ARM.Collect$$libinit$$0000002E)
    .ARM.Collect$$libinit$$00000030          0x08000202   Section        0  libinit2.o(.ARM.Collect$$libinit$$00000030)
    .ARM.Collect$$libinit$$00000032          0x08000202   Section        0  libinit2.o(.ARM.Collect$$libinit$$00000032)
    .ARM.Collect$$libinit$$00000033          0x08000202   Section        2  libinit2.o(.ARM.Collect$$libinit$$00000033)
    .ARM.Collect$$libshutdown$$00000000      0x08000204   Section        2  libshutdown.o(.ARM.Collect$$libshutdown$$00000000)
    .ARM.Collect$$libshutdown$$00000002      0x08000206   Section        0  libshutdown2.o(.ARM.Collect$$libshutdown$$00000002)
    .ARM.Collect$$libshutdown$$00000004      0x08000206   Section        0  libshutdown2.o(.ARM.Collect$$libshutdown$$00000004)
    .ARM.Collect$$libshutdown$$00000007      0x08000206   Section        0  libshutdown2.o(.ARM.Collect$$libshutdown$$00000007)
    .ARM.Collect$$libshutdown$$0000000A      0x08000206   Section        0  libshutdown2.o(.ARM.Collect$$libshutdown$$0000000A)
    .ARM.Collect$$libshutdown$$0000000C      0x08000206   Section        0  libshutdown2.o(.ARM.Collect$$libshutdown$$0000000C)
    .ARM.Collect$$libshutdown$$0000000F      0x08000206   Section        0  libshutdown2.o(.ARM.Collect$$libshutdown$$0000000F)
    .ARM.Collect$$libshutdown$$00000010      0x08000206   Section        2  libshutdown2.o(.ARM.Collect$$libshutdown$$00000010)
    .ARM.Collect$$rtentry$$00000000          0x08000208   Section        0  __rtentry.o(.ARM.Collect$$rtentry$$00000000)
    .ARM.Collect$$rtentry$$00000002          0x08000208   Section        0  __rtentry2.o(.ARM.Collect$$rtentry$$00000002)
    .ARM.Collect$$rtentry$$00000004          0x08000208   Section        6  __rtentry4.o(.ARM.Collect$$rtentry$$00000004)
    .ARM.Collect$$rtentry$$00000009          0x0800020e   Section        0  __rtentry2.o(.ARM.Collect$$rtentry$$00000009)
    .ARM.Collect$$rtentry$$0000000A          0x0800020e   Section        4  __rtentry2.o(.ARM.Collect$$rtentry$$0000000A)
    .ARM.Collect$$rtentry$$0000000C          0x08000212   Section        0  __rtentry2.o(.ARM.Collect$$rtentry$$0000000C)
    .ARM.Collect$$rtentry$$0000000D          0x08000212   Section        8  __rtentry2.o(.ARM.Collect$$rtentry$$0000000D)
    .ARM.Collect$$rtexit$$00000000           0x0800021a   Section        2  rtexit.o(.ARM.Collect$$rtexit$$00000000)
    .ARM.Collect$$rtexit$$00000002           0x0800021c   Section        0  rtexit2.o(.ARM.Collect$$rtexit$$00000002)
    .ARM.Collect$$rtexit$$00000003           0x0800021c   Section        4  rtexit2.o(.ARM.Collect$$rtexit$$00000003)
    .ARM.Collect$$rtexit$$00000004           0x08000220   Section        6  rtexit2.o(.ARM.Collect$$rtexit$$00000004)
    $v0                                      0x08000228   Number         0  startup_stm32l476xx.o(.text)
    .text                                    0x08000228   Section      132  startup_stm32l476xx.o(.text)
    .text                                    0x080002ac   Section        0  heapauxi.o(.text)
    .text                                    0x080002b2   Section       74  sys_stackheap_outer.o(.text)
    .text                                    0x080002fc   Section        0  exit.o(.text)
    .text                                    0x08000310   Section        8  libspace.o(.text)
    .text                                    0x08000318   Section        0  sys_exit.o(.text)
    .text                                    0x08000324   Section        2  use_no_semi.o(.text)
    .text                                    0x08000326   Section        0  indicate_semi.o(.text)
    [Anonymous Symbol]                       0x08000328   Section        0  interface.o(.text.EXTI0_IRQHandler)
    [Anonymous Symbol]                       0x08000378   Section        0  interface.o(.text.EXTI1_IRQHandler)
    [Anonymous Symbol]                       0x080003d0   Section        0  interface.o(.text.EXTI2_IRQHandler)
    [Anonymous Symbol]                       0x08000428   Section        0  interface.o(.text.EXTI3_IRQHandler)
    [Anonymous Symbol]                       0x08000454   Section        0  interface.o(.text.EXTI9_5_IRQHandler)
    [Anonymous Symbol]                       0x080004b8   Section        0  interface.o(.text.EXTI_Init)
    [Anonymous Symbol]                       0x080005d0   Section        0  lcd.o(.text.LCD_Clear)
    [Anonymous Symbol]                       0x080005f8   Section        0  lcd.o(.text.LCD_Clock_Init)
    [Anonymous Symbol]                       0x0800068c   Section        0  lcd.o(.text.LCD_Configure)
    LCD_Conv_Char_Seg                        0x080006e9   Thumb Code   692  lcd.o(.text.LCD_Conv_Char_Seg)
    [Anonymous Symbol]                       0x080006e8   Section        0  lcd.o(.text.LCD_Conv_Char_Seg)
    [Anonymous Symbol]                       0x0800099c   Section        0  lcd.o(.text.LCD_Display_Steps)
    [Anonymous Symbol]                       0x08000aec   Section        0  lcd.o(.text.LCD_Display_TOD)
    [Anonymous Symbol]                       0x08000c1c   Section        0  lcd.o(.text.LCD_Display_Timer)
    [Anonymous Symbol]                       0x08000d44   Section        0  lcd.o(.text.LCD_Initialization)
    [Anonymous Symbol]                       0x08000d58   Section        0  lcd.o(.text.LCD_PIN_Init)
    [Anonymous Symbol]                       0x08000eb0   Section        0  lcd.o(.text.LCD_WriteChar)
    [Anonymous Symbol]                       0x080013a0   Section        0  lcd.o(.text.LCD_bar)
    [Anonymous Symbol]                       0x0800141c   Section        0  systick.o(.text.SysTick_Handler)
    [Anonymous Symbol]                       0x08001470   Section        0  systick.o(.text.SysTick_Initialize)
    [Anonymous Symbol]                       0x080014a4   Section        0  uart.o(.text.USART_Delay)
    __NVIC_ClearPendingIRQ                   0x080014a9   Thumb Code    22  interface.o(.text.__NVIC_ClearPendingIRQ)
    [Anonymous Symbol]                       0x080014a8   Section        0  interface.o(.text.__NVIC_ClearPendingIRQ)
    __NVIC_EnableIRQ                         0x080014c1   Thumb Code    22  interface.o(.text.__NVIC_EnableIRQ)
    [Anonymous Symbol]                       0x080014c0   Section        0  interface.o(.text.__NVIC_EnableIRQ)
    __NVIC_SetPriority                       0x080014d9   Thumb Code    14  systick.o(.text.__NVIC_SetPriority)
    [Anonymous Symbol]                       0x080014d8   Section        0  systick.o(.text.__NVIC_SetPriority)
    __NVIC_SetPriority                       0x080014e9   Thumb Code    16  interface.o(.text.__NVIC_SetPriority)
    [Anonymous Symbol]                       0x080014e8   Section        0  interface.o(.text.__NVIC_SetPriority)
    [Anonymous Symbol]                       0x080014f8   Section        0  systick.o(.text.clockInit)
    [Anonymous Symbol]                       0x08001538   Section        0  gyro.o(.text.countSteps)
    [Anonymous Symbol]                       0x0800159c   Section        0  interface.o(.text.drive_LCD)
    [Anonymous Symbol]                       0x080015e0   Section        0  gyro.o(.text.getZ)
    [Anonymous Symbol]                       0x080015f4   Section        0  gyro.o(.text.initializeGyro)
    [Anonymous Symbol]                       0x08001694   Section        0  gyro.o(.text.initializeSPI2)
    [Anonymous Symbol]                       0x08001750   Section        0  interface.o(.text.joystick_Init)
    [Anonymous Symbol]                       0x08001790   Section        0  main.o(.text.main)
    [Anonymous Symbol]                       0x080017b8   Section        0  gyro.o(.text.readGyroLowHigh)
    [Anonymous Symbol]                       0x080017e4   Section        0  gyro.o(.text.readGyroRegister)
    [Anonymous Symbol]                       0x08001858   Section        0  gyro.o(.text.scaler)
    [Anonymous Symbol]                       0x080018a4   Section        0  lcd.o(.text.timeDown)
    [Anonymous Symbol]                       0x08001920   Section        0  lcd.o(.text.timeUp)
    [Anonymous Symbol]                       0x08001998   Section        0  gyro.o(.text.waitForNotBSY)
    [Anonymous Symbol]                       0x080019a8   Section        0  gyro.o(.text.waitForRXEmpty)
    [Anonymous Symbol]                       0x080019c4   Section        0  gyro.o(.text.waitForTXE)
    [Anonymous Symbol]                       0x080019d4   Section        0  gyro.o(.text.writeGyroRegister)
    $v0                                      0x08001a34   Number         0  d2f.o(x$fpl$d2f)
    x$fpl$d2f                                0x08001a34   Section       98  d2f.o(x$fpl$d2f)
    $v0                                      0x08001a98   Number         0  dmul.o(x$fpl$dmul)
    x$fpl$dmul                               0x08001a98   Section      340  dmul.o(x$fpl$dmul)
    $v0                                      0x08001bec   Number         0  dnaninf.o(x$fpl$dnaninf)
    x$fpl$dnaninf                            0x08001bec   Section      156  dnaninf.o(x$fpl$dnaninf)
    $v0                                      0x08001c88   Number         0  dretinf.o(x$fpl$dretinf)
    x$fpl$dretinf                            0x08001c88   Section       12  dretinf.o(x$fpl$dretinf)
    $v0                                      0x08001c94   Number         0  f2d.o(x$fpl$f2d)
    x$fpl$f2d                                0x08001c94   Section       86  f2d.o(x$fpl$f2d)
    $v0                                      0x08001cea   Number         0  fnaninf.o(x$fpl$fnaninf)
    x$fpl$fnaninf                            0x08001cea   Section      140  fnaninf.o(x$fpl$fnaninf)
    $v0                                      0x08001d76   Number         0  fpinit.o(x$fpl$fpinit)
    x$fpl$fpinit                             0x08001d76   Section       26  fpinit.o(x$fpl$fpinit)
    $v0                                      0x08001d90   Number         0  fretinf.o(x$fpl$fretinf)
    x$fpl$fretinf                            0x08001d90   Section       10  fretinf.o(x$fpl$fretinf)
    x$fpl$usenofp                            0x08001d9a   Section        0  usenofp.o(x$fpl$usenofp)
    .bss                                     0x20000010   Section       96  libspace.o(.bss)
    lookingForNeg                            0x20000078   Data           1  gyro.o(.bss.lookingForNeg)
    [Anonymous Symbol]                       0x20000078   Section        0  gyro.o(.bss.lookingForNeg)
    Heap_Mem                                 0x20000090   Data         512  startup_stm32l476xx.o(HEAP)
    HEAP                                     0x20000090   Section      512  startup_stm32l476xx.o(HEAP)
    Stack_Mem                                0x20000290   Data        1024  startup_stm32l476xx.o(STACK)
    STACK                                    0x20000290   Section     1024  startup_stm32l476xx.o(STACK)
    __initial_sp                             0x20000690   Data           0  startup_stm32l476xx.o(STACK)

    Global Symbols

    Symbol Name                              Value     Ov Type        Size  Object(Section)

    BuildAttributes$$THM_ISAv4$E$P$D$K$B$S$7EM$VFPi3$EXTD16$VFPS$VFMA$PE$A:L22UL41UL21$X:L11$S22US41US21$IEEE1$IW$~IW$USESV6$~STKCKD$USESV7$~SHL$OTIME$ROPI$EBA8$UX$STANDARDLIB$REQ8$PRES8$EABIv2 0x00000000   Number         0  anon$$obj.o ABSOLUTE
    Image$$ER_IROM1$$RW$$Length              0x00000000   Number         0  anon$$obj.o ABSOLUTE
    Image$$ER_IROM1$$ZI$$Length              0x00000000   Number         0  anon$$obj.o ABSOLUTE
    Image$$RW_IRAM1$$RO$$Length              0x00000000   Number         0  anon$$obj.o ABSOLUTE
    __ARM_exceptions_init                     - Undefined Weak Reference
    __alloca_initialize                       - Undefined Weak Reference
    __arm_preinit_                            - Undefined Weak Reference
    __cpp_initialize__aeabi_                  - Undefined Weak Reference
    __cxa_finalize                            - Undefined Weak Reference
    __rt_locale                               - Undefined Weak Reference
    __sigvec_lookup                           - Undefined Weak Reference
    _atexit_init                              - Undefined Weak Reference
    _call_atexit_fns                          - Undefined Weak Reference
    _clock_init                               - Undefined Weak Reference
    _fp_trap_init                             - Undefined Weak Reference
    _fp_trap_shutdown                         - Undefined Weak Reference
    _get_lc_collate                           - Undefined Weak Reference
    _get_lc_ctype                             - Undefined Weak Reference
    _get_lc_monetary                          - Undefined Weak Reference
    _get_lc_numeric                           - Undefined Weak Reference
    _get_lc_time                              - Undefined Weak Reference
    _getenv_init                              - Undefined Weak Reference
    _handle_redirection                       - Undefined Weak Reference
    _init_alloc                               - Undefined Weak Reference
    _init_user_alloc                          - Undefined Weak Reference
    _initio                                   - Undefined Weak Reference
    _rand_init                                - Undefined Weak Reference
    _signal_finish                            - Undefined Weak Reference
    _signal_init                              - Undefined Weak Reference
    _terminate_alloc                          - Undefined Weak Reference
    _terminate_user_alloc                     - Undefined Weak Reference
    _terminateio                              - Undefined Weak Reference
    Image$$RW_IRAM1$$Length                  0x00000010   Number         0  anon$$obj.o ABSOLUTE
    Image$$RW_IRAM1$$RW$$Length              0x00000010   Number         0  anon$$obj.o ABSOLUTE
    __Vectors_Size                           0x00000188   Number         0  startup_stm32l476xx.o ABSOLUTE
    Image$$RW_IRAM1$$ZI$$Length              0x00000680   Number         0  anon$$obj.o ABSOLUTE
    Image$$ER_IROM1$$RO$$Length              0x00001e04   Number         0  anon$$obj.o ABSOLUTE
    Image$$ER_IROM1$$RO$$Base                0x08000000   Number         0  anon$$obj.o ABSOLUTE
    Load$$ER_IROM1$$Base                     0x08000000   Number         0  anon$$obj.o ABSOLUTE
    __Vectors                                0x08000000   Data           4  startup_stm32l476xx.o(RESET)
    __Vectors_End                            0x08000188   Data           0  startup_stm32l476xx.o(RESET)
    __main                                   0x08000189   Thumb Code     8  __main.o(!!!main)
    __scatterload                            0x08000191   Thumb Code     0  __scatter.o(!!!scatter)
    __scatterload_rt2                        0x08000191   Thumb Code    44  __scatter.o(!!!scatter)
    __scatterload_rt2_thumb_only             0x08000191   Thumb Code     0  __scatter.o(!!!scatter)
    __scatterload_null                       0x0800019f   Thumb Code     0  __scatter.o(!!!scatter)
    __scatterload_copy                       0x080001c5   Thumb Code    26  __scatter_copy.o(!!handler_copy)
    __scatterload_zeroinit                   0x080001e1   Thumb Code    28  __scatter_zi.o(!!handler_zi)
    __rt_lib_init                            0x080001fd   Thumb Code     0  libinit.o(.ARM.Collect$$libinit$$00000000)
    __rt_lib_init_fp_1                       0x080001ff   Thumb Code     0  libinit2.o(.ARM.Collect$$libinit$$00000001)
    __rt_lib_init_alloca_1                   0x08000203   Thumb Code     0  libinit2.o(.ARM.Collect$$libinit$$0000002E)
    __rt_lib_init_argv_1                     0x08000203   Thumb Code     0  libinit2.o(.ARM.Collect$$libinit$$0000002C)
    __rt_lib_init_atexit_1                   0x08000203   Thumb Code     0  libinit2.o(.ARM.Collect$$libinit$$0000001B)
    __rt_lib_init_clock_1                    0x08000203   Thumb Code     0  libinit2.o(.ARM.Collect$$libinit$$00000021)
    __rt_lib_init_cpp_1                      0x08000203   Thumb Code     0  libinit2.o(.ARM.Collect$$libinit$$00000032)
    __rt_lib_init_exceptions_1               0x08000203   Thumb Code     0  libinit2.o(.ARM.Collect$$libinit$$00000030)
    __rt_lib_init_fp_trap_1                  0x08000203   Thumb Code     0  libinit2.o(.ARM.Collect$$libinit$$0000001F)
    __rt_lib_init_getenv_1                   0x08000203   Thumb Code     0  libinit2.o(.ARM.Collect$$libinit$$00000023)
    __rt_lib_init_heap_1                     0x08000203   Thumb Code     0  libinit2.o(.ARM.Collect$$libinit$$0000000A)
    __rt_lib_init_lc_collate_1               0x08000203   Thumb Code     0  libinit2.o(.ARM.Collect$$libinit$$00000011)
    __rt_lib_init_lc_ctype_1                 0x08000203   Thumb Code     0  libinit2.o(.ARM.Collect$$libinit$$00000013)
    __rt_lib_init_lc_monetary_1              0x08000203   Thumb Code     0  libinit2.o(.ARM.Collect$$libinit$$00000015)
    __rt_lib_init_lc_numeric_1               0x08000203   Thumb Code     0  libinit2.o(.ARM.Collect$$libinit$$00000017)
    __rt_lib_init_lc_time_1                  0x08000203   Thumb Code     0  libinit2.o(.ARM.Collect$$libinit$$00000019)
    __rt_lib_init_preinit_1                  0x08000203   Thumb Code     0  libinit2.o(.ARM.Collect$$libinit$$00000004)
    __rt_lib_init_rand_1                     0x08000203   Thumb Code     0  libinit2.o(.ARM.Collect$$libinit$$0000000E)
    __rt_lib_init_return                     0x08000203   Thumb Code     0  libinit2.o(.ARM.Collect$$libinit$$00000033)
    __rt_lib_init_signal_1                   0x08000203   Thumb Code     0  libinit2.o(.ARM.Collect$$libinit$$0000001D)
    __rt_lib_init_stdio_1                    0x08000203   Thumb Code     0  libinit2.o(.ARM.Collect$$libinit$$00000025)
    __rt_lib_init_user_alloc_1               0x08000203   Thumb Code     0  libinit2.o(.ARM.Collect$$libinit$$0000000C)
    __rt_lib_shutdown                        0x08000205   Thumb Code     0  libshutdown.o(.ARM.Collect$$libshutdown$$00000000)
    __rt_lib_shutdown_cpp_1                  0x08000207   Thumb Code     0  libshutdown2.o(.ARM.Collect$$libshutdown$$00000002)
    __rt_lib_shutdown_fp_trap_1              0x08000207   Thumb Code     0  libshutdown2.o(.ARM.Collect$$libshutdown$$00000007)
    __rt_lib_shutdown_heap_1                 0x08000207   Thumb Code     0  libshutdown2.o(.ARM.Collect$$libshutdown$$0000000F)
    __rt_lib_shutdown_return                 0x08000207   Thumb Code     0  libshutdown2.o(.ARM.Collect$$libshutdown$$00000010)
    __rt_lib_shutdown_signal_1               0x08000207   Thumb Code     0  libshutdown2.o(.ARM.Collect$$libshutdown$$0000000A)
    __rt_lib_shutdown_stdio_1                0x08000207   Thumb Code     0  libshutdown2.o(.ARM.Collect$$libshutdown$$00000004)
    __rt_lib_shutdown_user_alloc_1           0x08000207   Thumb Code     0  libshutdown2.o(.ARM.Collect$$libshutdown$$0000000C)
    __rt_entry                               0x08000209   Thumb Code     0  __rtentry.o(.ARM.Collect$$rtentry$$00000000)
    __rt_entry_presh_1                       0x08000209   Thumb Code     0  __rtentry2.o(.ARM.Collect$$rtentry$$00000002)
    __rt_entry_sh                            0x08000209   Thumb Code     0  __rtentry4.o(.ARM.Collect$$rtentry$$00000004)
    __rt_entry_li                            0x0800020f   Thumb Code     0  __rtentry2.o(.ARM.Collect$$rtentry$$0000000A)
    __rt_entry_postsh_1                      0x0800020f   Thumb Code     0  __rtentry2.o(.ARM.Collect$$rtentry$$00000009)
    __rt_entry_main                          0x08000213   Thumb Code     0  __rtentry2.o(.ARM.Collect$$rtentry$$0000000D)
    __rt_entry_postli_1                      0x08000213   Thumb Code     0  __rtentry2.o(.ARM.Collect$$rtentry$$0000000C)
    __rt_exit                                0x0800021b   Thumb Code     0  rtexit.o(.ARM.Collect$$rtexit$$00000000)
    __rt_exit_ls                             0x0800021d   Thumb Code     0  rtexit2.o(.ARM.Collect$$rtexit$$00000003)
    __rt_exit_prels_1                        0x0800021d   Thumb Code     0  rtexit2.o(.ARM.Collect$$rtexit$$00000002)
    __rt_exit_exit                           0x08000221   Thumb Code     0  rtexit2.o(.ARM.Collect$$rtexit$$00000004)
    Reset_Handler                            0x08000229   Thumb Code    60  startup_stm32l476xx.o(.text)
    NMI_Handler                              0x08000265   Thumb Code     2  startup_stm32l476xx.o(.text)
    HardFault_Handler                        0x08000267   Thumb Code     2  startup_stm32l476xx.o(.text)
    MemManage_Handler                        0x08000269   Thumb Code     2  startup_stm32l476xx.o(.text)
    BusFault_Handler                         0x0800026b   Thumb Code     2  startup_stm32l476xx.o(.text)
    UsageFault_Handler                       0x0800026d   Thumb Code     2  startup_stm32l476xx.o(.text)
    SVC_Handler                              0x0800026f   Thumb Code     2  startup_stm32l476xx.o(.text)
    DebugMon_Handler                         0x08000271   Thumb Code     2  startup_stm32l476xx.o(.text)
    PendSV_Handler                           0x08000273   Thumb Code     2  startup_stm32l476xx.o(.text)
    ADC1_2_IRQHandler                        0x08000277   Thumb Code     0  startup_stm32l476xx.o(.text)
    ADC3_IRQHandler                          0x08000277   Thumb Code     0  startup_stm32l476xx.o(.text)
    CAN1_RX0_IRQHandler                      0x08000277   Thumb Code     0  startup_stm32l476xx.o(.text)
    CAN1_RX1_IRQHandler                      0x08000277   Thumb Code     0  startup_stm32l476xx.o(.text)
    CAN1_SCE_IRQHandler                      0x08000277   Thumb Code     0  startup_stm32l476xx.o(.text)
    CAN1_TX_IRQHandler                       0x08000277   Thumb Code     0  startup_stm32l476xx.o(.text)
    COMP_IRQHandler                          0x08000277   Thumb Code     0  startup_stm32l476xx.o(.text)
    DFSDM0_IRQHandler                        0x08000277   Thumb Code     0  startup_stm32l476xx.o(.text)
    DFSDM1_IRQHandler                        0x08000277   Thumb Code     0  startup_stm32l476xx.o(.text)
    DFSDM2_IRQHandler                        0x08000277   Thumb Code     0  startup_stm32l476xx.o(.text)
    DFSDM3_IRQHandler                        0x08000277   Thumb Code     0  startup_stm32l476xx.o(.text)
    DMA1_Channel1_IRQHandler                 0x08000277   Thumb Code     0  startup_stm32l476xx.o(.text)
    DMA1_Channel2_IRQHandler                 0x08000277   Thumb Code     0  startup_stm32l476xx.o(.text)
    DMA1_Channel3_IRQHandler                 0x08000277   Thumb Code     0  startup_stm32l476xx.o(.text)
    DMA1_Channel4_IRQHandler                 0x08000277   Thumb Code     0  startup_stm32l476xx.o(.text)
    DMA1_Channel5_IRQHandler                 0x08000277   Thumb Code     0  startup_stm32l476xx.o(.text)
    DMA1_Channel6_IRQHandler                 0x08000277   Thumb Code     0  startup_stm32l476xx.o(.text)
    DMA1_Channel7_IRQHandler                 0x08000277   Thumb Code     0  startup_stm32l476xx.o(.text)
    DMA2_Channel1_IRQHandler                 0x08000277   Thumb Code     0  startup_stm32l476xx.o(.text)
    DMA2_Channel2_IRQHandler                 0x08000277   Thumb Code     0  startup_stm32l476xx.o(.text)
    DMA2_Channel3_IRQHandler                 0x08000277   Thumb Code     0  startup_stm32l476xx.o(.text)
    DMA2_Channel4_IRQHandler                 0x08000277   Thumb Code     0  startup_stm32l476xx.o(.text)
    DMA2_Channel5_IRQHandler                 0x08000277   Thumb Code     0  startup_stm32l476xx.o(.text)
    DMA2_Channel6_IRQHandler                 0x08000277   Thumb Code     0  startup_stm32l476xx.o(.text)
    DMA2_Channel7_IRQHandler                 0x08000277   Thumb Code     0  startup_stm32l476xx.o(.text)
    EXTI15_10_IRQHandler                     0x08000277   Thumb Code     0  startup_stm32l476xx.o(.text)
    EXTI4_IRQHandler                         0x08000277   Thumb Code     0  startup_stm32l476xx.o(.text)
    FLASH_IRQHandler                         0x08000277   Thumb Code     0  startup_stm32l476xx.o(.text)
    FMC_IRQHandler                           0x08000277   Thumb Code     0  startup_stm32l476xx.o(.text)
    FPU_IRQHandler                           0x08000277   Thumb Code     0  startup_stm32l476xx.o(.text)
    I2C1_ER_IRQHandler                       0x08000277   Thumb Code     0  startup_stm32l476xx.o(.text)
    I2C1_EV_IRQHandler                       0x08000277   Thumb Code     0  startup_stm32l476xx.o(.text)
    I2C2_ER_IRQHandler                       0x08000277   Thumb Code     0  startup_stm32l476xx.o(.text)
    I2C2_EV_IRQHandler                       0x08000277   Thumb Code     0  startup_stm32l476xx.o(.text)
    I2C3_ER_IRQHandler                       0x08000277   Thumb Code     0  startup_stm32l476xx.o(.text)
    I2C3_EV_IRQHandler                       0x08000277   Thumb Code     0  startup_stm32l476xx.o(.text)
    LCD_IRQHandler                           0x08000277   Thumb Code     0  startup_stm32l476xx.o(.text)
    LPTIM1_IRQHandler                        0x08000277   Thumb Code     0  startup_stm32l476xx.o(.text)
    LPTIM2_IRQHandler                        0x08000277   Thumb Code     0  startup_stm32l476xx.o(.text)
    LPUART1_IRQHandler                       0x08000277   Thumb Code     0  startup_stm32l476xx.o(.text)
    OTG_FS_IRQHandler                        0x08000277   Thumb Code     0  startup_stm32l476xx.o(.text)
    PVD_PVM_IRQHandler                       0x08000277   Thumb Code     0  startup_stm32l476xx.o(.text)
    QUADSPI_IRQHandler                       0x08000277   Thumb Code     0  startup_stm32l476xx.o(.text)
    RCC_IRQHandler                           0x08000277   Thumb Code     0  startup_stm32l476xx.o(.text)
    RNG_IRQHandler                           0x08000277   Thumb Code     0  startup_stm32l476xx.o(.text)
    RTC_Alarm_IRQHandler                     0x08000277   Thumb Code     0  startup_stm32l476xx.o(.text)
    RTC_WKUP_IRQHandler                      0x08000277   Thumb Code     0  startup_stm32l476xx.o(.text)
    SAI1_IRQHandler                          0x08000277   Thumb Code     0  startup_stm32l476xx.o(.text)
    SAI2_IRQHandler                          0x08000277   Thumb Code     0  startup_stm32l476xx.o(.text)
    SDMMC1_IRQHandler                        0x08000277   Thumb Code     0  startup_stm32l476xx.o(.text)
    SPI1_IRQHandler                          0x08000277   Thumb Code     0  startup_stm32l476xx.o(.text)
    SPI2_IRQHandler                          0x08000277   Thumb Code     0  startup_stm32l476xx.o(.text)
    SPI3_IRQHandler                          0x08000277   Thumb Code     0  startup_stm32l476xx.o(.text)
    SWPMI1_IRQHandler                        0x08000277   Thumb Code     0  startup_stm32l476xx.o(.text)
    TAMP_STAMP_IRQHandler                    0x08000277   Thumb Code     0  startup_stm32l476xx.o(.text)
    TIM1_BRK_TIM15_IRQHandler                0x08000277   Thumb Code     0  startup_stm32l476xx.o(.text)
    TIM1_CC_IRQHandler                       0x08000277   Thumb Code     0  startup_stm32l476xx.o(.text)
    TIM1_TRG_COM_TIM17_IRQHandler            0x08000277   Thumb Code     0  startup_stm32l476xx.o(.text)
    TIM1_UP_TIM16_IRQHandler                 0x08000277   Thumb Code     0  startup_stm32l476xx.o(.text)
    TIM2_IRQHandler                          0x08000277   Thumb Code     0  startup_stm32l476xx.o(.text)
    TIM3_IRQHandler                          0x08000277   Thumb Code     0  startup_stm32l476xx.o(.text)
    TIM4_IRQHandler                          0x08000277   Thumb Code     0  startup_stm32l476xx.o(.text)
    TIM5_IRQHandler                          0x08000277   Thumb Code     0  startup_stm32l476xx.o(.text)
    TIM6_DAC_IRQHandler                      0x08000277   Thumb Code     0  startup_stm32l476xx.o(.text)
    TIM7_IRQHandler                          0x08000277   Thumb Code     0  startup_stm32l476xx.o(.text)
    TIM8_BRK_IRQHandler                      0x08000277   Thumb Code     0  startup_stm32l476xx.o(.text)
    TIM8_CC_IRQHandler                       0x08000277   Thumb Code     0  startup_stm32l476xx.o(.text)
    TIM8_TRG_COM_IRQHandler                  0x08000277   Thumb Code     0  startup_stm32l476xx.o(.text)
    TIM8_UP_IRQHandler                       0x08000277   Thumb Code     0  startup_stm32l476xx.o(.text)
    TSC_IRQHandler                           0x08000277   Thumb Code     0  startup_stm32l476xx.o(.text)
    UART4_IRQHandler                         0x08000277   Thumb Code     0  startup_stm32l476xx.o(.text)
    UART5_IRQHandler                         0x08000277   Thumb Code     0  startup_stm32l476xx.o(.text)
    USART1_IRQHandler                        0x08000277   Thumb Code     0  startup_stm32l476xx.o(.text)
    USART2_IRQHandler                        0x08000277   Thumb Code     0  startup_stm32l476xx.o(.text)
    USART3_IRQHandler                        0x08000277   Thumb Code     0  startup_stm32l476xx.o(.text)
    WWDG_IRQHandler                          0x08000277   Thumb Code     0  startup_stm32l476xx.o(.text)
    __user_initial_stackheap                 0x08000279   Thumb Code     0  startup_stm32l476xx.o(.text)
    __use_two_region_memory                  0x080002ad   Thumb Code     2  heapauxi.o(.text)
    __rt_heap_escrow$2region                 0x080002af   Thumb Code     2  heapauxi.o(.text)
    __rt_heap_expand$2region                 0x080002b1   Thumb Code     2  heapauxi.o(.text)
    __user_setup_stackheap                   0x080002b3   Thumb Code    74  sys_stackheap_outer.o(.text)
    exit                                     0x080002fd   Thumb Code    18  exit.o(.text)
    __user_libspace                          0x08000311   Thumb Code     8  libspace.o(.text)
    __user_perproc_libspace                  0x08000311   Thumb Code     0  libspace.o(.text)
    __user_perthread_libspace                0x08000311   Thumb Code     0  libspace.o(.text)
    _sys_exit                                0x08000319   Thumb Code     8  sys_exit.o(.text)
    __I$use$semihosting                      0x08000325   Thumb Code     0  use_no_semi.o(.text)
    __use_no_semihosting_swi                 0x08000325   Thumb Code     2  use_no_semi.o(.text)
    __semihosting_library_function           0x08000327   Thumb Code     0  indicate_semi.o(.text)
    EXTI0_IRQHandler                         0x08000329   Thumb Code    80  interface.o(.text.EXTI0_IRQHandler)
    EXTI1_IRQHandler                         0x08000379   Thumb Code    86  interface.o(.text.EXTI1_IRQHandler)
    EXTI2_IRQHandler                         0x080003d1   Thumb Code    88  interface.o(.text.EXTI2_IRQHandler)
    EXTI3_IRQHandler                         0x08000429   Thumb Code    44  interface.o(.text.EXTI3_IRQHandler)
    EXTI9_5_IRQHandler                       0x08000455   Thumb Code   100  interface.o(.text.EXTI9_5_IRQHandler)
    EXTI_Init                                0x080004b9   Thumb Code   278  interface.o(.text.EXTI_Init)
    LCD_Clear                                0x080005d1   Thumb Code    40  lcd.o(.text.LCD_Clear)
    LCD_Clock_Init                           0x080005f9   Thumb Code   148  lcd.o(.text.LCD_Clock_Init)
    LCD_Configure                            0x0800068d   Thumb Code    90  lcd.o(.text.LCD_Configure)
    LCD_Display_Steps                        0x0800099d   Thumb Code   334  lcd.o(.text.LCD_Display_Steps)
    LCD_Display_TOD                          0x08000aed   Thumb Code   302  lcd.o(.text.LCD_Display_TOD)
    LCD_Display_Timer                        0x08000c1d   Thumb Code   294  lcd.o(.text.LCD_Display_Timer)
    LCD_Initialization                       0x08000d45   Thumb Code    20  lcd.o(.text.LCD_Initialization)
    LCD_PIN_Init                             0x08000d59   Thumb Code   344  lcd.o(.text.LCD_PIN_Init)
    LCD_WriteChar                            0x08000eb1   Thumb Code  1264  lcd.o(.text.LCD_WriteChar)
    LCD_bar                                  0x080013a1   Thumb Code   122  lcd.o(.text.LCD_bar)
    SysTick_Handler                          0x0800141d   Thumb Code    82  systick.o(.text.SysTick_Handler)
    SysTick_Initialize                       0x08001471   Thumb Code    50  systick.o(.text.SysTick_Initialize)
    USART_Delay                              0x080014a5   Thumb Code     2  uart.o(.text.USART_Delay)
    clockInit                                0x080014f9   Thumb Code    64  systick.o(.text.clockInit)
    countSteps                               0x08001539   Thumb Code   100  gyro.o(.text.countSteps)
    drive_LCD                                0x0800159d   Thumb Code    68  interface.o(.text.drive_LCD)
    getZ                                     0x080015e1   Thumb Code    18  gyro.o(.text.getZ)
    initializeGyro                           0x080015f5   Thumb Code   158  gyro.o(.text.initializeGyro)
    initializeSPI2                           0x08001695   Thumb Code   188  gyro.o(.text.initializeSPI2)
    joystick_Init                            0x08001751   Thumb Code    64  interface.o(.text.joystick_Init)
    main                                     0x08001791   Thumb Code    38  main.o(.text.main)
    readGyroLowHigh                          0x080017b9   Thumb Code    42  gyro.o(.text.readGyroLowHigh)
    readGyroRegister                         0x080017e5   Thumb Code   110  gyro.o(.text.readGyroRegister)
    scaler                                   0x08001859   Thumb Code    76  gyro.o(.text.scaler)
    timeDown                                 0x080018a5   Thumb Code   122  lcd.o(.text.timeDown)
    timeUp                                   0x08001921   Thumb Code   118  lcd.o(.text.timeUp)
    waitForNotBSY                            0x08001999   Thumb Code    16  gyro.o(.text.waitForNotBSY)
    waitForRXEmpty                           0x080019a9   Thumb Code    26  gyro.o(.text.waitForRXEmpty)
    waitForTXE                               0x080019c5   Thumb Code    16  gyro.o(.text.waitForTXE)
    writeGyroRegister                        0x080019d5   Thumb Code    96  gyro.o(.text.writeGyroRegister)
    __aeabi_d2f                              0x08001a35   Thumb Code     0  d2f.o(x$fpl$d2f)
    _d2f                                     0x08001a35   Thumb Code    98  d2f.o(x$fpl$d2f)
    __aeabi_dmul                             0x08001a99   Thumb Code     0  dmul.o(x$fpl$dmul)
    _dmul                                    0x08001a99   Thumb Code   332  dmul.o(x$fpl$dmul)
    __fpl_dnaninf                            0x08001bed   Thumb Code   156  dnaninf.o(x$fpl$dnaninf)
    __fpl_dretinf                            0x08001c89   Thumb Code    12  dretinf.o(x$fpl$dretinf)
    __aeabi_f2d                              0x08001c95   Thumb Code     0  f2d.o(x$fpl$f2d)
    _f2d                                     0x08001c95   Thumb Code    86  f2d.o(x$fpl$f2d)
    __fpl_fnaninf                            0x08001ceb   Thumb Code   140  fnaninf.o(x$fpl$fnaninf)
    _fp_init                                 0x08001d77   Thumb Code    26  fpinit.o(x$fpl$fpinit)
    __fplib_config_fpu_vfp                   0x08001d8f   Thumb Code     0  fpinit.o(x$fpl$fpinit)
    __fplib_config_pureend_doubles           0x08001d8f   Thumb Code     0  fpinit.o(x$fpl$fpinit)
    __fpl_fretinf                            0x08001d91   Thumb Code    10  fretinf.o(x$fpl$fretinf)
    CapLetterMap                             0x08001d9a   Data          52  lcd.o(.rodata.CapLetterMap)
    __I$use$fp                               0x08001d9a   Number         0  usenofp.o(x$fpl$usenofp)
    NumberMap                                0x08001dce   Data          20  lcd.o(.rodata.NumberMap)
    Region$$Table$$Base                      0x08001de4   Number         0  anon$$obj.o(Region$$Table)
    Image$$ER_IROM1$$RO$$Limit               0x08001e04   Number         0  anon$$obj.o ABSOLUTE
    Image$$ER_IROM1$$RW$$Base                0x08001e04   Number         0  anon$$obj.o ABSOLUTE
    Image$$ER_IROM1$$RW$$Limit               0x08001e04   Number         0  anon$$obj.o ABSOLUTE
    Image$$ER_IROM1$$ZI$$Base                0x08001e04   Number         0  anon$$obj.o ABSOLUTE
    Image$$ER_IROM1$$ZI$$Limit               0x08001e04   Number         0  anon$$obj.o ABSOLUTE
    Region$$Table$$Limit                     0x08001e04   Number         0  anon$$obj.o(Region$$Table)
    Load$$RW_IRAM1$$Base                     0x08001e08   Number         0  anon$$obj.o ABSOLUTE
    Image$$RW_IRAM1$$Base                    0x20000000   Number         0  anon$$obj.o ABSOLUTE
    Image$$RW_IRAM1$$RO$$Base                0x20000000   Number         0  anon$$obj.o ABSOLUTE
    Image$$RW_IRAM1$$RW$$Base                0x20000000   Number         0  anon$$obj.o ABSOLUTE
    joy_pressed                              0x20000000   Data           4  systick.o(.data.joy_pressed)
    minCount                                 0x20000004   Data           4  systick.o(.data.minCount)
    mornAft                                  0x20000008   Data           1  lcd.o(.data.mornAft)
    Image$$RW_IRAM1$$Limit                   0x20000010   Number         0  anon$$obj.o ABSOLUTE
    Image$$RW_IRAM1$$RW$$Limit               0x20000010   Number         0  anon$$obj.o ABSOLUTE
    Image$$RW_IRAM1$$ZI$$Base                0x20000010   Number         0  anon$$obj.o ABSOLUTE
    __libspace_start                         0x20000010   Data          96  libspace.o(.bss)
    AmPm_flag                                0x20000070   Data           1  lcd.o(.bss.AmPm_flag)
    __temporary_stack_top$libspace           0x20000070   Data           0  libspace.o(.bss)
    BAR                                      0x20000071   Data           1  lcd.o(.bss.BAR)
    configuring                              0x20000074   Data           4  systick.o(.bss.configuring)
    min                                      0x2000007c   Data           4  systick.o(.bss.min)
    ms                                       0x20000080   Data           4  systick.o(.bss.ms)
    pos                                      0x20000084   Data           4  systick.o(.bss.pos)
    screen_select                            0x20000088   Data           1  interface.o(.bss.screen_select)
    steps                                    0x2000008c   Data           4  gyro.o(.bss.steps)
    Image$$RW_IRAM1$$ZI$$Limit               0x20000690   Number         0  anon$$obj.o ABSOLUTE



==============================================================================

Memory Map of the image

  Image Entry point : 0x08000189

  Load Region LR_IROM1 (Base: 0x08000000, Size: 0x00001e18, Max: 0x00100000, ABSOLUTE)

    Execution Region ER_IROM1 (Exec base: 0x08000000, Load base: 0x08000000, Size: 0x00001e04, Max: 0x00100000, ABSOLUTE)

    Exec Addr    Load Addr    Size         Type   Attr      Idx    E Section Name        Object

    0x08000000   0x08000000   0x00000188   Data   RO          102    RESET               startup_stm32l476xx.o
    0x08000188   0x08000188   0x00000008   Code   RO          186  * !!!main             c_w.l(__main.o)
    0x08000190   0x08000190   0x00000034   Code   RO          364    !!!scatter          c_w.l(__scatter.o)
    0x080001c4   0x080001c4   0x0000001a   Code   RO          366    !!handler_copy      c_w.l(__scatter_copy.o)
    0x080001de   0x080001de   0x00000002   PAD
    0x080001e0   0x080001e0   0x0000001c   Code   RO          368    !!handler_zi        c_w.l(__scatter_zi.o)
    0x080001fc   0x080001fc   0x00000002   Code   RO          228    .ARM.Collect$$libinit$$00000000  c_w.l(libinit.o)
    0x080001fe   0x080001fe   0x00000004   Code   RO          234    .ARM.Collect$$libinit$$00000001  c_w.l(libinit2.o)
    0x08000202   0x08000202   0x00000000   Code   RO          237    .ARM.Collect$$libinit$$00000004  c_w.l(libinit2.o)
    0x08000202   0x08000202   0x00000000   Code   RO          240    .ARM.Collect$$libinit$$0000000A  c_w.l(libinit2.o)
    0x08000202   0x08000202   0x00000000   Code   RO          242    .ARM.Collect$$libinit$$0000000C  c_w.l(libinit2.o)
    0x08000202   0x08000202   0x00000000   Code   RO          244    .ARM.Collect$$libinit$$0000000E  c_w.l(libinit2.o)
    0x08000202   0x08000202   0x00000000   Code   RO          247    .ARM.Collect$$libinit$$00000011  c_w.l(libinit2.o)
    0x08000202   0x08000202   0x00000000   Code   RO          249    .ARM.Collect$$libinit$$00000013  c_w.l(libinit2.o)
    0x08000202   0x08000202   0x00000000   Code   RO          251    .ARM.Collect$$libinit$$00000015  c_w.l(libinit2.o)
    0x08000202   0x08000202   0x00000000   Code   RO          253    .ARM.Collect$$libinit$$00000017  c_w.l(libinit2.o)
    0x08000202   0x08000202   0x00000000   Code   RO          255    .ARM.Collect$$libinit$$00000019  c_w.l(libinit2.o)
    0x08000202   0x08000202   0x00000000   Code   RO          257    .ARM.Collect$$libinit$$0000001B  c_w.l(libinit2.o)
    0x08000202   0x08000202   0x00000000   Code   RO          259    .ARM.Collect$$libinit$$0000001D  c_w.l(libinit2.o)
    0x08000202   0x08000202   0x00000000   Code   RO          261    .ARM.Collect$$libinit$$0000001F  c_w.l(libinit2.o)
    0x08000202   0x08000202   0x00000000   Code   RO          263    .ARM.Collect$$libinit$$00000021  c_w.l(libinit2.o)
    0x08000202   0x08000202   0x00000000   Code   RO          265    .ARM.Collect$$libinit$$00000023  c_w.l(libinit2.o)
    0x08000202   0x08000202   0x00000000   Code   RO          267    .ARM.Collect$$libinit$$00000025  c_w.l(libinit2.o)
    0x08000202   0x08000202   0x00000000   Code   RO          271    .ARM.Collect$$libinit$$0000002C  c_w.l(libinit2.o)
    0x08000202   0x08000202   0x00000000   Code   RO          273    .ARM.Collect$$libinit$$0000002E  c_w.l(libinit2.o)
    0x08000202   0x08000202   0x00000000   Code   RO          275    .ARM.Collect$$libinit$$00000030  c_w.l(libinit2.o)
    0x08000202   0x08000202   0x00000000   Code   RO          277    .ARM.Collect$$libinit$$00000032  c_w.l(libinit2.o)
    0x08000202   0x08000202   0x00000002   Code   RO          278    .ARM.Collect$$libinit$$00000033  c_w.l(libinit2.o)
    0x08000204   0x08000204   0x00000002   Code   RO          300    .ARM.Collect$$libshutdown$$00000000  c_w.l(libshutdown.o)
    0x08000206   0x08000206   0x00000000   Code   RO          315    .ARM.Collect$$libshutdown$$00000002  c_w.l(libshutdown2.o)
    0x08000206   0x08000206   0x00000000   Code   RO          317    .ARM.Collect$$libshutdown$$00000004  c_w.l(libshutdown2.o)
    0x08000206   0x08000206   0x00000000   Code   RO          320    .ARM.Collect$$libshutdown$$00000007  c_w.l(libshutdown2.o)
    0x08000206   0x08000206   0x00000000   Code   RO          323    .ARM.Collect$$libshutdown$$0000000A  c_w.l(libshutdown2.o)
    0x08000206   0x08000206   0x00000000   Code   RO          325    .ARM.Collect$$libshutdown$$0000000C  c_w.l(libshutdown2.o)
    0x08000206   0x08000206   0x00000000   Code   RO          328    .ARM.Collect$$libshutdown$$0000000F  c_w.l(libshutdown2.o)
    0x08000206   0x08000206   0x00000002   Code   RO          329    .ARM.Collect$$libshutdown$$00000010  c_w.l(libshutdown2.o)
    0x08000208   0x08000208   0x00000000   Code   RO          194    .ARM.Collect$$rtentry$$00000000  c_w.l(__rtentry.o)
    0x08000208   0x08000208   0x00000000   Code   RO          205    .ARM.Collect$$rtentry$$00000002  c_w.l(__rtentry2.o)
    0x08000208   0x08000208   0x00000006   Code   RO          217    .ARM.Collect$$rtentry$$00000004  c_w.l(__rtentry4.o)
    0x0800020e   0x0800020e   0x00000000   Code   RO          207    .ARM.Collect$$rtentry$$00000009  c_w.l(__rtentry2.o)
    0x0800020e   0x0800020e   0x00000004   Code   RO          208    .ARM.Collect$$rtentry$$0000000A  c_w.l(__rtentry2.o)
    0x08000212   0x08000212   0x00000000   Code   RO          210    .ARM.Collect$$rtentry$$0000000C  c_w.l(__rtentry2.o)
    0x08000212   0x08000212   0x00000008   Code   RO          211    .ARM.Collect$$rtentry$$0000000D  c_w.l(__rtentry2.o)
    0x0800021a   0x0800021a   0x00000002   Code   RO          232    .ARM.Collect$$rtexit$$00000000  c_w.l(rtexit.o)
    0x0800021c   0x0800021c   0x00000000   Code   RO          280    .ARM.Collect$$rtexit$$00000002  c_w.l(rtexit2.o)
    0x0800021c   0x0800021c   0x00000004   Code   RO          281    .ARM.Collect$$rtexit$$00000003  c_w.l(rtexit2.o)
    0x08000220   0x08000220   0x00000006   Code   RO          282    .ARM.Collect$$rtexit$$00000004  c_w.l(rtexit2.o)
    0x08000226   0x08000226   0x00000002   PAD
    0x08000228   0x08000228   0x00000084   Code   RO          103    .text               startup_stm32l476xx.o
    0x080002ac   0x080002ac   0x00000006   Code   RO          184    .text               c_w.l(heapauxi.o)
    0x080002b2   0x080002b2   0x0000004a   Code   RO          219    .text               c_w.l(sys_stackheap_outer.o)
    0x080002fc   0x080002fc   0x00000012   Code   RO          221    .text               c_w.l(exit.o)
    0x0800030e   0x0800030e   0x00000002   PAD
    0x08000310   0x08000310   0x00000008   Code   RO          229    .text               c_w.l(libspace.o)
    0x08000318   0x08000318   0x0000000c   Code   RO          290    .text               c_w.l(sys_exit.o)
    0x08000324   0x08000324   0x00000002   Code   RO          305    .text               c_w.l(use_no_semi.o)
    0x08000326   0x08000326   0x00000000   Code   RO          307    .text               c_w.l(indicate_semi.o)
    0x08000326   0x08000326   0x00000002   PAD
    0x08000328   0x08000328   0x00000050   Code   RO          119    .text.EXTI0_IRQHandler  interface.o
    0x08000378   0x08000378   0x00000056   Code   RO          123    .text.EXTI1_IRQHandler  interface.o
    0x080003ce   0x080003ce   0x00000002   PAD
    0x080003d0   0x080003d0   0x00000058   Code   RO          125    .text.EXTI2_IRQHandler  interface.o
    0x08000428   0x08000428   0x0000002c   Code   RO          127    .text.EXTI3_IRQHandler  interface.o
    0x08000454   0x08000454   0x00000064   Code   RO          129    .text.EXTI9_5_IRQHandler  interface.o
    0x080004b8   0x080004b8   0x00000116   Code   RO          113    .text.EXTI_Init     interface.o
    0x080005ce   0x080005ce   0x00000002   PAD
    0x080005d0   0x080005d0   0x00000028   Code   RO          164    .text.LCD_Clear     lcd.o
    0x080005f8   0x080005f8   0x00000094   Code   RO          162    .text.LCD_Clock_Init  lcd.o
    0x0800068c   0x0800068c   0x0000005a   Code   RO          144    .text.LCD_Configure  lcd.o
    0x080006e6   0x080006e6   0x00000002   PAD
    0x080006e8   0x080006e8   0x000002b4   Code   RO          168    .text.LCD_Conv_Char_Seg  lcd.o
    0x0800099c   0x0800099c   0x0000014e   Code   RO          152    .text.LCD_Display_Steps  lcd.o
    0x08000aea   0x08000aea   0x00000002   PAD
    0x08000aec   0x08000aec   0x0000012e   Code   RO          154    .text.LCD_Display_TOD  lcd.o
    0x08000c1a   0x08000c1a   0x00000002   PAD
    0x08000c1c   0x08000c1c   0x00000126   Code   RO          150    .text.LCD_Display_Timer  lcd.o
    0x08000d42   0x08000d42   0x00000002   PAD
    0x08000d44   0x08000d44   0x00000014   Code   RO          160    .text.LCD_Initialization  lcd.o
    0x08000d58   0x08000d58   0x00000158   Code   RO          142    .text.LCD_PIN_Init  lcd.o
    0x08000eb0   0x08000eb0   0x000004f0   Code   RO          148    .text.LCD_WriteChar  lcd.o
    0x080013a0   0x080013a0   0x0000007a   Code   RO          166    .text.LCD_bar       lcd.o
    0x0800141a   0x0800141a   0x00000002   PAD
    0x0800141c   0x0800141c   0x00000052   Code   RO           51    .text.SysTick_Handler  systick.o
    0x0800146e   0x0800146e   0x00000002   PAD
    0x08001470   0x08001470   0x00000032   Code   RO           47    .text.SysTick_Initialize  systick.o
    0x080014a2   0x080014a2   0x00000002   PAD
    0x080014a4   0x080014a4   0x00000002   Code   RO           79    .text.USART_Delay   uart.o
    0x080014a6   0x080014a6   0x00000002   PAD
    0x080014a8   0x080014a8   0x00000016   Code   RO          121    .text.__NVIC_ClearPendingIRQ  interface.o
    0x080014be   0x080014be   0x00000002   PAD
    0x080014c0   0x080014c0   0x00000016   Code   RO          117    .text.__NVIC_EnableIRQ  interface.o
    0x080014d6   0x080014d6   0x00000002   PAD
    0x080014d8   0x080014d8   0x0000000e   Code   RO           49    .text.__NVIC_SetPriority  systick.o
    0x080014e6   0x080014e6   0x00000002   PAD
    0x080014e8   0x080014e8   0x00000010   Code   RO          115    .text.__NVIC_SetPriority  interface.o
    0x080014f8   0x080014f8   0x00000040   Code   RO           53    .text.clockInit     systick.o
    0x08001538   0x08001538   0x00000064   Code   RO           35    .text.countSteps    gyro.o
    0x0800159c   0x0800159c   0x00000044   Code   RO          131    .text.drive_LCD     interface.o
    0x080015e0   0x080015e0   0x00000012   Code   RO           33    .text.getZ          gyro.o
    0x080015f2   0x080015f2   0x00000002   PAD
    0x080015f4   0x080015f4   0x0000009e   Code   RO           23    .text.initializeGyro  gyro.o
    0x08001692   0x08001692   0x00000002   PAD
    0x08001694   0x08001694   0x000000bc   Code   RO           21    .text.initializeSPI2  gyro.o
    0x08001750   0x08001750   0x00000040   Code   RO          111    .text.joystick_Init  interface.o
    0x08001790   0x08001790   0x00000026   Code   RO            2    .text.main          main.o
    0x080017b6   0x080017b6   0x00000002   PAD
    0x080017b8   0x080017b8   0x0000002a   Code   RO           25    .text.readGyroLowHigh  gyro.o
    0x080017e2   0x080017e2   0x00000002   PAD
    0x080017e4   0x080017e4   0x0000006e   Code   RO           17    .text.readGyroRegister  gyro.o
    0x08001852   0x08001852   0x00000006   PAD
    0x08001858   0x08001858   0x0000004c   Code   RO           27    .text.scaler        gyro.o
    0x080018a4   0x080018a4   0x0000007a   Code   RO          158    .text.timeDown      lcd.o
    0x0800191e   0x0800191e   0x00000002   PAD
    0x08001920   0x08001920   0x00000076   Code   RO          156    .text.timeUp        lcd.o
    0x08001996   0x08001996   0x00000002   PAD
    0x08001998   0x08001998   0x00000010   Code   RO           11    .text.waitForNotBSY  gyro.o
    0x080019a8   0x080019a8   0x0000001a   Code   RO           15    .text.waitForRXEmpty  gyro.o
    0x080019c2   0x080019c2   0x00000002   PAD
    0x080019c4   0x080019c4   0x00000010   Code   RO           13    .text.waitForTXE    gyro.o
    0x080019d4   0x080019d4   0x00000060   Code   RO           19    .text.writeGyroRegister  gyro.o
    0x08001a34   0x08001a34   0x00000062   Code   RO          188    x$fpl$d2f           fz_wm.l(d2f.o)
    0x08001a96   0x08001a96   0x00000002   PAD
    0x08001a98   0x08001a98   0x00000154   Code   RO          190    x$fpl$dmul          fz_wm.l(dmul.o)
    0x08001bec   0x08001bec   0x0000009c   Code   RO          195    x$fpl$dnaninf       fz_wm.l(dnaninf.o)
    0x08001c88   0x08001c88   0x0000000c   Code   RO          197    x$fpl$dretinf       fz_wm.l(dretinf.o)
    0x08001c94   0x08001c94   0x00000056   Code   RO          192    x$fpl$f2d           fz_wm.l(f2d.o)
    0x08001cea   0x08001cea   0x0000008c   Code   RO          199    x$fpl$fnaninf       fz_wm.l(fnaninf.o)
    0x08001d76   0x08001d76   0x0000001a   Code   RO          288    x$fpl$fpinit        fz_wm.l(fpinit.o)
    0x08001d90   0x08001d90   0x0000000a   Code   RO          201    x$fpl$fretinf       fz_wm.l(fretinf.o)
    0x08001d9a   0x08001d9a   0x00000000   Code   RO          203    x$fpl$usenofp       fz_wm.l(usenofp.o)
    0x08001d9a   0x08001d9a   0x00000034   Data   RO          172    .rodata.CapLetterMap  lcd.o
    0x08001dce   0x08001dce   0x00000014   Data   RO          173    .rodata.NumberMap   lcd.o
    0x08001de2   0x08001de2   0x00000002   PAD
    0x08001de4   0x08001de4   0x00000020   Data   RO          363    Region$$Table       anon$$obj.o


    Execution Region RW_IRAM1 (Exec base: 0x20000000, Load base: 0x08001e08, Size: 0x00000690, Max: 0x00018000, ABSOLUTE)

    Exec Addr    Load Addr    Size         Type   Attr      Idx    E Section Name        Object

    0x20000000   0x08001e08   0x00000004   Data   RW           55    .data.joy_pressed   systick.o
    0x20000004   0x08001e0c   0x00000004   Data   RW           56    .data.minCount      systick.o
    0x20000008   0x08001e10   0x00000001   Data   RW          170    .data.mornAft       lcd.o
    0x20000009   0x08001e11   0x00000007   PAD
    0x20000010        -       0x00000060   Zero   RW          230    .bss                c_w.l(libspace.o)
    0x20000070        -       0x00000001   Zero   RW          171    .bss.AmPm_flag      lcd.o
    0x20000071        -       0x00000001   Zero   RW          174    .bss.BAR            lcd.o
    0x20000072   0x08001e11   0x00000002   PAD
    0x20000074        -       0x00000004   Zero   RW           57    .bss.configuring    systick.o
    0x20000078        -       0x00000001   Zero   RW           37    .bss.lookingForNeg  gyro.o
    0x20000079   0x08001e11   0x00000003   PAD
    0x2000007c        -       0x00000004   Zero   RW           59    .bss.min            systick.o
    0x20000080        -       0x00000004   Zero   RW           58    .bss.ms             systick.o
    0x20000084        -       0x00000004   Zero   RW           60    .bss.pos            systick.o
    0x20000088        -       0x00000001   Zero   RW          133    .bss.screen_select  interface.o
    0x20000089   0x08001e11   0x00000003   PAD
    0x2000008c        -       0x00000004   Zero   RW           38    .bss.steps          gyro.o
    0x20000090        -       0x00000200   Zero   RW          101    HEAP                startup_stm32l476xx.o
    0x20000290        -       0x00000400   Zero   RW          100    STACK               startup_stm32l476xx.o


==============================================================================

Image component sizes


      Code (inc. data)   RO Data    RW Data    ZI Data      Debug   Object Name

       846         28          0          0          5       5146   gyro.o
       868          0          0          0          1       6661   interface.o
      3890        460         72          1          2       8841   lcd.o
        38          0          0          0          0        335   main.o
       132         42        392          0       1536        844   startup_stm32l476xx.o
       210          0          0          8         16       5214   systick.o
         2          0          0          0          0       3386   uart.o

    ----------------------------------------------------------------------
      6032        530        498         12       1572      30427   Object Totals
         0          0         32          0          0          0   (incl. Generated)
        46          0          2          3         12          0   (incl. Padding)

    ----------------------------------------------------------------------

      Code (inc. data)   RO Data    RW Data    ZI Data      Debug   Library Member Name

         8          0          0          0          0         68   __main.o
         0          0          0          0          0          0   __rtentry.o
        12          0          0          0          0          0   __rtentry2.o
         6          0          0          0          0          0   __rtentry4.o
        52          8          0          0          0          0   __scatter.o
        26          0          0          0          0          0   __scatter_copy.o
        28          0          0          0          0          0   __scatter_zi.o
        18          0          0          0          0         80   exit.o
         6          0          0          0          0        152   heapauxi.o
         0          0          0          0          0          0   indicate_semi.o
         2          0          0          0          0          0   libinit.o
         6          0          0          0          0          0   libinit2.o
         2          0          0          0          0          0   libshutdown.o
         2          0          0          0          0          0   libshutdown2.o
         8          4          0          0         96         68   libspace.o
         2          0          0          0          0          0   rtexit.o
        10          0          0          0          0          0   rtexit2.o
        12          4          0          0          0         68   sys_exit.o
        74          0          0          0          0         80   sys_stackheap_outer.o
         2          0          0          0          0         68   use_no_semi.o
        98          4          0          0          0        140   d2f.o
       340         12          0          0          0        152   dmul.o
       156          4          0          0          0        140   dnaninf.o
        12          0          0          0          0        116   dretinf.o
        86          4          0          0          0        132   f2d.o
       140          4          0          0          0        132   fnaninf.o
        26          0          0          0          0        116   fpinit.o
        10          0          0          0          0        116   fretinf.o
         0          0          0          0          0          0   usenofp.o

    ----------------------------------------------------------------------
      1154         44          0          0         96       1628   Library Totals
        10          0          0          0          0          0   (incl. Padding)

    ----------------------------------------------------------------------

      Code (inc. data)   RO Data    RW Data    ZI Data      Debug   Library Name

       276         16          0          0         96        584   c_w.l
       868         28          0          0          0       1044   fz_wm.l

    ----------------------------------------------------------------------
      1154         44          0          0         96       1628   Library Totals

    ----------------------------------------------------------------------

==============================================================================


      Code (inc. data)   RO Data    RW Data    ZI Data      Debug   

      7186        574        498         12       1668      31099   Grand Totals
      7186        574        498         12       1668      31099   ELF Image Totals
      7186        574        498         12          0          0   ROM Totals

==============================================================================

    Total RO  Size (Code + RO Data)                 7684 (   7.50kB)
    Total RW  Size (RW Data + ZI Data)              1680 (   1.64kB)
    Total ROM Size (Code + RO Data + RW Data)       7696 (   7.52kB)

==============================================================================

