Component: ARM Compiler 6.16 Tool: armlink [5dfeaa00]

==============================================================================

Section Cross References

    main.o(.text.main) refers to systick.o(.text.clockInit) for clockInit
    main.o(.text.main) refers to systick.o(.text.SysTick_Initialize) for SysTick_Initialize
    main.o(.text.main) refers to interface.o(.text.joystick_Init) for joystick_Init
    main.o(.text.main) refers to lcd.o(.text.LCD_Initialization) for LCD_Initialization
    main.o(.text.main) refers to interface.o(.text.EXTI_Init) for EXTI_Init
    main.o(.text.main) refers to gyro.o(.text.initializeGyro) for initializeGyro
    main.o(.text.main) refers to interface.o(.text.drive_LCD) for drive_LCD
    main.o(.text.main) refers to gyro.o(.text.countSteps) for countSteps
    main.o(.ARM.exidx.text.main) refers to main.o(.text.main) for [Anonymous Symbol]
    gyro.o(.text) refers (Special) to _printf_f.o(.ARM.Collect$$_printf_percent$$00000003) for _printf_f
    gyro.o(.text) refers (Special) to printf1.o(x$fpl$printf1) for _printf_fp_dec
    gyro.o(.text) refers (Special) to _printf_hex_int.o(.text) for _printf_longlong_hex
    gyro.o(.text) refers (Special) to _printf_percent.o(.ARM.Collect$$_printf_percent$$00000000) for _printf_percent
    gyro.o(.text) refers (Special) to _printf_s.o(.ARM.Collect$$_printf_percent$$00000014) for _printf_s
    gyro.o(.text) refers (Special) to _printf_str.o(.text) for _printf_str
    gyro.o(.text) refers (Special) to _printf_x.o(.ARM.Collect$$_printf_percent$$0000000C) for _printf_x
    gyro.o(.text.printUART) refers (Special) to _printf_f.o(.ARM.Collect$$_printf_percent$$00000003) for _printf_f
    gyro.o(.text.printUART) refers (Special) to printf1.o(x$fpl$printf1) for _printf_fp_dec
    gyro.o(.text.printUART) refers (Special) to _printf_hex_int.o(.text) for _printf_longlong_hex
    gyro.o(.text.printUART) refers (Special) to _printf_percent.o(.ARM.Collect$$_printf_percent$$00000000) for _printf_percent
    gyro.o(.text.printUART) refers (Special) to _printf_s.o(.ARM.Collect$$_printf_percent$$00000014) for _printf_s
    gyro.o(.text.printUART) refers (Special) to _printf_str.o(.text) for _printf_str
    gyro.o(.text.printUART) refers (Special) to _printf_x.o(.ARM.Collect$$_printf_percent$$0000000C) for _printf_x
    gyro.o(.text.printUART) refers to __2sprintf.o(.text) for __2sprintf
    gyro.o(.text.printUART) refers to uart.o(.text.USART_Write) for USART_Write
    gyro.o(.ARM.exidx.text.printUART) refers (Special) to _printf_f.o(.ARM.Collect$$_printf_percent$$00000003) for _printf_f
    gyro.o(.ARM.exidx.text.printUART) refers (Special) to printf1.o(x$fpl$printf1) for _printf_fp_dec
    gyro.o(.ARM.exidx.text.printUART) refers (Special) to _printf_hex_int.o(.text) for _printf_longlong_hex
    gyro.o(.ARM.exidx.text.printUART) refers (Special) to _printf_percent.o(.ARM.Collect$$_printf_percent$$00000000) for _printf_percent
    gyro.o(.ARM.exidx.text.printUART) refers (Special) to _printf_s.o(.ARM.Collect$$_printf_percent$$00000014) for _printf_s
    gyro.o(.ARM.exidx.text.printUART) refers (Special) to _printf_str.o(.text) for _printf_str
    gyro.o(.ARM.exidx.text.printUART) refers (Special) to _printf_x.o(.ARM.Collect$$_printf_percent$$0000000C) for _printf_x
    gyro.o(.ARM.exidx.text.printUART) refers to gyro.o(.text.printUART) for [Anonymous Symbol]
    gyro.o(.text.waitForNotBSY) refers (Special) to _printf_f.o(.ARM.Collect$$_printf_percent$$00000003) for _printf_f
    gyro.o(.text.waitForNotBSY) refers (Special) to printf1.o(x$fpl$printf1) for _printf_fp_dec
    gyro.o(.text.waitForNotBSY) refers (Special) to _printf_hex_int.o(.text) for _printf_longlong_hex
    gyro.o(.text.waitForNotBSY) refers (Special) to _printf_percent.o(.ARM.Collect$$_printf_percent$$00000000) for _printf_percent
    gyro.o(.text.waitForNotBSY) refers (Special) to _printf_s.o(.ARM.Collect$$_printf_percent$$00000014) for _printf_s
    gyro.o(.text.waitForNotBSY) refers (Special) to _printf_str.o(.text) for _printf_str
    gyro.o(.text.waitForNotBSY) refers (Special) to _printf_x.o(.ARM.Collect$$_printf_percent$$0000000C) for _printf_x
    gyro.o(.ARM.exidx.text.waitForNotBSY) refers (Special) to _printf_f.o(.ARM.Collect$$_printf_percent$$00000003) for _printf_f
    gyro.o(.ARM.exidx.text.waitForNotBSY) refers (Special) to printf1.o(x$fpl$printf1) for _printf_fp_dec
    gyro.o(.ARM.exidx.text.waitForNotBSY) refers (Special) to _printf_hex_int.o(.text) for _printf_longlong_hex
    gyro.o(.ARM.exidx.text.waitForNotBSY) refers (Special) to _printf_percent.o(.ARM.Collect$$_printf_percent$$00000000) for _printf_percent
    gyro.o(.ARM.exidx.text.waitForNotBSY) refers (Special) to _printf_s.o(.ARM.Collect$$_printf_percent$$00000014) for _printf_s
    gyro.o(.ARM.exidx.text.waitForNotBSY) refers (Special) to _printf_str.o(.text) for _printf_str
    gyro.o(.ARM.exidx.text.waitForNotBSY) refers (Special) to _printf_x.o(.ARM.Collect$$_printf_percent$$0000000C) for _printf_x
[...]
    defsig_rtmem_outer.o(.text) refers to defsig_rtmem_inner.o(.text) for __rt_SIGRTMEM_inner
    defsig_rtmem_outer.o(.text) refers to defsig_exit.o(.text) for __sig_exit
    defsig_rtmem_formal.o(.text) refers to rt_raise.o(.text) for __rt_raise
    libshutdown.o(.ARM.Collect$$libshutdown$$00000000) refers (Special) to libshutdown2.o(.ARM.Collect$$libshutdown$$00000002) for __rt_lib_shutdown_cpp_1
    libshutdown.o(.ARM.Collect$$libshutdown$$00000000) refers (Special) to libshutdown2.o(.ARM.Collect$$libshutdown$$00000007) for __rt_lib_shutdown_fp_trap_1
    libshutdown.o(.ARM.Collect$$libshutdown$$00000000) refers (Special) to libshutdown2.o(.ARM.Collect$$libshutdown$$0000000F) for __rt_lib_shutdown_heap_1
    libshutdown.o(.ARM.Collect$$libshutdown$$00000000) refers (Special) to libshutdown2.o(.ARM.Collect$$libshutdown$$00000010) for __rt_lib_shutdown_return
    libshutdown.o(.ARM.Collect$$libshutdown$$00000000) refers (Special) to libshutdown2.o(.ARM.Collect$$libshutdown$$0000000A) for __rt_lib_shutdown_signal_1
    libshutdown.o(.ARM.Collect$$libshutdown$$00000000) refers (Special) to libshutdown2.o(.ARM.Collect$$libshutdown$$00000004) for __rt_lib_shutdown_stdio_1
    libshutdown.o(.ARM.Collect$$libshutdown$$00000000) refers (Special) to libshutdown2.o(.ARM.Collect$$libshutdown$$0000000C) for __rt_lib_shutdown_user_alloc_1
    rt_raise.o(.text) refers to __raise.o(.text) for __raise
    rt_raise.o(.text) refers to sys_exit.o(.text) for _sys_exit
    defsig_exit.o(.text) refers to sys_exit.o(.text) for _sys_exit
    defsig_rtmem_inner.o(.text) refers to defsig_general.o(.text) for __default_signal_display
    __raise.o(.text) refers to defsig.o(CL$$defsig) for __default_signal_handler
    defsig_general.o(.text) refers to sys_wrch.o(.text) for _ttywrch
    sys_wrch.o(.text) refers (Special) to use_no_semi.o(.text) for __I$use$semihosting
    sys_wrch.o(.text) refers (Special) to indicate_semi.o(.text) for __semihosting_library_function
    sys_wrch_hlt.o(.text) refers (Special) to use_no_semi.o(.text) for __I$use$semihosting
    sys_wrch_hlt.o(.text) refers (Special) to indicate_semi.o(.text) for __semihosting_library_function
    defsig.o(CL$$defsig) refers to defsig_rtmem_inner.o(.text) for __rt_SIGRTMEM_inner
    defsig_abrt_inner.o(.text) refers to defsig_general.o(.text) for __default_signal_display
    defsig_fpe_inner.o(.text) refers to defsig_general.o(.text) for __default_signal_display
    defsig_rtred_inner.o(.text) refers to defsig_general.o(.text) for __default_signal_display
    defsig_stak_inner.o(.text) refers to defsig_general.o(.text) for __default_signal_display
    defsig_pvfn_inner.o(.text) refers to defsig_general.o(.text) for __default_signal_display
    defsig_cppl_inner.o(.text) refers to defsig_general.o(.text) for __default_signal_display
    defsig_segv_inner.o(.text) refers to defsig_general.o(.text) for __default_signal_display
    defsig_other.o(.text) refers to defsig_general.o(.text) for __default_signal_display


==============================================================================

Removing Unused input sections from the image.

    Removing main.o(.text), (0 bytes).
    Removing main.o(.ARM.exidx.text.main), (8 bytes).
    Removing main.o(.ARM.use_no_argv), (4 bytes).
    Removing gyro.o(.text), (0 bytes).
    Removing gyro.o(.text.printUART), (44 bytes).
    Removing gyro.o(.ARM.exidx.text.printUART), (8 bytes).
    Removing gyro.o(.ARM.exidx.text.waitForNotBSY), (8 bytes).
    Removing gyro.o(.ARM.exidx.text.waitForTXE), (8 bytes).
    Removing gyro.o(.ARM.exidx.text.waitForRXEmpty), (8 bytes).
    Removing gyro.o(.ARM.exidx.text.readGyroRegister), (8 bytes).
    Removing gyro.o(.ARM.exidx.text.writeGyroRegister), (8 bytes).
    Removing gyro.o(.ARM.exidx.text.initializeSPI2), (8 bytes).
    Removing gyro.o(.ARM.exidx.text.initializeGyro), (8 bytes).
    Removing gyro.o(.text.verboseInitializeGyro), (244 bytes).
    Removing gyro.o(.ARM.exidx.text.verboseInitializeGyro), (8 bytes).
    Removing gyro.o(.ARM.exidx.text.readGyroLowHigh), (8 bytes).
    Removing gyro.o(.ARM.exidx.text.scaler), (8 bytes).
    Removing gyro.o(.text.getX), (18 bytes).
    Removing gyro.o(.ARM.exidx.text.getX), (8 bytes).
    Removing gyro.o(.text.getY), (18 bytes).
    Removing gyro.o(.ARM.exidx.text.getY), (8 bytes).
    Removing gyro.o(.ARM.exidx.text.getZ), (8 bytes).
    Removing gyro.o(.text.printXYZ), (136 bytes).
    Removing gyro.o(.ARM.exidx.text.printXYZ), (8 bytes).
    Removing gyro.o(.text.gyrodefault_tester), (128 bytes).
    Removing gyro.o(.ARM.exidx.text.gyrodefault_tester), (8 bytes).
    Removing gyro.o(.ARM.exidx.text.countSteps), (8 bytes).
    Removing gyro.o(.rodata.str1.1), (107 bytes).
    Removing gyro.o(.rodata.cst8), (8 bytes).
    Removing systick.o(.text), (0 bytes).
    Removing systick.o(.ARM.exidx.text.SysTick_Initialize), (8 bytes).
    Removing systick.o(.ARM.exidx.text.__NVIC_SetPriority), (8 bytes).
    Removing systick.o(.ARM.exidx.text.SysTick_Handler), (8 bytes).
    Removing systick.o(.ARM.exidx.text.clockInit), (8 bytes).
    Removing uart.o(.text), (0 bytes).
    Removing uart.o(.text.UART2_Init), (56 bytes).
    Removing uart.o(.ARM.exidx.text.UART2_Init), (8 bytes).
    Removing uart.o(.text.UART2_GPIO_Init), (82 bytes).
    Removing uart.o(.ARM.exidx.text.UART2_GPIO_Init), (8 bytes).
    Removing uart.o(.text.USART_Init), (184 bytes).
    Removing uart.o(.ARM.exidx.text.USART_Init), (8 bytes).
    Removing uart.o(.text.USART_Read), (12 bytes).
    Removing uart.o(.ARM.exidx.text.USART_Read), (8 bytes).
    Removing uart.o(.text.USART_Write), (44 bytes).
    Removing uart.o(.ARM.exidx.text.USART_Write), (8 bytes).
    Removing uart.o(.ARM.exidx.text.USART_Delay), (8 bytes).
    Removing uart.o(.text.USART_IRQHandler), (74 bytes).
    Removing uart.o(.ARM.exidx.text.USART_IRQHandler), (8 bytes).
    Removing sysclock.o(.text), (0 bytes).
    Removing sysclock.o(.text.System_Clock_Init), (284 bytes).
    Removing sysclock.o(.ARM.exidx.text.System_Clock_Init), (8 bytes).
    Removing core_cm4_constants.o(__DEFINES_STM32F4_CORE4_xx_DUMMY), (0 bytes).
    Removing stm32l476xx_constants.o(__DEFINES_STM32L4_xx_DUMMY), (0 bytes).
    Removing interface.o(.text), (0 bytes).
    Removing interface.o(.ARM.exidx.text.joystick_Init), (8 bytes).
    Removing interface.o(.ARM.exidx.text.EXTI_Init), (8 bytes).
    Removing interface.o(.ARM.exidx.text.__NVIC_SetPriority), (8 bytes).
    Removing interface.o(.ARM.exidx.text.__NVIC_EnableIRQ), (8 bytes).
    Removing interface.o(.ARM.exidx.text.EXTI0_IRQHandler), (8 bytes).
    Removing interface.o(.ARM.exidx.text.__NVIC_ClearPendingIRQ), (8 bytes).
    Removing interface.o(.ARM.exidx.text.EXTI1_IRQHandler), (8 bytes).
    Removing interface.o(.ARM.exidx.text.EXTI2_IRQHandler), (8 bytes).
    Removing interface.o(.ARM.exidx.text.EXTI3_IRQHandler), (8 bytes).
    Removing interface.o(.ARM.exidx.text.EXTI9_5_IRQHandler), (8 bytes).
    Removing interface.o(.ARM.exidx.text.drive_LCD), (8 bytes).
    Removing lcd.o(.text), (0 bytes).
    Removing lcd.o(.ARM.exidx.text.LCD_PIN_Init), (8 bytes).
    Removing lcd.o(.ARM.exidx.text.LCD_Configure), (8 bytes).
    Removing lcd.o(.text.LCD_DisplayString), (42 bytes).
    Removing lcd.o(.ARM.exidx.text.LCD_DisplayString), (8 bytes).
    Removing lcd.o(.ARM.exidx.text.LCD_WriteChar), (8 bytes).
    Removing lcd.o(.ARM.exidx.text.LCD_Display_Timer), (8 bytes).
    Removing lcd.o(.ARM.exidx.text.LCD_Display_Steps), (8 bytes).
    Removing lcd.o(.ARM.exidx.text.LCD_Display_TOD), (8 bytes).
    Removing lcd.o(.ARM.exidx.text.timeUp), (8 bytes).
    Removing lcd.o(.ARM.exidx.text.timeDown), (8 bytes).
    Removing lcd.o(.ARM.exidx.text.LCD_Initialization), (8 bytes).
    Removing lcd.o(.ARM.exidx.text.LCD_Clock_Init), (8 bytes).
    Removing lcd.o(.ARM.exidx.text.LCD_Clear), (8 bytes).
    Removing lcd.o(.ARM.exidx.text.LCD_bar), (8 bytes).
    Removing lcd.o(.ARM.exidx.text.LCD_Conv_Char_Seg), (8 bytes).

81 unused section(s) (total 1925 bytes) removed from the image.

==============================================================================

Image Symbol Table

    Local Symbols

    Symbol Name                              Value     Ov Type        Size  Object(Section)

    ../Lab2 GPIO/core_cm4_constants.s        0x00000000   Number         0  core_cm4_constants.o ABSOLUTE
    ../Lab2 GPIO/startup_stm32l476xx.s       0x00000000   Number         0  startup_stm32l476xx.o ABSOLUTE
    ../Lab2 GPIO/stm32l476xx_constants.s     0x00000000   Number         0  stm32l476xx_constants.o ABSOLUTE
    ../clib/angel/boardlib.s                 0x00000000   Number         0  boardinit1.o ABSOLUTE
    ../clib/angel/boardlib.s                 0x00000000   Number         0  boardinit2.o ABSOLUTE
    ../clib/angel/boardlib.s                 0x00000000   Number         0  boardinit3.o ABSOLUTE
    ../clib/angel/boardlib.s                 0x00000000   Number         0  boardshut.o ABSOLUTE
    ../clib/angel/handlers.s                 0x00000000   Number         0  __scatter_copy.o ABSOLUTE
    ../clib/angel/handlers.s                 0x00000000   Number         0  __scatter_zi.o ABSOLUTE
    ../clib/angel/kernel.s                   0x00000000   Number         0  __rtentry.o ABSOLUTE
    ../clib/angel/kernel.s                   0x00000000   Number         0  __rtentry2.o ABSOLUTE
    ../clib/angel/kernel.s                   0x00000000   Number         0  __rtentry4.o ABSOLUTE
    ../clib/angel/kernel.s                   0x00000000   Number         0  rtexit.o ABSOLUTE
    ../clib/angel/kernel.s                   0x00000000   Number         0  rtexit2.o ABSOLUTE
    ../clib/angel/rt.s                       0x00000000   Number         0  rt_locale.o ABSOLUTE
    ../clib/angel/rt.s                       0x00000000   Number         0  rt_locale_intlibspace.o ABSOLUTE
    ../clib/angel/rt.s                       0x00000000   Number         0  rt_raise.o ABSOLUTE
    ../clib/angel/scatter.s                  0x00000000   Number         0  __scatter.o ABSOLUTE
    ../clib/angel/startup.s                  0x00000000   Number         0  __main.o ABSOLUTE
    ../clib/angel/sys.s                      0x00000000   Number         0  libspace.o ABSOLUTE
    ../clib/angel/sys.s                      0x00000000   Number         0  sys_stackheap_outer.o ABSOLUTE
    ../clib/angel/sys.s                      0x00000000   Number         0  use_no_semi.o ABSOLUTE
    ../clib/angel/sys.s                      0x00000000   Number         0  indicate_semi.o ABSOLUTE
    ../clib/angel/sysapp.c                   0x00000000   Number         0  sys_command.o ABSOLUTE
    ../clib/angel/sysapp.c                   0x00000000   Number         0  sys_exit.o ABSOLUTE
    ../clib/angel/sysapp.c                   0x00000000   Number         0  sys_command_hlt.o ABSOLUTE
    ../clib/angel/sysapp.c                   0x00000000   Number         0  sys_exit_hlt.o ABSOLUTE
    ../clib/angel/sysapp.c                   0x00000000   Number         0  sys_wrch.o ABSOLUTE
    ../clib/angel/sysapp.c                   0x00000000   Number         0  sys_wrch_hlt.o ABSOLUTE
    ../clib/armsys.c                         0x00000000   Number         0  argv_veneer.o ABSOLUTE
    ../clib/armsys.c                         0x00000000   Number         0  argv_veneer.o ABSOLUTE
    ../clib/armsys.c                         0x00000000   Number         0  _get_argv_nomalloc.o ABSOLUTE
    ../clib/armsys.c                         0x00000000   Number         0  no_argv.o ABSOLUTE
    ../clib/bigflt.c                         0x00000000   Number         0  bigflt0.o ABSOLUTE
    ../clib/btod.s                           0x00000000   Number         0  btod.o ABSOLUTE
    ../clib/btod_accurate.c                  0x00000000   Number         0  btod_accurate.o ABSOLUTE
    ../clib/btod_accurate.c                  0x00000000   Number         0  btod_accurate_common.o ABSOLUTE
    ../clib/heapalloc.c                      0x00000000   Number         0  hrguard.o ABSOLUTE
    ../clib/heapaux.c                        0x00000000   Number         0  heapauxi.o ABSOLUTE
    ../clib/libinit.s                        0x00000000   Number         0  libinit.o ABSOLUTE
    ../clib/libinit.s                        0x00000000   Number         0  libinit2.o ABSOLUTE
    ../clib/libinit.s                        0x00000000   Number         0  libshutdown.o ABSOLUTE
    ../clib/libinit.s                        0x00000000   Number         0  libshutdown2.o ABSOLUTE
    ../clib/locale.s                         0x00000000   Number         0  lc_numeric_c.o ABSOLUTE
    ../clib/longlong.s                       0x00000000   Number         0  lludiv10.o ABSOLUTE
    ../clib/longlong.s                       0x00000000   Number         0  llushr.o ABSOLUTE
    ../clib/memcpset.s                       0x00000000   Number         0  strcmpv7em.o ABSOLUTE
    ../clib/misc.s                           0x00000000   Number         0  printf_stubs.o ABSOLUTE
    ../clib/printf.c                         0x00000000   Number         0  __2sprintf.o ABSOLUTE
    ../clib/printf.c                         0x00000000   Number         0  noretval__2sprintf.o ABSOLUTE
    ../clib/printf.c                         0x00000000   Number         0  __printf.o ABSOLUTE
    ../clib/printf.c                         0x00000000   Number         0  _printf_str.o ABSOLUTE
    ../clib/printf.c                         0x00000000   Number         0  _printf_hex_ll.o ABSOLUTE
    ../clib/printf.c                         0x00000000   Number         0  _printf_hex_int.o ABSOLUTE
    ../clib/printf.c                         0x00000000   Number         0  _printf_hex_int_ll.o ABSOLUTE
    ../clib/printf.c                         0x00000000   Number         0  _printf_hex_ptr.o ABSOLUTE
    ../clib/printf.c                         0x00000000   Number         0  _printf_hex_int_ptr.o ABSOLUTE
    ../clib/printf.c                         0x00000000   Number         0  _printf_hex_ll_ptr.o ABSOLUTE
    ../clib/printf.c                         0x00000000   Number         0  _printf_hex_int_ll_ptr.o ABSOLUTE
    ../clib/printf.c                         0x00000000   Number         0  __printf_flags.o ABSOLUTE
    ../clib/printf.c                         0x00000000   Number         0  __printf_ss.o ABSOLUTE
    ../clib/printf.c                         0x00000000   Number         0  __printf_flags_ss.o ABSOLUTE
    ../clib/printf.c                         0x00000000   Number         0  __printf_wp.o ABSOLUTE
    ../clib/printf.c                         0x00000000   Number         0  __printf_flags_wp.o ABSOLUTE
    ../clib/printf.c                         0x00000000   Number         0  __printf_ss_wp.o ABSOLUTE
    ../clib/printf.c                         0x00000000   Number         0  __printf_flags_ss_wp.o ABSOLUTE
    ../clib/printf.c                         0x00000000   Number         0  _printf_intcommon.o ABSOLUTE
    ../clib/printf.c                         0x00000000   Number         0  _printf_fp_dec.o ABSOLUTE
    ../clib/printf.c                         0x00000000   Number         0  _printf_fp_dec_accurate.o ABSOLUTE
    ../clib/printf.c                         0x00000000   Number         0  _printf_char_common.o ABSOLUTE
    ../clib/printf.c                         0x00000000   Number         0  _sputc.o ABSOLUTE
    ../clib/printf.c                         0x00000000   Number         0  _printf_char.o ABSOLUTE
    ../clib/printf.c                         0x00000000   Number         0  _printf_fp_infnan.o ABSOLUTE
    ../clib/printf.c                         0x00000000   Number         0  __printf_nopercent.o ABSOLUTE
    ../clib/printf_percent.s                 0x00000000   Number         0  _printf_s.o ABSOLUTE
    ../clib/printf_percent.s                 0x00000000   Number         0  _printf_x.o ABSOLUTE
    ../clib/printf_percent.s                 0x00000000   Number         0  _printf_f.o ABSOLUTE
    ../clib/printf_percent.s                 0x00000000   Number         0  _printf_percent.o ABSOLUTE
    ../clib/printf_percent.s                 0x00000000   Number         0  _printf_percent_end.o ABSOLUTE
    ../clib/signal.c                         0x00000000   Number         0  defsig_rtmem_outer.o ABSOLUTE
    ../clib/signal.c                         0x00000000   Number         0  defsig_rtmem_formal.o ABSOLUTE
    ../clib/signal.c                         0x00000000   Number         0  defsig_exit.o ABSOLUTE
    ../clib/signal.c                         0x00000000   Number         0  defsig_rtmem_inner.o ABSOLUTE
    ../clib/signal.c                         0x00000000   Number         0  __raise.o ABSOLUTE
    ../clib/signal.c                         0x00000000   Number         0  defsig_general.o ABSOLUTE
    ../clib/signal.c                         0x00000000   Number         0  defsig_abrt_inner.o ABSOLUTE
    ../clib/signal.c                         0x00000000   Number         0  defsig_fpe_inner.o ABSOLUTE
    ../clib/signal.c                         0x00000000   Number         0  defsig_rtred_inner.o ABSOLUTE
    ../clib/signal.c                         0x00000000   Number         0  defsig_stak_inner.o ABSOLUTE
    ../clib/signal.c                         0x00000000   Number         0  defsig_pvfn_inner.o ABSOLUTE
    ../clib/signal.c                         0x00000000   Number         0  defsig_cppl_inner.o ABSOLUTE
    ../clib/signal.c                         0x00000000   Number         0  defsig_segv_inner.o ABSOLUTE
    ../clib/signal.c                         0x00000000   Number         0  defsig_other.o ABSOLUTE
    ../clib/signal.s                         0x00000000   Number         0  defsig.o ABSOLUTE
    ../clib/stdlib.c                         0x00000000   Number         0  exit.o ABSOLUTE
    ../fplib/d2f.s                           0x00000000   Number         0  d2f.o ABSOLUTE
    ../fplib/dmul.s                          0x00000000   Number         0  dmul.o ABSOLUTE
    ../fplib/dnaninf.s                       0x00000000   Number         0  dnaninf.o ABSOLUTE
    ../fplib/dretinf.s                       0x00000000   Number         0  dretinf.o ABSOLUTE
    ../fplib/f2d.s                           0x00000000   Number         0  f2d.o ABSOLUTE
    ../fplib/fnaninf.s                       0x00000000   Number         0  fnaninf.o ABSOLUTE
    ../fplib/fpinit.s                        0x00000000   Number         0  fpinit.o ABSOLUTE
    ../fplib/fretinf.s                       0x00000000   Number         0  fretinf.o ABSOLUTE
    ../fplib/istatus.s                       0x00000000   Number         0  istatus.o ABSOLUTE
    ../fplib/printf1.s                       0x00000000   Number         0  printf1.o ABSOLUTE
    ../fplib/usenofp.s                       0x00000000   Number         0  usenofp.o ABSOLUTE
    ../mathlib/fpclassify.c                  0x00000000   Number         0  fpclassify.o ABSOLUTE
    Interface.c                              0x00000000   Number         0  interface.o ABSOLUTE
    LCD.c                                    0x00000000   Number         0  lcd.o ABSOLUTE
    SysClock.c                               0x00000000   Number         0  sysclock.o ABSOLUTE
    SysTick.c                                0x00000000   Number         0  systick.o ABSOLUTE
    UART.c                                   0x00000000   Number         0  uart.o ABSOLUTE
    dc.s                                     0x00000000   Number         0  dc.o ABSOLUTE
    gyro.c                                   0x00000000   Number         0  gyro.o ABSOLUTE
    main.c                                   0x00000000   Number         0  main.o ABSOLUTE
    RESET                                    0x08000000   Section      392  startup_stm32l476xx.o(RESET)
    !!!main                                  0x08000188   Section        8  __main.o(!!!main)
    !!!scatter                               0x08000190   Section       52  __scatter.o(!!!scatter)
    !!handler_copy                           0x080001c4   Section       26  __scatter_copy.o(!!handler_copy)
    !!handler_zi                             0x080001e0   Section       28  __scatter_zi.o(!!handler_zi)
    .ARM.Collect$$_printf_percent$$00000000  0x080001fc   Section        0  _printf_percent.o(.ARM.Collect$$_printf_percent$$00000000)
    .ARM.Collect$$_printf_percent$$00000003  0x080001fc   Section        6  _printf_f.o(.ARM.Collect$$_printf_percent$$00000003)
    .ARM.Collect$$_printf_percent$$0000000C  0x08000202   Section        6  _printf_x.o(.ARM.Collect$$_printf_percent$$0000000C)
    .ARM.Collect$$_printf_percent$$00000014  0x08000208   Section        6  _printf_s.o(.ARM.Collect$$_printf_percent$$00000014)
    .ARM.Collect$$_printf_percent$$00000017  0x0800020e   Section        4  _printf_percent_end.o(.ARM.Collect$$_printf_percent$$00000017)
    .ARM.Collect$$libinit$$00000000          0x08000212   Section        2  libinit.o(.ARM.Collect$$libinit$$00000000)
    .ARM.Collect$$libinit$$00000001          0x08000214   Section        4  libinit2.o(.ARM.Collect$$libinit$$00000001)
    .ARM.Collect$$libinit$$00000004          0x08000218   Section        0  libinit2.o(.ARM.Collect$$libinit$$00000004)
    .ARM.Collect$$libinit$$0000000A          0x08000218   Section        0  libinit2.o(.ARM.Collect$$libinit$$0000000A)
    .ARM.Collect$$libinit$$0000000C          0x08000218   Section        0  libinit2.o(.ARM.Collect$$libinit$$0000000C)
    .ARM.Collect$$libinit$$0000000E          0x08000218   Section        0  libinit2.o(.ARM.Collect$$libinit$$0000000E)
    .ARM.Collect$$libinit$$0000000F          0x08000218   Section        6  libinit2.o(.ARM.Collect$$libinit$$0000000F)
    .ARM.Collect$$libinit$$00000011          0x0800021e   Section        0  libinit2.o(.ARM.Collect$$libinit$$00000011)
    .ARM.Collect$$libinit$$00000013          0x0800021e   Section        0  libinit2.o(.ARM.Collect$$libinit$$00000013)
    .ARM.Collect$$libinit$$00000015          0x0800021e   Section        0  libinit2.o(.ARM.Collect$$libinit$$00000015)
    .ARM.Collect$$libinit$$00000016          0x0800021e   Section       10  libinit2.o(.ARM.Collect$$libinit$$00000016)
    .ARM.Collect$$libinit$$00000017          0x08000228   Section        0  libinit2.o(.ARM.Collect$$libinit$$00000017)
    .ARM.Collect$$libinit$$00000019          0x08000228   Section        0  libinit2.o(.ARM.Collect$$libinit$$00000019)
    .ARM.Collect$$libinit$$0000001B          0x08000228   Section        0  libinit2.o(.ARM.Collect$$libinit$$0000001B)
    .ARM.Collect$$libinit$$0000001D          0x08000228   Section        0  libinit2.o(.ARM.Collect$$libinit$$0000001D)
    .ARM.Collect$$libinit$$0000001F          0x08000228   Section        0  libinit2.o(.ARM.Collect$$libinit$$0000001F)
    .ARM.Collect$$libinit$$00000021          0x08000228   Section        0  libinit2.o(.ARM.Collect$$libinit$$00000021)
    .ARM.Collect$$libinit$$00000023          0x08000228   Section        0  libinit2.o(.ARM.Collect$$libinit$$00000023)
    .ARM.Collect$$libinit$$00000025          0x08000228   Section        0  libinit2.o(.ARM.Collect$$libinit$$00000025)
    .ARM.Collect$$libinit$$0000002C          0x08000228   Section        0  libinit2.o(.ARM.Collect$$libinit$$0000002C)
    .ARM.Collect$$libinit$$0000002E          0x08000228   Section        0  libinit2.o(.ARM.Collect$$libinit$$0000002E)
    .ARM.Collect$$libinit$$00000030          0x08000228   Section        0  libinit2.o(.ARM.Collect$$libinit$$00000030)
    .ARM.Collect$$libinit$$00000032          0x08000228   Section        0  libinit2.o(.ARM.Collect$$libinit$$00000032)
    .ARM.Collect$$libinit$$00000033          0x08000228   Section        2  libinit2.o(.ARM.Collect$$libinit$$00000033)
    .ARM.Collect$$libshutdown$$00000000      0x0800022a   Section        2  libshutdown.o(.ARM.Collect$$libshutdown$$00000000)
    .ARM.Collect$$libshutdown$$00000002      0x0800022c   Section        0  libshutdown2.o(.ARM.Collect$$libshutdown$$00000002)
    .ARM.Collect$$libshutdown$$00000004      0x0800022c   Section        0  libshutdown2.o(.ARM.Collect$$libshutdown$$00000004)
    .ARM.Collect$$libshutdown$$00000007      0x0800022c   Section        0  libshutdown2.o(.ARM.Collect$$libshutdown$$00000007)
    .ARM.Collect$$libshutdown$$0000000A      0x0800022c   Section        0  libshutdown2.o(.ARM.Collect$$libshutdown$$0000000A)
    .ARM.Collect$$libshutdown$$0000000C      0x0800022c   Section        0  libshutdown2.o(.ARM.Collect$$libshutdown$$0000000C)
    .ARM.Collect$$libshutdown$$0000000F      0x0800022c   Section        0  libshutdown2.o(.ARM.Collect$$libshutdown$$0000000F)
    .ARM.Collect$$libshutdown$$00000010      0x0800022c   Section        2  libshutdown2.o(.ARM.Collect$$libshutdown$$00000010)
    .ARM.Collect$$rtentry$$00000000          0x0800022e   Section        0  __rtentry.o(.ARM.Collect$$rtentry$$00000000)
    .ARM.Collect$$rtentry$$00000002          0x0800022e   Section        0  __rtentry2.o(.ARM.Collect$$rtentry$$00000002)
    .ARM.Collect$$rtentry$$00000004          0x0800022e   Section        6  __rtentry4.o(.ARM.Collect$$rtentry$$00000004)
    .ARM.Collect$$rtentry$$00000009          0x08000234   Section        0  __rtentry2.o(.ARM.Collect$$rtentry$$00000009)
    .ARM.Collect$$rtentry$$0000000A          0x08000234   Section        4  __rtentry2.o(.ARM.Collect$$rtentry$$0000000A)
    .ARM.Collect$$rtentry$$0000000C          0x08000238   Section        0  __rtentry2.o(.ARM.Collect$$rtentry$$0000000C)
    .ARM.Collect$$rtentry$$0000000D          0x08000238   Section        8  __rtentry2.o(.ARM.Collect$$rtentry$$0000000D)
    .ARM.Collect$$rtexit$$00000000           0x08000240   Section        2  rtexit.o(.ARM.Collect$$rtexit$$00000000)
    .ARM.Collect$$rtexit$$00000002           0x08000242   Section        0  rtexit2.o(.ARM.Collect$$rtexit$$00000002)
    .ARM.Collect$$rtexit$$00000003           0x08000242   Section        4  rtexit2.o(.ARM.Collect$$rtexit$$00000003)
    .ARM.Collect$$rtexit$$00000004           0x08000246   Section        6  rtexit2.o(.ARM.Collect$$rtexit$$00000004)
    $v0                                      0x0800024c   Number         0  startup_stm32l476xx.o(.text)
    .text                                    0x0800024c   Section      132  startup_stm32l476xx.o(.text)
    .text                                    0x080002d0   Section        0  _printf_str.o(.text)
    .text                                    0x08000324   Section        0  _printf_hex_int.o(.text)
    .text                                    0x0800037c   Section        0  heapauxi.o(.text)
    .text                                    0x08000382   Section        0  _printf_intcommon.o(.text)
    _fp_digits                               0x08000435   Thumb Code   432  _printf_fp_dec.o(.text)
    .text                                    0x08000434   Section        0  _printf_fp_dec.o(.text)
    .text                                    0x08000856   Section        0  _printf_char.o(.text)
    .text                                    0x08000884   Section        8  rt_locale_intlibspace.o(.text)
    .text                                    0x0800088c   Section      138  lludiv10.o(.text)
    .text                                    0x08000918   Section        0  _printf_fp_infnan.o(.text)
    .text                                    0x08000998   Section        0  bigflt0.o(.text)
    .text                                    0x08000a7c   Section        8  libspace.o(.text)
    .text                                    0x08000a84   Section       74  sys_stackheap_outer.o(.text)
    .text                                    0x08000ace   Section        0  exit.o(.text)
    .text                                    0x08000ae0   Section      124  strcmpv7em.o(.text)
    .text                                    0x08000b5c   Section        0  sys_exit.o(.text)
    .text                                    0x08000b68   Section        2  use_no_semi.o(.text)
    .text                                    0x08000b6a   Section        0  indicate_semi.o(.text)
    [Anonymous Symbol]                       0x08000b6c   Section        0  interface.o(.text.EXTI0_IRQHandler)
    [Anonymous Symbol]                       0x08000bbc   Section        0  interface.o(.text.EXTI1_IRQHandler)
    [Anonymous Symbol]                       0x08000c14   Section        0  interface.o(.text.EXTI2_IRQHandler)
    [Anonymous Symbol]                       0x08000c6c   Section        0  interface.o(.text.EXTI3_IRQHandler)
    [Anonymous Symbol]                       0x08000c98   Section        0  interface.o(.text.EXTI9_5_IRQHandler)
    [Anonymous Symbol]                       0x08000cfc   Section        0  interface.o(.text.EXTI_Init)
    [Anonymous Symbol]                       0x08000e14   Section        0  lcd.o(.text.LCD_Clear)
    [Anonymous Symbol]                       0x08000e3c   Section        0  lcd.o(.text.LCD_Clock_Init)
    [Anonymous Symbol]                       0x08000ed0   Section        0  lcd.o(.text.LCD_Configure)
    LCD_Conv_Char_Seg                        0x08000f2d   Thumb Code   692  lcd.o(.text.LCD_Conv_Char_Seg)
    [Anonymous Symbol]                       0x08000f2c   Section        0  lcd.o(.text.LCD_Conv_Char_Seg)
    [Anonymous Symbol]                       0x080011e0   Section        0  lcd.o(.text.LCD_Display_Steps)
    [Anonymous Symbol]                       0x08001330   Section        0  lcd.o(.text.LCD_Display_TOD)
    [Anonymous Symbol]                       0x08001404   Section        0  lcd.o(.text.LCD_Display_Timer)
    [Anonymous Symbol]                       0x0800152c   Section        0  lcd.o(.text.LCD_Initialization)
    [Anonymous Symbol]                       0x08001540   Section        0  lcd.o(.text.LCD_PIN_Init)
    [Anonymous Symbol]                       0x08001698   Section        0  lcd.o(.text.LCD_WriteChar)
    [Anonymous Symbol]                       0x08001b88   Section        0  lcd.o(.text.LCD_bar)
    [Anonymous Symbol]                       0x08001c04   Section        0  systick.o(.text.SysTick_Handler)
    [Anonymous Symbol]                       0x08001c58   Section        0  systick.o(.text.SysTick_Initialize)
    [Anonymous Symbol]                       0x08001c8c   Section        0  uart.o(.text.USART_Delay)
    __NVIC_ClearPendingIRQ                   0x08001c91   Thumb Code    22  interface.o(.text.__NVIC_ClearPendingIRQ)
    [Anonymous Symbol]                       0x08001c90   Section        0  interface.o(.text.__NVIC_ClearPendingIRQ)
    __NVIC_EnableIRQ                         0x08001ca9   Thumb Code    22  interface.o(.text.__NVIC_EnableIRQ)
    [Anonymous Symbol]                       0x08001ca8   Section        0  interface.o(.text.__NVIC_EnableIRQ)
    __NVIC_SetPriority                       0x08001cc1   Thumb Code    14  systick.o(.text.__NVIC_SetPriority)
    [Anonymous Symbol]                       0x08001cc0   Section        0  systick.o(.text.__NVIC_SetPriority)
    __NVIC_SetPriority                       0x08001cd1   Thumb Code    16  interface.o(.text.__NVIC_SetPriority)
    [Anonymous Symbol]                       0x08001cd0   Section        0  interface.o(.text.__NVIC_SetPriority)
    [Anonymous Symbol]                       0x08001ce0   Section        0  systick.o(.text.clockInit)
    [Anonymous Symbol]                       0x08001d20   Section        0  gyro.o(.text.countSteps)
    [Anonymous Symbol]                       0x08001d84   Section        0  interface.o(.text.drive_LCD)
    [Anonymous Symbol]                       0x08001dc8   Section        0  gyro.o(.text.getZ)
    [Anonymous Symbol]                       0x08001ddc   Section        0  gyro.o(.text.initializeGyro)
    [Anonymous Symbol]                       0x08001e7c   Section        0  gyro.o(.text.initializeSPI2)
    [Anonymous Symbol]                       0x08001f38   Section        0  interface.o(.text.joystick_Init)
    [Anonymous Symbol]                       0x08001f78   Section        0  main.o(.text.main)
    [Anonymous Symbol]                       0x08001fa0   Section        0  gyro.o(.text.readGyroLowHigh)
    [Anonymous Symbol]                       0x08001fcc   Section        0  gyro.o(.text.readGyroRegister)
    [Anonymous Symbol]                       0x08002040   Section        0  gyro.o(.text.scaler)
    [Anonymous Symbol]                       0x0800208c   Section        0  lcd.o(.text.timeDown)
    [Anonymous Symbol]                       0x08002108   Section        0  lcd.o(.text.timeUp)
    [Anonymous Symbol]                       0x08002180   Section        0  gyro.o(.text.waitForNotBSY)
    [Anonymous Symbol]                       0x08002190   Section        0  gyro.o(.text.waitForRXEmpty)
    [Anonymous Symbol]                       0x080021ac   Section        0  gyro.o(.text.waitForTXE)
    [Anonymous Symbol]                       0x080021bc   Section        0  gyro.o(.text.writeGyroRegister)
    CL$$btod_d2e                             0x0800221c   Section       62  btod.o(CL$$btod_d2e)
    CL$$btod_d2e_denorm_low                  0x0800225a   Section       70  btod.o(CL$$btod_d2e_denorm_low)
    CL$$btod_d2e_norm_op1                    0x080022a0   Section       96  btod.o(CL$$btod_d2e_norm_op1)
    CL$$btod_div_common                      0x08002300   Section      824  btod.o(CL$$btod_div_common)
    CL$$btod_e2e                             0x08002638   Section      220  btod.o(CL$$btod_e2e)
    CL$$btod_ediv                            0x08002714   Section       42  btod.o(CL$$btod_ediv)
    CL$$btod_emul                            0x0800273e   Section       42  btod.o(CL$$btod_emul)
    CL$$btod_mult_common                     0x08002768   Section      580  btod.o(CL$$btod_mult_common)
    i.__ARM_fpclassify                       0x080029ac   Section        0  fpclassify.o(i.__ARM_fpclassify)
    locale$$code                             0x080029dc   Section       44  lc_numeric_c.o(locale$$code)
    $v0                                      0x08002a08   Number         0  d2f.o(x$fpl$d2f)
    x$fpl$d2f                                0x08002a08   Section       98  d2f.o(x$fpl$d2f)
    $v0                                      0x08002a6c   Number         0  dmul.o(x$fpl$dmul)
    x$fpl$dmul                               0x08002a6c   Section      340  dmul.o(x$fpl$dmul)
    $v0                                      0x08002bc0   Number         0  dnaninf.o(x$fpl$dnaninf)
    x$fpl$dnaninf                            0x08002bc0   Section      156  dnaninf.o(x$fpl$dnaninf)
    $v0                                      0x08002c5c   Number         0  dretinf.o(x$fpl$dretinf)
    x$fpl$dretinf                            0x08002c5c   Section       12  dretinf.o(x$fpl$dretinf)
    $v0                                      0x08002c68   Number         0  f2d.o(x$fpl$f2d)
    x$fpl$f2d                                0x08002c68   Section       86  f2d.o(x$fpl$f2d)
    $v0                                      0x08002cbe   Number         0  fnaninf.o(x$fpl$fnaninf)
    x$fpl$fnaninf                            0x08002cbe   Section      140  fnaninf.o(x$fpl$fnaninf)
    $v0                                      0x08002d4a   Number         0  fpinit.o(x$fpl$fpinit)
    x$fpl$fpinit                             0x08002d4a   Section       26  fpinit.o(x$fpl$fpinit)
    $v0                                      0x08002d64   Number         0  fretinf.o(x$fpl$fretinf)
    x$fpl$fretinf                            0x08002d64   Section       10  fretinf.o(x$fpl$fretinf)
    $v0                                      0x08002d6e   Number         0  printf1.o(x$fpl$printf1)
    x$fpl$printf1                            0x08002d6e   Section        4  printf1.o(x$fpl$printf1)
    uc_hextab                                0x08002d72   Data          20  _printf_hex_int.o(.constdata)
    .constdata                               0x08002d72   Section       40  _printf_hex_int.o(.constdata)
    x$fpl$usenofp                            0x08002d72   Section        0  usenofp.o(x$fpl$usenofp)
    lc_hextab                                0x08002d86   Data          20  _printf_hex_int.o(.constdata)
    tenpwrs_x                                0x08002d9c   Data          60  bigflt0.o(.constdata)
    .constdata                               0x08002d9c   Section      148  bigflt0.o(.constdata)
    tenpwrs_i                                0x08002dd8   Data          64  bigflt0.o(.constdata)
    locale$$data                             0x08002e98   Section       28  lc_numeric_c.o(locale$$data)
    __lcnum_c_name                           0x08002e9c   Data           2  lc_numeric_c.o(locale$$data)
    __lcnum_c_start                          0x08002ea4   Data           0  lc_numeric_c.o(locale$$data)
    __lcnum_c_point                          0x08002eb0   Data           0  lc_numeric_c.o(locale$$data)
    __lcnum_c_thousands                      0x08002eb2   Data           0  lc_numeric_c.o(locale$$data)
    __lcnum_c_grouping                       0x08002eb3   Data           0  lc_numeric_c.o(locale$$data)
    __lcnum_c_end                            0x08002eb4   Data           0  lc_numeric_c.o(locale$$data)
    .bss                                     0x20000010   Section       96  libspace.o(.bss)
    lookingForNeg                            0x20000078   Data           1  gyro.o(.bss.lookingForNeg)
    [Anonymous Symbol]                       0x20000078   Section        0  gyro.o(.bss.lookingForNeg)
    Heap_Mem                                 0x20000090   Data         512  startup_stm32l476xx.o(HEAP)
    HEAP                                     0x20000090   Section      512  startup_stm32l476xx.o(HEAP)
    Stack_Mem                                0x20000290   Data        1024  startup_stm32l476xx.o(STACK)
    STACK                                    0x20000290   Section     1024  startup_stm32l476xx.o(STACK)
    __initial_sp                             0x20000690   Data           0  startup_stm32l476xx.o(STACK)

    Global Symbols

    Symbol Name                              Value     Ov Type        Size  Object(Section)

    BuildAttributes$$THM_ISAv4$E$P$D$K$B$S$7EM$VFPi3$EXTD16$VFPS$VFMA$PE$A:L22UL41UL21$X:L11$S22US41US21$IEEE1$IW$~IW$USESV6$~STKCKD$USESV7$~SHL$OTIME$ROPI$IEEEJ$EBA8$UX$STANDARDLIB$REQ8$PRES8$EABIv2 0x00000000   Number         0  anon$$obj.o ABSOLUTE
    Image$$ER_IROM1$$RW$$Length              0x00000000   Number         0  anon$$obj.o ABSOLUTE
    Image$$ER_IROM1$$ZI$$Length              0x00000000   Number         0  anon$$obj.o ABSOLUTE
    Image$$RW_IRAM1$$RO$$Length              0x00000000   Number         0  anon$$obj.o ABSOLUTE
    _printf_flags                            0x00000000   Number         0  printf_stubs.o ABSOLUTE
    _printf_return_value                     0x00000000   Number         0  printf_stubs.o ABSOLUTE
    _printf_sizespec                         0x00000000   Number         0  printf_stubs.o ABSOLUTE
    _printf_widthprec                        0x00000000   Number         0  printf_stubs.o ABSOLUTE
    __ARM_exceptions_init                     - Undefined Weak Reference
    __alloca_initialize                       - Undefined Weak Reference
    __arm_preinit_                            - Undefined Weak Reference
    __cpp_initialize__aeabi_                  - Undefined Weak Reference
    __cxa_finalize                            - Undefined Weak Reference
    __sigvec_lookup                           - Undefined Weak Reference
    _atexit_init                              - Undefined Weak Reference
    _call_atexit_fns                          - Undefined Weak Reference
    _clock_init                               - Undefined Weak Reference
    _fp_trap_init                             - Undefined Weak Reference
    _fp_trap_shutdown                         - Undefined Weak Reference
    _get_lc_collate                           - Undefined Weak Reference
    _get_lc_ctype                             - Undefined Weak Reference
    _get_lc_monetary                          - Undefined Weak Reference
    _get_lc_time                              - Undefined Weak Reference
    _getenv_init                              - Undefined Weak Reference
    _handle_redirection                       - Undefined Weak Reference
    _init_alloc                               - Undefined Weak Reference
    _init_user_alloc                          - Undefined Weak Reference
    _initio                                   - Undefined Weak Reference
    _printf_mbtowc                            - Undefined Weak Reference
    _printf_post_padding                      - Undefined Weak Reference
    _printf_pre_padding                       - Undefined Weak Reference
    _printf_truncate_unsigned                 - Undefined Weak Reference
    _rand_init                                - Undefined Weak Reference
    _signal_finish                            - Undefined Weak Reference
    _signal_init                              - Undefined Weak Reference
    _terminate_alloc                          - Undefined Weak Reference
    _terminate_user_alloc                     - Undefined Weak Reference
    _terminateio                              - Undefined Weak Reference
    Image$$RW_IRAM1$$Length                  0x00000010   Number         0  anon$$obj.o ABSOLUTE
    Image$$RW_IRAM1$$RW$$Length              0x00000010   Number         0  anon$$obj.o ABSOLUTE
    __Vectors_Size                           0x00000188   Number         0  startup_stm32l476xx.o ABSOLUTE
    Image$$RW_IRAM1$$ZI$$Length              0x00000680   Number         0  anon$$obj.o ABSOLUTE
    Image$$ER_IROM1$$RO$$Length              0x00002eb4   Number         0  anon$$obj.o ABSOLUTE
    Image$$ER_IROM1$$RO$$Base                0x08000000   Number         0  anon$$obj.o ABSOLUTE
    Load$$ER_IROM1$$Base                     0x08000000   Number         0  anon$$obj.o ABSOLUTE
    __Vectors                                0x08000000   Data           4  startup_stm32l476xx.o(RESET)
    __Vectors_End                            0x08000188   Data           0  startup_stm32l476xx.o(RESET)
    __main                                   0x08000189   Thumb Code     8  __main.o(!!!main)
    __scatterload                            0x08000191   Thumb Code     0  __scatter.o(!!!scatter)
    __scatterload_rt2                        0x08000191   Thumb Code    44  __scatter.o(!!!scatter)
    __scatterload_rt2_thumb_only             0x08000191   Thumb Code     0  __scatter.o(!!!scatter)
    __scatterload_null                       0x0800019f   Thumb Code     0  __scatter.o(!!!scatter)
    __scatterload_copy                       0x080001c5   Thumb Code    26  __scatter_copy.o(!!handler_copy)
    __scatterload_zeroinit                   0x080001e1   Thumb Code    28  __scatter_zi.o(!!handler_zi)
    _printf_f                                0x080001fd   Thumb Code     0  _printf_f.o(.ARM.Collect$$_printf_percent$$00000003)
    _printf_percent                          0x080001fd   Thumb Code     0  _printf_percent.o(.ARM.Collect$$_printf_percent$$00000000)
    _printf_x                                0x08000203   Thumb Code     0  _printf_x.o(.ARM.Collect$$_printf_percent$$0000000C)
    _printf_s                                0x08000209   Thumb Code     0  _printf_s.o(.ARM.Collect$$_printf_percent$$00000014)
    _printf_percent_end                      0x0800020f   Thumb Code     0  _printf_percent_end.o(.ARM.Collect$$_printf_percent$$00000017)
    __rt_lib_init                            0x08000213   Thumb Code     0  libinit.o(.ARM.Collect$$libinit$$00000000)
    __rt_lib_init_fp_1                       0x08000215   Thumb Code     0  libinit2.o(.ARM.Collect$$libinit$$00000001)
    __rt_lib_init_heap_1                     0x08000219   Thumb Code     0  libinit2.o(.ARM.Collect$$libinit$$0000000A)
    __rt_lib_init_lc_common                  0x08000219   Thumb Code     0  libinit2.o(.ARM.Collect$$libinit$$0000000F)
    __rt_lib_init_preinit_1                  0x08000219   Thumb Code     0  libinit2.o(.ARM.Collect$$libinit$$00000004)
    __rt_lib_init_rand_1                     0x08000219   Thumb Code     0  libinit2.o(.ARM.Collect$$libinit$$0000000E)
    __rt_lib_init_user_alloc_1               0x08000219   Thumb Code     0  libinit2.o(.ARM.Collect$$libinit$$0000000C)
    __rt_lib_init_lc_collate_1               0x0800021f   Thumb Code     0  libinit2.o(.ARM.Collect$$libinit$$00000011)
    __rt_lib_init_lc_ctype_1                 0x0800021f   Thumb Code     0  libinit2.o(.ARM.Collect$$libinit$$00000013)
    __rt_lib_init_lc_monetary_1              0x0800021f   Thumb Code     0  libinit2.o(.ARM.Collect$$libinit$$00000015)
    __rt_lib_init_lc_numeric_2               0x0800021f   Thumb Code     0  libinit2.o(.ARM.Collect$$libinit$$00000016)
    __rt_lib_init_alloca_1                   0x08000229   Thumb Code     0  libinit2.o(.ARM.Collect$$libinit$$0000002E)
    __rt_lib_init_argv_1                     0x08000229   Thumb Code     0  libinit2.o(.ARM.Collect$$libinit$$0000002C)
    __rt_lib_init_atexit_1                   0x08000229   Thumb Code     0  libinit2.o(.ARM.Collect$$libinit$$0000001B)
    __rt_lib_init_clock_1                    0x08000229   Thumb Code     0  libinit2.o(.ARM.Collect$$libinit$$00000021)
    __rt_lib_init_cpp_1                      0x08000229   Thumb Code     0  libinit2.o(.ARM.Collect$$libinit$$00000032)
    __rt_lib_init_exceptions_1               0x08000229   Thumb Code     0  libinit2.o(.ARM.Collect$$libinit$$00000030)
    __rt_lib_init_fp_trap_1                  0x08000229   Thumb Code     0  libinit2.o(.ARM.Collect$$libinit$$0000001F)
    __rt_lib_init_getenv_1                   0x08000229   Thumb Code     0  libinit2.o(.ARM.Collect$$libinit$$00000023)
    __rt_lib_init_lc_numeric_1               0x08000229   Thumb Code     0  libinit2.o(.ARM.Collect$$libinit$$00000017)
    __rt_lib_init_lc_time_1                  0x08000229   Thumb Code     0  libinit2.o(.ARM.Collect$$libinit$$00000019)
    __rt_lib_init_return                     0x08000229   Thumb Code     0  libinit2.o(.ARM.Collect$$libinit$$00000033)
    __rt_lib_init_signal_1                   0x08000229   Thumb Code     0  libinit2.o(.ARM.Collect$$libinit$$0000001D)
    __rt_lib_init_stdio_1                    0x08000229   Thumb Code     0  libinit2.o(.ARM.Collect$$libinit$$00000025)
    __rt_lib_shutdown                        0x0800022b   Thumb Code     0  libshutdown.o(.ARM.Collect$$libshutdown$$00000000)
    __rt_lib_shutdown_cpp_1                  0x0800022d   Thumb Code     0  libshutdown2.o(.ARM.Collect$$libshutdown$$00000002)
    __rt_lib_shutdown_fp_trap_1              0x0800022d   Thumb Code     0  libshutdown2.o(.ARM.Collect$$libshutdown$$00000007)
    __rt_lib_shutdown_heap_1                 0x0800022d   Thumb Code     0  libshutdown2.o(.ARM.Collect$$libshutdown$$0000000F)
    __rt_lib_shutdown_return                 0x0800022d   Thumb Code     0  libshutdown2.o(.ARM.Collect$$libshutdown$$00000010)
    __rt_lib_shutdown_signal_1               0x0800022d   Thumb Code     0  libshutdown2.o(.ARM.Collect$$libshutdown$$0000000A)
    __rt_lib_shutdown_stdio_1                0x0800022d   Thumb Code     0  libshutdown2.o(.ARM.Collect$$libshutdown$$00000004)
    __rt_lib_shutdown_user_alloc_1           0x0800022d   Thumb Code     0  libshutdown2.o(.ARM.Collect$$libshutdown$$0000000C)
    __rt_entry                               0x0800022f   Thumb Code     0  __rtentry.o(.ARM.Collect$$rtentry$$00000000)
    __rt_entry_presh_1                       0x0800022f   Thumb Code     0  __rtentry2.o(.ARM.Collect$$rtentry$$00000002)
    __rt_entry_sh                            0x0800022f   Thumb Code     0  __rtentry4.o(.ARM.Collect$$rtentry$$00000004)
    __rt_entry_li                            0x08000235   Thumb Code     0  __rtentry2.o(.ARM.Collect$$rtentry$$0000000A)
    __rt_entry_postsh_1                      0x08000235   Thumb Code     0  __rtentry2.o(.ARM.Collect$$rtentry$$00000009)
    __rt_entry_main                          0x08000239   Thumb Code     0  __rtentry2.o(.ARM.Collect$$rtentry$$0000000D)
    __rt_entry_postli_1                      0x08000239   Thumb Code     0  __rtentry2.o(.ARM.Collect$$rtentry$$0000000C)
    __rt_exit                                0x08000241   Thumb Code     0  rtexit.o(.ARM.Collect$$rtexit$$00000000)
    __rt_exit_ls                             0x08000243   Thumb Code     0  rtexit2.o(.ARM.Collect$$rtexit$$00000003)
    __rt_exit_prels_1                        0x08000243   Thumb Code     0  rtexit2.o(.ARM.Collect$$rtexit$$00000002)
    __rt_exit_exit                           0x08000247   Thumb Code     0  rtexit2.o(.ARM.Collect$$rtexit$$00000004)
    Reset_Handler                            0x0800024d   Thumb Code    60  startup_stm32l476xx.o(.text)
    NMI_Handler                              0x08000289   Thumb Code     2  startup_stm32l476xx.o(.text)
    HardFault_Handler                        0x0800028b   Thumb Code     2  startup_stm32l476xx.o(.text)
    MemManage_Handler                        0x0800028d   Thumb Code     2  startup_stm32l476xx.o(.text)
    BusFault_Handler                         0x0800028f   Thumb Code     2  startup_stm32l476xx.o(.text)
    UsageFault_Handler                       0x08000291   Thumb Code     2  startup_stm32l476xx.o(.text)
    SVC_Handler                              0x08000293   Thumb Code     2  startup_stm32l476xx.o(.text)
    DebugMon_Handler                         0x08000295   Thumb Code     2  startup_stm32l476xx.o(.text)
    PendSV_Handler                           0x08000297   Thumb Code     2  startup_stm32l476xx.o(.text)
    ADC1_2_IRQHandler                        0x0800029b   Thumb Code     0  startup_stm32l476xx.o(.text)
    ADC3_IRQHandler                          0x0800029b   Thumb Code     0  startup_stm32l476xx.o(.text)
    CAN1_RX0_IRQHandler                      0x0800029b   Thumb Code     0  startup_stm32l476xx.o(.text)
    CAN1_RX1_IRQHandler                      0x0800029b   Thumb Code     0  startup_stm32l476xx.o(.text)
    CAN1_SCE_IRQHandler                      0x0800029b   Thumb Code     0  startup_stm32l476xx.o(.text)
    CAN1_TX_IRQHandler                       0x0800029b   Thumb Code     0  startup_stm32l476xx.o(.text)
    COMP_IRQHandler                          0x0800029b   Thumb Code     0  startup_stm32l476xx.o(.text)
    DFSDM0_IRQHandler                        0x0800029b   Thumb Code     0  startup_stm32l476xx.o(.text)
    DFSDM1_IRQHandler                        0x0800029b   Thumb Code     0  startup_stm32l476xx.o(.text)
    DFSDM2_IRQHandler                        0x0800029b   Thumb Code     0  startup_stm32l476xx.o(.text)
    DFSDM3_IRQHandler                        0x0800029b   Thumb Code     0  startup_stm32l476xx.o(.text)
    DMA1_Channel1_IRQHandler                 0x0800029b   Thumb Code     0  startup_stm32l476xx.o(.text)
    DMA1_Channel2_IRQHandler                 0x0800029b   Thumb Code     0  startup_stm32l476xx.o(.text)
    DMA1_Channel3_IRQHandler                 0x0800029b   Thumb Code     0  startup_stm32l476xx.o(.text)
    DMA1_Channel4_IRQHandler                 0x0800029b   Thumb Code     0  startup_stm32l476xx.o(.text)
    DMA1_Channel5_IRQHandler                 0x0800029b   Thumb Code     0  startup_stm32l476xx.o(.text)
    DMA1_Channel6_IRQHandler                 0x0800029b   Thumb Code     0  startup_stm32l476xx.o(.text)
    DMA1_Channel7_IRQHandler                 0x0800029b   Thumb Code     0  startup_stm32l476xx.o(.text)
    DMA2_Channel1_IRQHandler                 0x0800029b   Thumb Code     0  startup_stm32l476xx.o(.text)
    DMA2_Channel2_IRQHandler                 0x0800029b   Thumb Code     0  startup_stm32l476xx.o(.text)
    DMA2_Channel3_IRQHandler                 0x0800029b   Thumb Code     0  startup_stm32l476xx.o(.text)
    DMA2_Channel4_IRQHandler                 0x0800029b   Thumb Code     0  startup_stm32l476xx.o(.text)
    DMA2_Channel5_IRQHandler                 0x0800029b   Thumb Code     0  startup_stm32l476xx.o(.text)
    DMA2_Channel6_IRQHandler                 0x0800029b   Thumb Code     0  startup_stm32l476xx.o(.text)
    DMA2_Channel7_IRQHandler                 0x0800029b   Thumb Code     0  startup_stm32l476xx.o(.text)
    EXTI15_10_IRQHandler                     0x0800029b   Thumb Code     0  startup_stm32l476xx.o(.text)
    EXTI4_IRQHandler                         0x0800029b   Thumb Code     0  startup_stm32l476xx.o(.text)
    FLASH_IRQHandler                         0x0800029b   Thumb Code     0  startup_stm32l476xx.o(.text)
    FMC_IRQHandler                           0x0800029b   Thumb Code     0  startup_stm32l476xx.o(.text)
    FPU_IRQHandler                           0x0800029b   Thumb Code     0  startup_stm32l476xx.o(.text)
    I2C1_ER_IRQHandler                       0x0800029b   Thumb Code     0  startup_stm32l476xx.o(.text)
    I2C1_EV_IRQHandler                       0x0800029b   Thumb Code     0  startup_stm32l476xx.o(.text)
    I2C2_ER_IRQHandler                       0x0800029b   Thumb Code     0  startup_stm32l476xx.o(.text)
    I2C2_EV_IRQHandler                       0x0800029b   Thumb Code     0  startup_stm32l476xx.o(.text)
    I2C3_ER_IRQHandler                       0x0800029b   Thumb Code     0  startup_stm32l476xx.o(.text)
    I2C3_EV_IRQHandler                       0x0800029b   Thumb Code     0  startup_stm32l476xx.o(.text)
    LCD_IRQHandler                           0x0800029b   Thumb Code     0  startup_stm32l476xx.o(.text)
    LPTIM1_IRQHandler                        0x0800029b   Thumb Code     0  startup_stm32l476xx.o(.text)
    LPTIM2_IRQHandler                        0x0800029b   Thumb Code     0  startup_stm32l476xx.o(.text)
    LPUART1_IRQHandler                       0x0800029b   Thumb Code     0  startup_stm32l476xx.o(.text)
    OTG_FS_IRQHandler                        0x0800029b   Thumb Code     0  startup_stm32l476xx.o(.text)
    PVD_PVM_IRQHandler                       0x0800029b   Thumb Code     0  startup_stm32l476xx.o(.text)
    QUADSPI_IRQHandler                       0x0800029b   Thumb Code     0  startup_stm32l476xx.o(.text)
    RCC_IRQHandler                           0x0800029b   Thumb Code     0  startup_stm32l476xx.o(.text)
    RNG_IRQHandler                           0x0800029b   Thumb Code     0  startup_stm32l476xx.o(.text)
    RTC_Alarm_IRQHandler                     0x0800029b   Thumb Code     0  startup_stm32l476xx.o(.text)
    RTC_WKUP_IRQHandler                      0x0800029b   Thumb Code     0  startup_stm32l476xx.o(.text)
    SAI1_IRQHandler                          0x0800029b   Thumb Code     0  startup_stm32l476xx.o(.text)
    SAI2_IRQHandler                          0x0800029b   Thumb Code     0  startup_stm32l476xx.o(.text)
    SDMMC1_IRQHandler                        0x0800029b   Thumb Code     0  startup_stm32l476xx.o(.text)
    SPI1_IRQHandler                          0x0800029b   Thumb Code     0  startup_stm32l476xx.o(.text)
    SPI2_IRQHandler                          0x0800029b   Thumb Code     0  startup_stm32l476xx.o(.text)
    SPI3_IRQHandler                          0x0800029b   Thumb Code     0  startup_stm32l476xx.o(.text)
    SWPMI1_IRQHandler                        0x0800029b   Thumb Code     0  startup_stm32l476xx.o(.text)
    TAMP_STAMP_IRQHandler                    0x0800029b   Thumb Code     0  startup_stm32l476xx.o(.text)
    TIM1_BRK_TIM15_IRQHandler                0x0800029b   Thumb Code     0  startup_stm32l476xx.o(.text)
    TIM1_CC_IRQHandler                       0x0800029b   Thumb Code     0  startup_stm32l476xx.o(.text)
    TIM1_TRG_COM_TIM17_IRQHandler            0x0800029b   Thumb Code     0  startup_stm32l476xx.o(.text)
    TIM1_UP_TIM16_IRQHandler                 0x0800029b   Thumb Code     0  startup_stm32l476xx.o(.text)
    TIM2_IRQHandler                          0x0800029b   Thumb Code     0  startup_stm32l476xx.o(.text)
    TIM3_IRQHandler                          0x0800029b   Thumb Code     0  startup_stm32l476xx.o(.text)
    TIM4_IRQHandler                          0x0800029b   Thumb Code     0  startup_stm32l476xx.o(.text)
    TIM5_IRQHandler                          0x0800029b   Thumb Code     0  startup_stm32l476xx.o(.text)
    TIM6_DAC_IRQHandler                      0x0800029b   Thumb Code     0  startup_stm32l476xx.o(.text)
    TIM7_IRQHandler                          0x0800029b   Thumb Code     0  startup_stm32l476xx.o(.text)
    TIM8_BRK_IRQHandler                      0x0800029b   Thumb Code     0  startup_stm32l476xx.o(.text)
    TIM8_CC_IRQHandler                       0x0800029b   Thumb Code     0  startup_stm32l476xx.o(.text)
    TIM8_TRG_COM_IRQHandler                  0x0800029b   Thumb Code     0  startup_stm32l476xx.o(.text)
    TIM8_UP_IRQHandler                       0x0800029b   Thumb Code     0  startup_stm32l476xx.o(.text)
    TSC_IRQHandler                           0x0800029b   Thumb Code     0  startup_stm32l476xx.o(.text)
    UART4_IRQHandler                         0x0800029b   Thumb Code     0  startup_stm32l476xx.o(.text)
    UART5_IRQHandler                         0x0800029b   Thumb Code     0  startup_stm32l476xx.o(.text)
    USART1_IRQHandler                        0x0800029b   Thumb Code     0  startup_stm32l476xx.o(.text)
    USART2_IRQHandler                        0x0800029b   Thumb Code     0  startup_stm32l476xx.o(.text)
    USART3_IRQHandler                        0x0800029b   Thumb Code     0  startup_stm32l476xx.o(.text)
    WWDG_IRQHandler                          0x0800029b   Thumb Code     0  startup_stm32l476xx.o(.text)
    __user_initial_stackheap                 0x0800029d   Thumb Code     0  startup_stm32l476xx.o(.text)
    _printf_str                              0x080002d1   Thumb Code    82  _printf_str.o(.text)
    _printf_int_hex                          0x08000325   Thumb Code    84  _printf_hex_int.o(.text)
    _printf_longlong_hex                     0x08000325   Thumb Code     0  _printf_hex_int.o(.text)
    __use_two_region_memory                  0x0800037d   Thumb Code     2  heapauxi.o(.text)
    __rt_heap_escrow$2region                 0x0800037f   Thumb Code     2  heapauxi.o(.text)
    __rt_heap_expand$2region                 0x08000381   Thumb Code     2  heapauxi.o(.text)
    _printf_int_common                       0x08000383   Thumb Code   178  _printf_intcommon.o(.text)
    _printf_fp_dec_real                      0x080005e5   Thumb Code   620  _printf_fp_dec.o(.text)
    _printf_cs_common                        0x08000857   Thumb Code    20  _printf_char.o(.text)
    _printf_char                             0x0800086b   Thumb Code    16  _printf_char.o(.text)
    _printf_string                           0x0800087b   Thumb Code     8  _printf_char.o(.text)
    __rt_locale                              0x08000885   Thumb Code     8  rt_locale_intlibspace.o(.text)
    _ll_udiv10                               0x0800088d   Thumb Code   138  lludiv10.o(.text)
    _printf_fp_infnan                        0x08000919   Thumb Code   112  _printf_fp_infnan.o(.text)
    _btod_etento                             0x08000999   Thumb Code   224  bigflt0.o(.text)
    __user_libspace                          0x08000a7d   Thumb Code     8  libspace.o(.text)
    __user_perproc_libspace                  0x08000a7d   Thumb Code     0  libspace.o(.text)
    __user_perthread_libspace                0x08000a7d   Thumb Code     0  libspace.o(.text)
    __user_setup_stackheap                   0x08000a85   Thumb Code    74  sys_stackheap_outer.o(.text)
    exit                                     0x08000acf   Thumb Code    18  exit.o(.text)
    strcmp                                   0x08000ae1   Thumb Code   124  strcmpv7em.o(.text)
    _sys_exit                                0x08000b5d   Thumb Code     8  sys_exit.o(.text)
    __I$use$semihosting                      0x08000b69   Thumb Code     0  use_no_semi.o(.text)
    __use_no_semihosting_swi                 0x08000b69   Thumb Code     2  use_no_semi.o(.text)
    __semihosting_library_function           0x08000b6b   Thumb Code     0  indicate_semi.o(.text)
    EXTI0_IRQHandler                         0x08000b6d   Thumb Code    80  interface.o(.text.EXTI0_IRQHandler)
    EXTI1_IRQHandler                         0x08000bbd   Thumb Code    86  interface.o(.text.EXTI1_IRQHandler)
    EXTI2_IRQHandler                         0x08000c15   Thumb Code    88  interface.o(.text.EXTI2_IRQHandler)
    EXTI3_IRQHandler                         0x08000c6d   Thumb Code    44  interface.o(.text.EXTI3_IRQHandler)
    EXTI9_5_IRQHandler                       0x08000c99   Thumb Code   100  interface.o(.text.EXTI9_5_IRQHandler)
    EXTI_Init                                0x08000cfd   Thumb Code   278  interface.o(.text.EXTI_Init)
    LCD_Clear                                0x08000e15   Thumb Code    40  lcd.o(.text.LCD_Clear)
    LCD_Clock_Init                           0x08000e3d   Thumb Code   148  lcd.o(.text.LCD_Clock_Init)
    LCD_Configure                            0x08000ed1   Thumb Code    90  lcd.o(.text.LCD_Configure)
    LCD_Display_Steps                        0x080011e1   Thumb Code   334  lcd.o(.text.LCD_Display_Steps)
    LCD_Display_TOD                          0x08001331   Thumb Code   212  lcd.o(.text.LCD_Display_TOD)
    LCD_Display_Timer                        0x08001405   Thumb Code   294  lcd.o(.text.LCD_Display_Timer)
    LCD_Initialization                       0x0800152d   Thumb Code    20  lcd.o(.text.LCD_Initialization)
    LCD_PIN_Init                             0x08001541   Thumb Code   344  lcd.o(.text.LCD_PIN_Init)
    LCD_WriteChar                            0x08001699   Thumb Code  1264  lcd.o(.text.LCD_WriteChar)
    LCD_bar                                  0x08001b89   Thumb Code   122  lcd.o(.text.LCD_bar)
    SysTick_Handler                          0x08001c05   Thumb Code    82  systick.o(.text.SysTick_Handler)
    SysTick_Initialize                       0x08001c59   Thumb Code    50  systick.o(.text.SysTick_Initialize)
    USART_Delay                              0x08001c8d   Thumb Code     2  uart.o(.text.USART_Delay)
    clockInit                                0x08001ce1   Thumb Code    64  systick.o(.text.clockInit)
    countSteps                               0x08001d21   Thumb Code   100  gyro.o(.text.countSteps)
    drive_LCD                                0x08001d85   Thumb Code    68  interface.o(.text.drive_LCD)
    getZ                                     0x08001dc9   Thumb Code    18  gyro.o(.text.getZ)
    initializeGyro                           0x08001ddd   Thumb Code   158  gyro.o(.text.initializeGyro)
    initializeSPI2                           0x08001e7d   Thumb Code   188  gyro.o(.text.initializeSPI2)
    joystick_Init                            0x08001f39   Thumb Code    64  interface.o(.text.joystick_Init)
    main                                     0x08001f79   Thumb Code    38  main.o(.text.main)
    readGyroLowHigh                          0x08001fa1   Thumb Code    42  gyro.o(.text.readGyroLowHigh)
    readGyroRegister                         0x08001fcd   Thumb Code   110  gyro.o(.text.readGyroRegister)
    scaler                                   0x08002041   Thumb Code    76  gyro.o(.text.scaler)
    timeDown                                 0x0800208d   Thumb Code   122  lcd.o(.text.timeDown)
    timeUp                                   0x08002109   Thumb Code   118  lcd.o(.text.timeUp)
    waitForNotBSY                            0x08002181   Thumb Code    16  gyro.o(.text.waitForNotBSY)
    waitForRXEmpty                           0x08002191   Thumb Code    26  gyro.o(.text.waitForRXEmpty)
    waitForTXE                               0x080021ad   Thumb Code    16  gyro.o(.text.waitForTXE)
    writeGyroRegister                        0x080021bd   Thumb Code    96  gyro.o(.text.writeGyroRegister)
    _btod_d2e                                0x0800221d   Thumb Code    62  btod.o(CL$$btod_d2e)
    _d2e_denorm_low                          0x0800225b   Thumb Code    70  btod.o(CL$$btod_d2e_denorm_low)
    _d2e_norm_op1                            0x080022a1   Thumb Code    96  btod.o(CL$$btod_d2e_norm_op1)
    __btod_div_common                        0x08002301   Thumb Code   696  btod.o(CL$$btod_div_common)
    _e2e                                     0x08002639   Thumb Code   220  btod.o(CL$$btod_e2e)
    _btod_ediv                               0x08002715   Thumb Code    42  btod.o(CL$$btod_ediv)
    _btod_emul                               0x0800273f   Thumb Code    42  btod.o(CL$$btod_emul)
    __btod_mult_common                       0x08002769   Thumb Code   580  btod.o(CL$$btod_mult_common)
    __ARM_fpclassify                         0x080029ad   Thumb Code    48  fpclassify.o(i.__ARM_fpclassify)
    _get_lc_numeric                          0x080029dd   Thumb Code    44  lc_numeric_c.o(locale$$code)
    __aeabi_d2f                              0x08002a09   Thumb Code     0  d2f.o(x$fpl$d2f)
    _d2f                                     0x08002a09   Thumb Code    98  d2f.o(x$fpl$d2f)
    __aeabi_dmul                             0x08002a6d   Thumb Code     0  dmul.o(x$fpl$dmul)
    _dmul                                    0x08002a6d   Thumb Code   332  dmul.o(x$fpl$dmul)
    __fpl_dnaninf                            0x08002bc1   Thumb Code   156  dnaninf.o(x$fpl$dnaninf)
    __fpl_dretinf                            0x08002c5d   Thumb Code    12  dretinf.o(x$fpl$dretinf)
    __aeabi_f2d                              0x08002c69   Thumb Code     0  f2d.o(x$fpl$f2d)
    _f2d                                     0x08002c69   Thumb Code    86  f2d.o(x$fpl$f2d)
    __fpl_fnaninf                            0x08002cbf   Thumb Code   140  fnaninf.o(x$fpl$fnaninf)
    _fp_init                                 0x08002d4b   Thumb Code    26  fpinit.o(x$fpl$fpinit)
    __fplib_config_fpu_vfp                   0x08002d63   Thumb Code     0  fpinit.o(x$fpl$fpinit)
    __fplib_config_pureend_doubles           0x08002d63   Thumb Code     0  fpinit.o(x$fpl$fpinit)
    __fpl_fretinf                            0x08002d65   Thumb Code    10  fretinf.o(x$fpl$fretinf)
    _printf_fp_dec                           0x08002d6f   Thumb Code     4  printf1.o(x$fpl$printf1)
    __I$use$fp                               0x08002d72   Number         0  usenofp.o(x$fpl$usenofp)
    CapLetterMap                             0x08002e30   Data          52  lcd.o(.rodata.CapLetterMap)
    NumberMap                                0x08002e64   Data          20  lcd.o(.rodata.NumberMap)
    Region$$Table$$Base                      0x08002e78   Number         0  anon$$obj.o(Region$$Table)
    Region$$Table$$Limit                     0x08002e98   Number         0  anon$$obj.o(Region$$Table)
    Image$$ER_IROM1$$RO$$Limit               0x08002eb4   Number         0  anon$$obj.o ABSOLUTE
    Image$$ER_IROM1$$RW$$Base                0x08002eb4   Number         0  anon$$obj.o ABSOLUTE
    Image$$ER_IROM1$$RW$$Limit               0x08002eb4   Number         0  anon$$obj.o ABSOLUTE
    Image$$ER_IROM1$$ZI$$Base                0x08002eb4   Number         0  anon$$obj.o ABSOLUTE
    Image$$ER_IROM1$$ZI$$Limit               0x08002eb4   Number         0  anon$$obj.o ABSOLUTE
    Load$$RW_IRAM1$$Base                     0x08002eb8   Number         0  anon$$obj.o ABSOLUTE
    Image$$RW_IRAM1$$Base                    0x20000000   Number         0  anon$$obj.o ABSOLUTE
    Image$$RW_IRAM1$$RO$$Base                0x20000000   Number         0  anon$$obj.o ABSOLUTE
    Image$$RW_IRAM1$$RW$$Base                0x20000000   Number         0  anon$$obj.o ABSOLUTE
    joy_pressed                              0x20000000   Data           4  systick.o(.data.joy_pressed)
    minCount                                 0x20000004   Data           4  systick.o(.data.minCount)
    mornAft                                  0x20000008   Data           1  lcd.o(.data.mornAft)
    Image$$RW_IRAM1$$Limit                   0x20000010   Number         0  anon$$obj.o ABSOLUTE
    Image$$RW_IRAM1$$RW$$Limit               0x20000010   Number         0  anon$$obj.o ABSOLUTE
    Image$$RW_IRAM1$$ZI$$Base                0x20000010   Number         0  anon$$obj.o ABSOLUTE
    __libspace_start                         0x20000010   Data          96  libspace.o(.bss)
    BAR                                      0x20000070   Data           1  lcd.o(.bss.BAR)
    __temporary_stack_top$libspace           0x20000070   Data           0  libspace.o(.bss)
    configuring                              0x20000074   Data           4  systick.o(.bss.configuring)
    min                                      0x2000007c   Data           4  systick.o(.bss.min)
    ms                                       0x20000080   Data           4  systick.o(.bss.ms)
    pos                                      0x20000084   Data           4  systick.o(.bss.pos)
    screen_select                            0x20000088   Data           1  interface.o(.bss.screen_select)
    steps                                    0x2000008c   Data           4  gyro.o(.bss.steps)
    Image$$RW_IRAM1$$ZI$$Limit               0x20000690   Number         0  anon$$obj.o ABSOLUTE



==============================================================================

Memory Map of the image

  Image Entry point : 0x08000189

  Load Region LR_IROM1 (Base: 0x08000000, Size: 0x00002ec8, Max: 0x00100000, ABSOLUTE)

    Execution Region ER_IROM1 (Exec base: 0x08000000, Load base: 0x08000000, Size: 0x00002eb4, Max: 0x00100000, ABSOLUTE)

    Exec Addr    Load Addr    Size         Type   Attr      Idx    E Section Name        Object

    0x08000000   0x08000000   0x00000188   Data   RO          112    RESET               startup_stm32l476xx.o
    0x08000188   0x08000188   0x00000008   Code   RO          248  * !!!main             c_w.l(__main.o)
    0x08000190   0x08000190   0x00000034   Code   RO          492    !!!scatter          c_w.l(__scatter.o)
    0x080001c4   0x080001c4   0x0000001a   Code   RO          494    !!handler_copy      c_w.l(__scatter_copy.o)
    0x080001de   0x080001de   0x00000002   PAD
    0x080001e0   0x080001e0   0x0000001c   Code   RO          496    !!handler_zi        c_w.l(__scatter_zi.o)
    0x080001fc   0x080001fc   0x00000000   Code   RO          245    .ARM.Collect$$_printf_percent$$00000000  c_w.l(_printf_percent.o)
    0x080001fc   0x080001fc   0x00000006   Code   RO          244    .ARM.Collect$$_printf_percent$$00000003  c_w.l(_printf_f.o)
    0x08000202   0x08000202   0x00000006   Code   RO          243    .ARM.Collect$$_printf_percent$$0000000C  c_w.l(_printf_x.o)
    0x08000208   0x08000208   0x00000006   Code   RO          242    .ARM.Collect$$_printf_percent$$00000014  c_w.l(_printf_s.o)
    0x0800020e   0x0800020e   0x00000004   Code   RO          271    .ARM.Collect$$_printf_percent$$00000017  c_w.l(_printf_percent_end.o)
    0x08000212   0x08000212   0x00000002   Code   RO          357    .ARM.Collect$$libinit$$00000000  c_w.l(libinit.o)
    0x08000214   0x08000214   0x00000004   Code   RO          358    .ARM.Collect$$libinit$$00000001  c_w.l(libinit2.o)
    0x08000218   0x08000218   0x00000000   Code   RO          361    .ARM.Collect$$libinit$$00000004  c_w.l(libinit2.o)
    0x08000218   0x08000218   0x00000000   Code   RO          364    .ARM.Collect$$libinit$$0000000A  c_w.l(libinit2.o)
    0x08000218   0x08000218   0x00000000   Code   RO          366    .ARM.Collect$$libinit$$0000000C  c_w.l(libinit2.o)
    0x08000218   0x08000218   0x00000000   Code   RO          368    .ARM.Collect$$libinit$$0000000E  c_w.l(libinit2.o)
    0x08000218   0x08000218   0x00000006   Code   RO          369    .ARM.Collect$$libinit$$0000000F  c_w.l(libinit2.o)
    0x0800021e   0x0800021e   0x00000000   Code   RO          371    .ARM.Collect$$libinit$$00000011  c_w.l(libinit2.o)
    0x0800021e   0x0800021e   0x00000000   Code   RO          373    .ARM.Collect$$libinit$$00000013  c_w.l(libinit2.o)
    0x0800021e   0x0800021e   0x00000000   Code   RO          375    .ARM.Collect$$libinit$$00000015  c_w.l(libinit2.o)
    0x0800021e   0x0800021e   0x0000000a   Code   RO          376    .ARM.Collect$$libinit$$00000016  c_w.l(libinit2.o)
    0x08000228   0x08000228   0x00000000   Code   RO          377    .ARM.Collect$$libinit$$00000017  c_w.l(libinit2.o)
    0x08000228   0x08000228   0x00000000   Code   RO          379    .ARM.Collect$$libinit$$00000019  c_w.l(libinit2.o)
    0x08000228   0x08000228   0x00000000   Code   RO          381    .ARM.Collect$$libinit$$0000001B  c_w.l(libinit2.o)
    0x08000228   0x08000228   0x00000000   Code   RO          383    .ARM.Collect$$libinit$$0000001D  c_w.l(libinit2.o)
    0x08000228   0x08000228   0x00000000   Code   RO          385    .ARM.Collect$$libinit$$0000001F  c_w.l(libinit2.o)
    0x08000228   0x08000228   0x00000000   Code   RO          387    .ARM.Collect$$libinit$$00000021  c_w.l(libinit2.o)
    0x08000228   0x08000228   0x00000000   Code   RO          389    .ARM.Collect$$libinit$$00000023  c_w.l(libinit2.o)
    0x08000228   0x08000228   0x00000000   Code   RO          391    .ARM.Collect$$libinit$$00000025  c_w.l(libinit2.o)
    0x08000228   0x08000228   0x00000000   Code   RO          395    .ARM.Collect$$libinit$$0000002C  c_w.l(libinit2.o)
    0x08000228   0x08000228   0x00000000   Code   RO          397    .ARM.Collect$$libinit$$0000002E  c_w.l(libinit2.o)
    0x08000228   0x08000228   0x00000000   Code   RO          399    .ARM.Collect$$libinit$$00000030  c_w.l(libinit2.o)
    0x08000228   0x08000228   0x00000000   Code   RO          401    .ARM.Collect$$libinit$$00000032  c_w.l(libinit2.o)
    0x08000228   0x08000228   0x00000002   Code   RO          402    .ARM.Collect$$libinit$$00000033  c_w.l(libinit2.o)
    0x0800022a   0x0800022a   0x00000002   Code   RO          438    .ARM.Collect$$libshutdown$$00000000  c_w.l(libshutdown.o)
    0x0800022c   0x0800022c   0x00000000   Code   RO          449    .ARM.Collect$$libshutdown$$00000002  c_w.l(libshutdown2.o)
    0x0800022c   0x0800022c   0x00000000   Code   RO          451    .ARM.Collect$$libshutdown$$00000004  c_w.l(libshutdown2.o)
    0x0800022c   0x0800022c   0x00000000   Code   RO          454    .ARM.Collect$$libshutdown$$00000007  c_w.l(libshutdown2.o)
    0x0800022c   0x0800022c   0x00000000   Code   RO          457    .ARM.Collect$$libshutdown$$0000000A  c_w.l(libshutdown2.o)
    0x0800022c   0x0800022c   0x00000000   Code   RO          459    .ARM.Collect$$libshutdown$$0000000C  c_w.l(libshutdown2.o)
    0x0800022c   0x0800022c   0x00000000   Code   RO          462    .ARM.Collect$$libshutdown$$0000000F  c_w.l(libshutdown2.o)
    0x0800022c   0x0800022c   0x00000002   Code   RO          463    .ARM.Collect$$libshutdown$$00000010  c_w.l(libshutdown2.o)
    0x0800022e   0x0800022e   0x00000000   Code   RO          258    .ARM.Collect$$rtentry$$00000000  c_w.l(__rtentry.o)
    0x0800022e   0x0800022e   0x00000000   Code   RO          282    .ARM.Collect$$rtentry$$00000002  c_w.l(__rtentry2.o)
    0x0800022e   0x0800022e   0x00000006   Code   RO          294    .ARM.Collect$$rtentry$$00000004  c_w.l(__rtentry4.o)
    0x08000234   0x08000234   0x00000000   Code   RO          284    .ARM.Collect$$rtentry$$00000009  c_w.l(__rtentry2.o)
    0x08000234   0x08000234   0x00000004   Code   RO          285    .ARM.Collect$$rtentry$$0000000A  c_w.l(__rtentry2.o)
    0x08000238   0x08000238   0x00000000   Code   RO          287    .ARM.Collect$$rtentry$$0000000C  c_w.l(__rtentry2.o)
    0x08000238   0x08000238   0x00000008   Code   RO          288    .ARM.Collect$$rtentry$$0000000D  c_w.l(__rtentry2.o)
    0x08000240   0x08000240   0x00000002   Code   RO          403    .ARM.Collect$$rtexit$$00000000  c_w.l(rtexit.o)
    0x08000242   0x08000242   0x00000000   Code   RO          412    .ARM.Collect$$rtexit$$00000002  c_w.l(rtexit2.o)
    0x08000242   0x08000242   0x00000004   Code   RO          413    .ARM.Collect$$rtexit$$00000003  c_w.l(rtexit2.o)
    0x08000246   0x08000246   0x00000006   Code   RO          414    .ARM.Collect$$rtexit$$00000004  c_w.l(rtexit2.o)
    0x0800024c   0x0800024c   0x00000084   Code   RO          113    .text               startup_stm32l476xx.o
    0x080002d0   0x080002d0   0x00000052   Code   RO          199    .text               c_w.l(_printf_str.o)
    0x08000322   0x08000322   0x00000002   PAD
    0x08000324   0x08000324   0x00000058   Code   RO          204    .text               c_w.l(_printf_hex_int.o)
    0x0800037c   0x0800037c   0x00000006   Code   RO          246    .text               c_w.l(heapauxi.o)
    0x08000382   0x08000382   0x000000b2   Code   RO          259    .text               c_w.l(_printf_intcommon.o)
    0x08000434   0x08000434   0x00000422   Code   RO          261    .text               c_w.l(_printf_fp_dec.o)
    0x08000856   0x08000856   0x0000002c   Code   RO          269    .text               c_w.l(_printf_char.o)
    0x08000882   0x08000882   0x00000002   PAD
    0x08000884   0x08000884   0x00000008   Code   RO          299    .text               c_w.l(rt_locale_intlibspace.o)
    0x0800088c   0x0800088c   0x0000008a   Code   RO          301    .text               c_w.l(lludiv10.o)
    0x08000916   0x08000916   0x00000002   PAD
    0x08000918   0x08000918   0x00000080   Code   RO          303    .text               c_w.l(_printf_fp_infnan.o)
    0x08000998   0x08000998   0x000000e4   Code   RO          307    .text               c_w.l(bigflt0.o)
    0x08000a7c   0x08000a7c   0x00000008   Code   RO          341    .text               c_w.l(libspace.o)
    0x08000a84   0x08000a84   0x0000004a   Code   RO          344    .text               c_w.l(sys_stackheap_outer.o)
    0x08000ace   0x08000ace   0x00000012   Code   RO          348    .text               c_w.l(exit.o)
    0x08000ae0   0x08000ae0   0x0000007c   Code   RO          350    .text               c_w.l(strcmpv7em.o)
    0x08000b5c   0x08000b5c   0x0000000c   Code   RO          424    .text               c_w.l(sys_exit.o)
    0x08000b68   0x08000b68   0x00000002   Code   RO          439    .text               c_w.l(use_no_semi.o)
    0x08000b6a   0x08000b6a   0x00000000   Code   RO          441    .text               c_w.l(indicate_semi.o)
    0x08000b6a   0x08000b6a   0x00000002   PAD
    0x08000b6c   0x08000b6c   0x00000050   Code   RO          129    .text.EXTI0_IRQHandler  interface.o
    0x08000bbc   0x08000bbc   0x00000056   Code   RO          133    .text.EXTI1_IRQHandler  interface.o
    0x08000c12   0x08000c12   0x00000002   PAD
    0x08000c14   0x08000c14   0x00000058   Code   RO          135    .text.EXTI2_IRQHandler  interface.o
    0x08000c6c   0x08000c6c   0x0000002c   Code   RO          137    .text.EXTI3_IRQHandler  interface.o
    0x08000c98   0x08000c98   0x00000064   Code   RO          139    .text.EXTI9_5_IRQHandler  interface.o
    0x08000cfc   0x08000cfc   0x00000116   Code   RO          123    .text.EXTI_Init     interface.o
    0x08000e12   0x08000e12   0x00000002   PAD
    0x08000e14   0x08000e14   0x00000028   Code   RO          174    .text.LCD_Clear     lcd.o
    0x08000e3c   0x08000e3c   0x00000094   Code   RO          172    .text.LCD_Clock_Init  lcd.o
    0x08000ed0   0x08000ed0   0x0000005a   Code   RO          154    .text.LCD_Configure  lcd.o
    0x08000f2a   0x08000f2a   0x00000002   PAD
    0x08000f2c   0x08000f2c   0x000002b4   Code   RO          178    .text.LCD_Conv_Char_Seg  lcd.o
    0x080011e0   0x080011e0   0x0000014e   Code   RO          162    .text.LCD_Display_Steps  lcd.o
    0x0800132e   0x0800132e   0x00000002   PAD
    0x08001330   0x08001330   0x000000d4   Code   RO          164    .text.LCD_Display_TOD  lcd.o
    0x08001404   0x08001404   0x00000126   Code   RO          160    .text.LCD_Display_Timer  lcd.o
    0x0800152a   0x0800152a   0x00000002   PAD
    0x0800152c   0x0800152c   0x00000014   Code   RO          170    .text.LCD_Initialization  lcd.o
    0x08001540   0x08001540   0x00000158   Code   RO          152    .text.LCD_PIN_Init  lcd.o
    0x08001698   0x08001698   0x000004f0   Code   RO          158    .text.LCD_WriteChar  lcd.o
    0x08001b88   0x08001b88   0x0000007a   Code   RO          176    .text.LCD_bar       lcd.o
    0x08001c02   0x08001c02   0x00000002   PAD
    0x08001c04   0x08001c04   0x00000052   Code   RO           61    .text.SysTick_Handler  systick.o
    0x08001c56   0x08001c56   0x00000002   PAD
    0x08001c58   0x08001c58   0x00000032   Code   RO           57    .text.SysTick_Initialize  systick.o
    0x08001c8a   0x08001c8a   0x00000002   PAD
    0x08001c8c   0x08001c8c   0x00000002   Code   RO           89    .text.USART_Delay   uart.o
    0x08001c8e   0x08001c8e   0x00000002   PAD
    0x08001c90   0x08001c90   0x00000016   Code   RO          131    .text.__NVIC_ClearPendingIRQ  interface.o
    0x08001ca6   0x08001ca6   0x00000002   PAD
    0x08001ca8   0x08001ca8   0x00000016   Code   RO          127    .text.__NVIC_EnableIRQ  interface.o
    0x08001cbe   0x08001cbe   0x00000002   PAD
    0x08001cc0   0x08001cc0   0x0000000e   Code   RO           59    .text.__NVIC_SetPriority  systick.o
    0x08001cce   0x08001cce   0x00000002   PAD
    0x08001cd0   0x08001cd0   0x00000010   Code   RO          125    .text.__NVIC_SetPriority  interface.o
    0x08001ce0   0x08001ce0   0x00000040   Code   RO           63    .text.clockInit     systick.o
    0x08001d20   0x08001d20   0x00000064   Code   RO           43    .text.countSteps    gyro.o
    0x08001d84   0x08001d84   0x00000044   Code   RO          141    .text.drive_LCD     interface.o
    0x08001dc8   0x08001dc8   0x00000012   Code   RO           37    .text.getZ          gyro.o
    0x08001dda   0x08001dda   0x00000002   PAD
    0x08001ddc   0x08001ddc   0x0000009e   Code   RO           25    .text.initializeGyro  gyro.o
    0x08001e7a   0x08001e7a   0x00000002   PAD
    0x08001e7c   0x08001e7c   0x000000bc   Code   RO           23    .text.initializeSPI2  gyro.o
    0x08001f38   0x08001f38   0x00000040   Code   RO          121    .text.joystick_Init  interface.o
    0x08001f78   0x08001f78   0x00000026   Code   RO            2    .text.main          main.o
    0x08001f9e   0x08001f9e   0x00000002   PAD
    0x08001fa0   0x08001fa0   0x0000002a   Code   RO           29    .text.readGyroLowHigh  gyro.o
    0x08001fca   0x08001fca   0x00000002   PAD
    0x08001fcc   0x08001fcc   0x0000006e   Code   RO           19    .text.readGyroRegister  gyro.o
    0x0800203a   0x0800203a   0x00000006   PAD
    0x08002040   0x08002040   0x0000004c   Code   RO           31    .text.scaler        gyro.o
    0x0800208c   0x0800208c   0x0000007a   Code   RO          168    .text.timeDown      lcd.o
    0x08002106   0x08002106   0x00000002   PAD
    0x08002108   0x08002108   0x00000076   Code   RO          166    .text.timeUp        lcd.o
    0x0800217e   0x0800217e   0x00000002   PAD
    0x08002180   0x08002180   0x00000010   Code   RO           13    .text.waitForNotBSY  gyro.o
    0x08002190   0x08002190   0x0000001a   Code   RO           17    .text.waitForRXEmpty  gyro.o
    0x080021aa   0x080021aa   0x00000002   PAD
    0x080021ac   0x080021ac   0x00000010   Code   RO           15    .text.waitForTXE    gyro.o
    0x080021bc   0x080021bc   0x00000060   Code   RO           21    .text.writeGyroRegister  gyro.o
    0x0800221c   0x0800221c   0x0000003e   Code   RO          310    CL$$btod_d2e        c_w.l(btod.o)
    0x0800225a   0x0800225a   0x00000046   Code   RO          312    CL$$btod_d2e_denorm_low  c_w.l(btod.o)
    0x080022a0   0x080022a0   0x00000060   Code   RO          311    CL$$btod_d2e_norm_op1  c_w.l(btod.o)
    0x08002300   0x08002300   0x00000338   Code   RO          320    CL$$btod_div_common  c_w.l(btod.o)
    0x08002638   0x08002638   0x000000dc   Code   RO          317    CL$$btod_e2e        c_w.l(btod.o)
    0x08002714   0x08002714   0x0000002a   Code   RO          314    CL$$btod_ediv       c_w.l(btod.o)
    0x0800273e   0x0800273e   0x0000002a   Code   RO          313    CL$$btod_emul       c_w.l(btod.o)
    0x08002768   0x08002768   0x00000244   Code   RO          319    CL$$btod_mult_common  c_w.l(btod.o)
    0x080029ac   0x080029ac   0x00000030   Code   RO          339    i.__ARM_fpclassify  m_wm.l(fpclassify.o)
    0x080029dc   0x080029dc   0x0000002c   Code   RO          335    locale$$code        c_w.l(lc_numeric_c.o)
    0x08002a08   0x08002a08   0x00000062   Code   RO          250    x$fpl$d2f           fz_wm.l(d2f.o)
    0x08002a6a   0x08002a6a   0x00000002   PAD
    0x08002a6c   0x08002a6c   0x00000154   Code   RO          252    x$fpl$dmul          fz_wm.l(dmul.o)
    0x08002bc0   0x08002bc0   0x0000009c   Code   RO          272    x$fpl$dnaninf       fz_wm.l(dnaninf.o)
    0x08002c5c   0x08002c5c   0x0000000c   Code   RO          274    x$fpl$dretinf       fz_wm.l(dretinf.o)
    0x08002c68   0x08002c68   0x00000056   Code   RO          254    x$fpl$f2d           fz_wm.l(f2d.o)
    0x08002cbe   0x08002cbe   0x0000008c   Code   RO          276    x$fpl$fnaninf       fz_wm.l(fnaninf.o)
    0x08002d4a   0x08002d4a   0x0000001a   Code   RO          409    x$fpl$fpinit        fz_wm.l(fpinit.o)
    0x08002d64   0x08002d64   0x0000000a   Code   RO          278    x$fpl$fretinf       fz_wm.l(fretinf.o)
    0x08002d6e   0x08002d6e   0x00000004   Code   RO          256    x$fpl$printf1       fz_wm.l(printf1.o)
    0x08002d72   0x08002d72   0x00000000   Code   RO          280    x$fpl$usenofp       fz_wm.l(usenofp.o)
    0x08002d72   0x08002d72   0x00000028   Data   RO          205    .constdata          c_w.l(_printf_hex_int.o)
    0x08002d9a   0x08002d9a   0x00000002   PAD
    0x08002d9c   0x08002d9c   0x00000094   Data   RO          308    .constdata          c_w.l(bigflt0.o)
    0x08002e30   0x08002e30   0x00000034   Data   RO          181    .rodata.CapLetterMap  lcd.o
    0x08002e64   0x08002e64   0x00000014   Data   RO          182    .rodata.NumberMap   lcd.o
    0x08002e78   0x08002e78   0x00000020   Data   RO          491    Region$$Table       anon$$obj.o
    0x08002e98   0x08002e98   0x0000001c   Data   RO          334    locale$$data        c_w.l(lc_numeric_c.o)


    Execution Region RW_IRAM1 (Exec base: 0x20000000, Load base: 0x08002eb8, Size: 0x00000690, Max: 0x00018000, ABSOLUTE)

    Exec Addr    Load Addr    Size         Type   Attr      Idx    E Section Name        Object

    0x20000000   0x08002eb8   0x00000004   Data   RW           65    .data.joy_pressed   systick.o
    0x20000004   0x08002ebc   0x00000004   Data   RW           66    .data.minCount      systick.o
    0x20000008   0x08002ec0   0x00000001   Data   RW          180    .data.mornAft       lcd.o
    0x20000009   0x08002ec1   0x00000007   PAD
    0x20000010        -       0x00000060   Zero   RW          342    .bss                c_w.l(libspace.o)
    0x20000070        -       0x00000001   Zero   RW          183    .bss.BAR            lcd.o
    0x20000071   0x08002ec1   0x00000003   PAD
    0x20000074        -       0x00000004   Zero   RW           67    .bss.configuring    systick.o
    0x20000078        -       0x00000001   Zero   RW           47    .bss.lookingForNeg  gyro.o
    0x20000079   0x08002ec1   0x00000003   PAD
    0x2000007c        -       0x00000004   Zero   RW           69    .bss.min            systick.o
    0x20000080        -       0x00000004   Zero   RW           68    .bss.ms             systick.o
    0x20000084        -       0x00000004   Zero   RW           70    .bss.pos            systick.o
    0x20000088        -       0x00000001   Zero   RW          143    .bss.screen_select  interface.o
    0x20000089   0x08002ec1   0x00000003   PAD
    0x2000008c        -       0x00000004   Zero   RW           48    .bss.steps          gyro.o
    0x20000090        -       0x00000200   Zero   RW          111    HEAP                startup_stm32l476xx.o
    0x20000290        -       0x00000400   Zero   RW          110    STACK               startup_stm32l476xx.o


==============================================================================

Image component sizes


      Code (inc. data)   RO Data    RW Data    ZI Data      Debug   Object Name

       846         28          0          0          5       6741   gyro.o
       868          0          0          0          1       6661   interface.o
      3800        460         72          1          1       8713   lcd.o
        38          0          0          0          0        337   main.o
       132         42        392          0       1536        844   startup_stm32l476xx.o
       210          0          0          8         16       5214   systick.o
         2          0          0          0          0       3386   uart.o

    ----------------------------------------------------------------------
      5940        530        496         12       1572      31896   Object Totals
         0          0         32          0          0          0   (incl. Generated)
        44          0          0          3         13          0   (incl. Padding)

    ----------------------------------------------------------------------

      Code (inc. data)   RO Data    RW Data    ZI Data      Debug   Library Member Name

         8          0          0          0          0         68   __main.o
         0          0          0          0          0          0   __rtentry.o
        12          0          0          0          0          0   __rtentry2.o
         6          0          0          0          0          0   __rtentry4.o
        52          8          0          0          0          0   __scatter.o
        26          0          0          0          0          0   __scatter_copy.o
        28          0          0          0          0          0   __scatter_zi.o
        44          0          0          0          0        108   _printf_char.o
         6          0          0          0          0          0   _printf_f.o
      1058          0          0          0          0        148   _printf_fp_dec.o
       128         16          0          0          0         84   _printf_fp_infnan.o
        88          4         40          0          0         88   _printf_hex_int.o
       178          0          0          0          0         88   _printf_intcommon.o
         0          0          0          0          0          0   _printf_percent.o
         4          0          0          0          0          0   _printf_percent_end.o
         6          0          0          0          0          0   _printf_s.o
        82          0          0          0          0         80   _printf_str.o
         6          0          0          0          0          0   _printf_x.o
       228          4        148          0          0         96   bigflt0.o
      1936        128          0          0          0        668   btod.o
        18          0          0          0          0         80   exit.o
         6          0          0          0          0        152   heapauxi.o
         0          0          0          0          0          0   indicate_semi.o
        44         10         28          0          0         76   lc_numeric_c.o
         2          0          0          0          0          0   libinit.o
        22          0          0          0          0          0   libinit2.o
         2          0          0          0          0          0   libshutdown.o
         2          0          0          0          0          0   libshutdown2.o
         8          4          0          0         96         68   libspace.o
       138          0          0          0          0         80   lludiv10.o
         8          4          0          0          0         68   rt_locale_intlibspace.o
         2          0          0          0          0          0   rtexit.o
        10          0          0          0          0          0   rtexit2.o
       124          0          0          0          0         88   strcmpv7em.o
        12          4          0          0          0         68   sys_exit.o
        74          0          0          0          0         80   sys_stackheap_outer.o
         2          0          0          0          0         68   use_no_semi.o
        98          4          0          0          0        140   d2f.o
       340         12          0          0          0        152   dmul.o
       156          4          0          0          0        140   dnaninf.o
        12          0          0          0          0        116   dretinf.o
        86          4          0          0          0        132   f2d.o
       140          4          0          0          0        132   fnaninf.o
        26          0          0          0          0        116   fpinit.o
        10          0          0          0          0        116   fretinf.o
         4          0          0          0          0        116   printf1.o
         0          0          0          0          0          0   usenofp.o
        48          0          0          0          0        124   fpclassify.o

    ----------------------------------------------------------------------
      5302        210        218          0         96       3540   Library Totals
        12          0          2          0          0          0   (incl. Padding)

    ----------------------------------------------------------------------

      Code (inc. data)   RO Data    RW Data    ZI Data      Debug   Library Name

      4370        182        216          0         96       2256   c_w.l
       872         28          0          0          0       1160   fz_wm.l
        48          0          0          0          0        124   m_wm.l

    ----------------------------------------------------------------------
      5302        210        218          0         96       3540   Library Totals

    ----------------------------------------------------------------------

==============================================================================


      Code (inc. data)   RO Data    RW Data    ZI Data      Debug   

     11242        740        714         12       1668      33392   Grand Totals
     11242        740        714         12       1668      33392   ELF Image Totals
     11242        740        714         12          0          0   ROM Totals

==============================================================================

    Total RO  Size (Code + RO Data)                11956 (  11.68kB)
    Total RW  Size (RW Data + ZI Data)              1680 (   1.64kB)
    Total ROM Size (Code + RO Data + RW Data)      11968 (  11.69kB)

==============================================================================

